

================================================================
== Vivado HLS Report for 'dense_latency_0_0_0_s'
================================================================
* Date:           Tue Dec  1 14:48:12 2020

* Version:        2020.1 (Build 2897737 on Wed May 27 20:21:37 MDT 2020)
* Project:        filtering_network_prj
* Solution:       solution1
* Product family: kintexu
* Target device:  xcku115-flvb2104-2-i


================================================================
== Performance Estimates
================================================================
+ Timing: 
    * Summary: 
    +--------+----------+----------+------------+
    |  Clock |  Target  | Estimated| Uncertainty|
    +--------+----------+----------+------------+
    |ap_clk  | 12.50 ns | 7.596 ns |   1.56 ns  |
    +--------+----------+----------+------------+

+ Latency: 
    * Summary: 
    +---------+---------+----------+----------+-----+-----+----------+
    |  Latency (cycles) |  Latency (absolute) |  Interval | Pipeline |
    |   min   |   max   |    min   |    max   | min | max |   Type   |
    +---------+---------+----------+----------+-----+-----+----------+
    |        0|        0|   0 ns   |   0 ns   |    1|    1| function |
    +---------+---------+----------+----------+-----+-----+----------+

    + Detail: 
        * Instance: 
        +------------------------------------+---------+---------+---------+----------+----------+-----+-----+----------+
        |                                    |         |  Latency (cycles) |  Latency (absolute) |  Interval | Pipeline |
        |              Instance              |  Module |   min   |   max   |    min   |    max   | min | max |   Type   |
        +------------------------------------+---------+---------+---------+----------+----------+-----+-----+----------+
        |mult_0_V_product_fu_282             |product  |        0|        0|   0 ns   |   0 ns   |    1|    1| function |
        |mult_5_V_product_fu_290             |product  |        0|        0|   0 ns   |   0 ns   |    1|    1| function |
        |mult_6_V_product_fu_298             |product  |        0|        0|   0 ns   |   0 ns   |    1|    1| function |
        |mult_12_V_product_fu_306            |product  |        0|        0|   0 ns   |   0 ns   |    1|    1| function |
        |mult_13_V_product_fu_314            |product  |        0|        0|   0 ns   |   0 ns   |    1|    1| function |
        |mult_16_V_product_fu_322            |product  |        0|        0|   0 ns   |   0 ns   |    1|    1| function |
        |mult_17_V_product_fu_330            |product  |        0|        0|   0 ns   |   0 ns   |    1|    1| function |
        |mult_18_V_product_fu_338            |product  |        0|        0|   0 ns   |   0 ns   |    1|    1| function |
        |mult_19_V_product_fu_346            |product  |        0|        0|   0 ns   |   0 ns   |    1|    1| function |
        |mult_22_V_product_fu_354            |product  |        0|        0|   0 ns   |   0 ns   |    1|    1| function |
        |mult_23_V_product_fu_362            |product  |        0|        0|   0 ns   |   0 ns   |    1|    1| function |
        |mult_25_V_product_fu_370            |product  |        0|        0|   0 ns   |   0 ns   |    1|    1| function |
        |mult_31_V_product_fu_378            |product  |        0|        0|   0 ns   |   0 ns   |    1|    1| function |
        |mult_32_V_product_fu_386            |product  |        0|        0|   0 ns   |   0 ns   |    1|    1| function |
        |mult_33_V_product_fu_394            |product  |        0|        0|   0 ns   |   0 ns   |    1|    1| function |
        |mult_34_V_product_fu_402            |product  |        0|        0|   0 ns   |   0 ns   |    1|    1| function |
        |mult_37_V_product_fu_410            |product  |        0|        0|   0 ns   |   0 ns   |    1|    1| function |
        |mult_43_V_product_fu_418            |product  |        0|        0|   0 ns   |   0 ns   |    1|    1| function |
        |mult_48_V_product_fu_426            |product  |        0|        0|   0 ns   |   0 ns   |    1|    1| function |
        |mult_51_V_product_fu_434            |product  |        0|        0|   0 ns   |   0 ns   |    1|    1| function |
        |mult_57_V_product_fu_442            |product  |        0|        0|   0 ns   |   0 ns   |    1|    1| function |
        |mult_58_V_product_fu_450            |product  |        0|        0|   0 ns   |   0 ns   |    1|    1| function |
        |mult_59_V_product_fu_458            |product  |        0|        0|   0 ns   |   0 ns   |    1|    1| function |
        |mult_63_V_product_fu_466            |product  |        0|        0|   0 ns   |   0 ns   |    1|    1| function |
        |mult_64_V_product_fu_474            |product  |        0|        0|   0 ns   |   0 ns   |    1|    1| function |
        |mult_68_V_product_fu_482            |product  |        0|        0|   0 ns   |   0 ns   |    1|    1| function |
        |mult_69_V_product_fu_490            |product  |        0|        0|   0 ns   |   0 ns   |    1|    1| function |
        |mult_70_V_product_fu_498            |product  |        0|        0|   0 ns   |   0 ns   |    1|    1| function |
        |mult_76_V_product_fu_506            |product  |        0|        0|   0 ns   |   0 ns   |    1|    1| function |
        |mult_80_V_product_fu_514            |product  |        0|        0|   0 ns   |   0 ns   |    1|    1| function |
        |mult_82_V_product_fu_522            |product  |        0|        0|   0 ns   |   0 ns   |    1|    1| function |
        |mult_89_V_product_fu_530            |product  |        0|        0|   0 ns   |   0 ns   |    1|    1| function |
        |mult_91_V_product_fu_538            |product  |        0|        0|   0 ns   |   0 ns   |    1|    1| function |
        |mult_92_V_product_fu_546            |product  |        0|        0|   0 ns   |   0 ns   |    1|    1| function |
        |mult_93_V_product_fu_554            |product  |        0|        0|   0 ns   |   0 ns   |    1|    1| function |
        |mult_96_V_product_fu_562            |product  |        0|        0|   0 ns   |   0 ns   |    1|    1| function |
        |mult_97_V_product_fu_570            |product  |        0|        0|   0 ns   |   0 ns   |    1|    1| function |
        |mult_98_V_product_fu_578            |product  |        0|        0|   0 ns   |   0 ns   |    1|    1| function |
        |mult_100_V_product_fu_586           |product  |        0|        0|   0 ns   |   0 ns   |    1|    1| function |
        |mult_101_V_product_fu_594           |product  |        0|        0|   0 ns   |   0 ns   |    1|    1| function |
        |mult_103_V_product_fu_602           |product  |        0|        0|   0 ns   |   0 ns   |    1|    1| function |
        |mult_104_V_product_fu_610           |product  |        0|        0|   0 ns   |   0 ns   |    1|    1| function |
        |mult_106_V_product_fu_618           |product  |        0|        0|   0 ns   |   0 ns   |    1|    1| function |
        |mult_107_V_product_fu_626           |product  |        0|        0|   0 ns   |   0 ns   |    1|    1| function |
        |mult_112_V_product_fu_634           |product  |        0|        0|   0 ns   |   0 ns   |    1|    1| function |
        |mult_120_V_product_fu_642           |product  |        0|        0|   0 ns   |   0 ns   |    1|    1| function |
        |mult_124_V_product_fu_650           |product  |        0|        0|   0 ns   |   0 ns   |    1|    1| function |
        |mult_125_V_product_fu_658           |product  |        0|        0|   0 ns   |   0 ns   |    1|    1| function |
        |mult_128_V_product_fu_666           |product  |        0|        0|   0 ns   |   0 ns   |    1|    1| function |
        |mult_129_V_product_fu_674           |product  |        0|        0|   0 ns   |   0 ns   |    1|    1| function |
        |mult_135_V_product_fu_682           |product  |        0|        0|   0 ns   |   0 ns   |    1|    1| function |
        |mult_138_V_product_fu_690           |product  |        0|        0|   0 ns   |   0 ns   |    1|    1| function |
        |mult_140_V_product_fu_698           |product  |        0|        0|   0 ns   |   0 ns   |    1|    1| function |
        |mult_141_V_product_fu_706           |product  |        0|        0|   0 ns   |   0 ns   |    1|    1| function |
        |mult_144_V_product_fu_714           |product  |        0|        0|   0 ns   |   0 ns   |    1|    1| function |
        |mult_145_V_product_fu_722           |product  |        0|        0|   0 ns   |   0 ns   |    1|    1| function |
        |mult_146_V_product_fu_730           |product  |        0|        0|   0 ns   |   0 ns   |    1|    1| function |
        |mult_147_V_product_fu_738           |product  |        0|        0|   0 ns   |   0 ns   |    1|    1| function |
        |mult_149_V_product_fu_746           |product  |        0|        0|   0 ns   |   0 ns   |    1|    1| function |
        |mult_151_V_product_fu_754           |product  |        0|        0|   0 ns   |   0 ns   |    1|    1| function |
        |mult_156_V_product_fu_762           |product  |        0|        0|   0 ns   |   0 ns   |    1|    1| function |
        |mult_157_V_product_fu_770           |product  |        0|        0|   0 ns   |   0 ns   |    1|    1| function |
        |mult_159_V_product_fu_778           |product  |        0|        0|   0 ns   |   0 ns   |    1|    1| function |
        |mult_160_V_product_fu_786           |product  |        0|        0|   0 ns   |   0 ns   |    1|    1| function |
        |mult_161_V_product_fu_794           |product  |        0|        0|   0 ns   |   0 ns   |    1|    1| function |
        |mult_163_V_product_fu_802           |product  |        0|        0|   0 ns   |   0 ns   |    1|    1| function |
        |mult_167_V_product_fu_810           |product  |        0|        0|   0 ns   |   0 ns   |    1|    1| function |
        |mult_169_V_product_fu_818           |product  |        0|        0|   0 ns   |   0 ns   |    1|    1| function |
        |mult_171_V_product_fu_826           |product  |        0|        0|   0 ns   |   0 ns   |    1|    1| function |
        |mult_174_V_product_fu_834           |product  |        0|        0|   0 ns   |   0 ns   |    1|    1| function |
        |mult_175_V_product_fu_842           |product  |        0|        0|   0 ns   |   0 ns   |    1|    1| function |
        |mult_176_V_product_fu_850           |product  |        0|        0|   0 ns   |   0 ns   |    1|    1| function |
        |mult_177_V_product_fu_858           |product  |        0|        0|   0 ns   |   0 ns   |    1|    1| function |
        |mult_180_V_product_fu_866           |product  |        0|        0|   0 ns   |   0 ns   |    1|    1| function |
        |mult_181_V_product_fu_874           |product  |        0|        0|   0 ns   |   0 ns   |    1|    1| function |
        |mult_183_V_product_fu_882           |product  |        0|        0|   0 ns   |   0 ns   |    1|    1| function |
        |mult_190_V_product_fu_890           |product  |        0|        0|   0 ns   |   0 ns   |    1|    1| function |
        |mult_191_V_product_fu_898           |product  |        0|        0|   0 ns   |   0 ns   |    1|    1| function |
        |mult_192_V_product_fu_906           |product  |        0|        0|   0 ns   |   0 ns   |    1|    1| function |
        |mult_193_V_product_fu_914           |product  |        0|        0|   0 ns   |   0 ns   |    1|    1| function |
        |mult_194_V_product_fu_922           |product  |        0|        0|   0 ns   |   0 ns   |    1|    1| function |
        |mult_195_V_product_fu_930           |product  |        0|        0|   0 ns   |   0 ns   |    1|    1| function |
        |mult_198_V_product_fu_938           |product  |        0|        0|   0 ns   |   0 ns   |    1|    1| function |
        |mult_199_V_product_fu_946           |product  |        0|        0|   0 ns   |   0 ns   |    1|    1| function |
        |mult_201_V_product_fu_954           |product  |        0|        0|   0 ns   |   0 ns   |    1|    1| function |
        |mult_202_V_product_fu_962           |product  |        0|        0|   0 ns   |   0 ns   |    1|    1| function |
        |mult_204_V_product_fu_970           |product  |        0|        0|   0 ns   |   0 ns   |    1|    1| function |
        |mult_206_V_product_fu_978           |product  |        0|        0|   0 ns   |   0 ns   |    1|    1| function |
        |mult_207_V_product_fu_986           |product  |        0|        0|   0 ns   |   0 ns   |    1|    1| function |
        |mult_208_V_product_fu_994           |product  |        0|        0|   0 ns   |   0 ns   |    1|    1| function |
        |mult_212_V_product_fu_1002          |product  |        0|        0|   0 ns   |   0 ns   |    1|    1| function |
        |mult_214_V_product_fu_1010          |product  |        0|        0|   0 ns   |   0 ns   |    1|    1| function |
        |mult_216_V_product_fu_1018          |product  |        0|        0|   0 ns   |   0 ns   |    1|    1| function |
        |mult_219_V_product_fu_1026          |product  |        0|        0|   0 ns   |   0 ns   |    1|    1| function |
        |mult_220_V_product_fu_1034          |product  |        0|        0|   0 ns   |   0 ns   |    1|    1| function |
        |mult_221_V_product_fu_1042          |product  |        0|        0|   0 ns   |   0 ns   |    1|    1| function |
        |mult_224_V_product_fu_1050          |product  |        0|        0|   0 ns   |   0 ns   |    1|    1| function |
        |mult_225_V_product_fu_1058          |product  |        0|        0|   0 ns   |   0 ns   |    1|    1| function |
        |mult_228_V_product_fu_1066          |product  |        0|        0|   0 ns   |   0 ns   |    1|    1| function |
        |mult_229_V_product_fu_1074          |product  |        0|        0|   0 ns   |   0 ns   |    1|    1| function |
        |mult_230_V_product_fu_1082          |product  |        0|        0|   0 ns   |   0 ns   |    1|    1| function |
        |mult_233_V_product_fu_1090          |product  |        0|        0|   0 ns   |   0 ns   |    1|    1| function |
        |mult_237_V_product_fu_1098          |product  |        0|        0|   0 ns   |   0 ns   |    1|    1| function |
        |mult_240_V_product_fu_1106          |product  |        0|        0|   0 ns   |   0 ns   |    1|    1| function |
        |mult_241_V_product_fu_1114          |product  |        0|        0|   0 ns   |   0 ns   |    1|    1| function |
        |mult_242_V_product_fu_1122          |product  |        0|        0|   0 ns   |   0 ns   |    1|    1| function |
        |mult_243_V_product_fu_1130          |product  |        0|        0|   0 ns   |   0 ns   |    1|    1| function |
        |mult_244_V_product_fu_1138          |product  |        0|        0|   0 ns   |   0 ns   |    1|    1| function |
        |mult_245_V_product_fu_1146          |product  |        0|        0|   0 ns   |   0 ns   |    1|    1| function |
        |mult_246_V_product_fu_1154          |product  |        0|        0|   0 ns   |   0 ns   |    1|    1| function |
        |mult_247_V_product_fu_1162          |product  |        0|        0|   0 ns   |   0 ns   |    1|    1| function |
        |mult_248_V_product_fu_1170          |product  |        0|        0|   0 ns   |   0 ns   |    1|    1| function |
        |mult_250_V_product_fu_1178          |product  |        0|        0|   0 ns   |   0 ns   |    1|    1| function |
        |mult_252_V_product_fu_1186          |product  |        0|        0|   0 ns   |   0 ns   |    1|    1| function |
        |mult_254_V_product_fu_1194          |product  |        0|        0|   0 ns   |   0 ns   |    1|    1| function |
        |op_V_assign_0_15_s_product_fu_1202  |product  |        0|        0|   0 ns   |   0 ns   |    1|    1| function |
        +------------------------------------+---------+---------+---------+----------+----------+-----+-----+----------+

        * Loop: 
        N/A



================================================================
== Utilization Estimates
================================================================
* Summary: 
+---------------------+---------+-------+---------+--------+-----+
|         Name        | BRAM_18K| DSP48E|    FF   |   LUT  | URAM|
+---------------------+---------+-------+---------+--------+-----+
|DSP                  |        -|      -|        -|       -|    -|
|Expression           |        -|      -|        0|    4487|    -|
|FIFO                 |        -|      -|        -|       -|    -|
|Instance             |        -|      0|        0|    4640|    -|
|Memory               |        -|      -|        -|       -|    -|
|Multiplexer          |        -|      -|        -|       -|    -|
|Register             |        -|      -|        -|       -|    -|
+---------------------+---------+-------+---------+--------+-----+
|Total                |        0|      0|        0|    9127|    0|
+---------------------+---------+-------+---------+--------+-----+
|Available SLR        |     2160|   2760|   663360|  331680|    0|
+---------------------+---------+-------+---------+--------+-----+
|Utilization SLR (%)  |        0|      0|        0|       2|  100|
+---------------------+---------+-------+---------+--------+-----+
|Available            |     4320|   5520|  1326720|  663360|    0|
+---------------------+---------+-------+---------+--------+-----+
|Utilization (%)      |        0|      0|        0|       1|    0|
+---------------------+---------+-------+---------+--------+-----+

+ Detail: 
    * Instance: 
    +------------------------------------+---------+---------+-------+---+----+-----+
    |              Instance              |  Module | BRAM_18K| DSP48E| FF| LUT| URAM|
    +------------------------------------+---------+---------+-------+---+----+-----+
    |mult_0_V_product_fu_282             |product  |        0|      0|  0|  40|    0|
    |mult_5_V_product_fu_290             |product  |        0|      0|  0|  40|    0|
    |mult_6_V_product_fu_298             |product  |        0|      0|  0|  40|    0|
    |mult_12_V_product_fu_306            |product  |        0|      0|  0|  40|    0|
    |mult_13_V_product_fu_314            |product  |        0|      0|  0|  40|    0|
    |mult_16_V_product_fu_322            |product  |        0|      0|  0|  40|    0|
    |mult_17_V_product_fu_330            |product  |        0|      0|  0|  40|    0|
    |mult_18_V_product_fu_338            |product  |        0|      0|  0|  40|    0|
    |mult_19_V_product_fu_346            |product  |        0|      0|  0|  40|    0|
    |mult_22_V_product_fu_354            |product  |        0|      0|  0|  40|    0|
    |mult_23_V_product_fu_362            |product  |        0|      0|  0|  40|    0|
    |mult_25_V_product_fu_370            |product  |        0|      0|  0|  40|    0|
    |mult_31_V_product_fu_378            |product  |        0|      0|  0|  40|    0|
    |mult_32_V_product_fu_386            |product  |        0|      0|  0|  40|    0|
    |mult_33_V_product_fu_394            |product  |        0|      0|  0|  40|    0|
    |mult_34_V_product_fu_402            |product  |        0|      0|  0|  40|    0|
    |mult_37_V_product_fu_410            |product  |        0|      0|  0|  40|    0|
    |mult_43_V_product_fu_418            |product  |        0|      0|  0|  40|    0|
    |mult_48_V_product_fu_426            |product  |        0|      0|  0|  40|    0|
    |mult_51_V_product_fu_434            |product  |        0|      0|  0|  40|    0|
    |mult_57_V_product_fu_442            |product  |        0|      0|  0|  40|    0|
    |mult_58_V_product_fu_450            |product  |        0|      0|  0|  40|    0|
    |mult_59_V_product_fu_458            |product  |        0|      0|  0|  40|    0|
    |mult_63_V_product_fu_466            |product  |        0|      0|  0|  40|    0|
    |mult_64_V_product_fu_474            |product  |        0|      0|  0|  40|    0|
    |mult_68_V_product_fu_482            |product  |        0|      0|  0|  40|    0|
    |mult_69_V_product_fu_490            |product  |        0|      0|  0|  40|    0|
    |mult_70_V_product_fu_498            |product  |        0|      0|  0|  40|    0|
    |mult_76_V_product_fu_506            |product  |        0|      0|  0|  40|    0|
    |mult_80_V_product_fu_514            |product  |        0|      0|  0|  40|    0|
    |mult_82_V_product_fu_522            |product  |        0|      0|  0|  40|    0|
    |mult_89_V_product_fu_530            |product  |        0|      0|  0|  40|    0|
    |mult_91_V_product_fu_538            |product  |        0|      0|  0|  40|    0|
    |mult_92_V_product_fu_546            |product  |        0|      0|  0|  40|    0|
    |mult_93_V_product_fu_554            |product  |        0|      0|  0|  40|    0|
    |mult_96_V_product_fu_562            |product  |        0|      0|  0|  40|    0|
    |mult_97_V_product_fu_570            |product  |        0|      0|  0|  40|    0|
    |mult_98_V_product_fu_578            |product  |        0|      0|  0|  40|    0|
    |mult_100_V_product_fu_586           |product  |        0|      0|  0|  40|    0|
    |mult_101_V_product_fu_594           |product  |        0|      0|  0|  40|    0|
    |mult_103_V_product_fu_602           |product  |        0|      0|  0|  40|    0|
    |mult_104_V_product_fu_610           |product  |        0|      0|  0|  40|    0|
    |mult_106_V_product_fu_618           |product  |        0|      0|  0|  40|    0|
    |mult_107_V_product_fu_626           |product  |        0|      0|  0|  40|    0|
    |mult_112_V_product_fu_634           |product  |        0|      0|  0|  40|    0|
    |mult_120_V_product_fu_642           |product  |        0|      0|  0|  40|    0|
    |mult_124_V_product_fu_650           |product  |        0|      0|  0|  40|    0|
    |mult_125_V_product_fu_658           |product  |        0|      0|  0|  40|    0|
    |mult_128_V_product_fu_666           |product  |        0|      0|  0|  40|    0|
    |mult_129_V_product_fu_674           |product  |        0|      0|  0|  40|    0|
    |mult_135_V_product_fu_682           |product  |        0|      0|  0|  40|    0|
    |mult_138_V_product_fu_690           |product  |        0|      0|  0|  40|    0|
    |mult_140_V_product_fu_698           |product  |        0|      0|  0|  40|    0|
    |mult_141_V_product_fu_706           |product  |        0|      0|  0|  40|    0|
    |mult_144_V_product_fu_714           |product  |        0|      0|  0|  40|    0|
    |mult_145_V_product_fu_722           |product  |        0|      0|  0|  40|    0|
    |mult_146_V_product_fu_730           |product  |        0|      0|  0|  40|    0|
    |mult_147_V_product_fu_738           |product  |        0|      0|  0|  40|    0|
    |mult_149_V_product_fu_746           |product  |        0|      0|  0|  40|    0|
    |mult_151_V_product_fu_754           |product  |        0|      0|  0|  40|    0|
    |mult_156_V_product_fu_762           |product  |        0|      0|  0|  40|    0|
    |mult_157_V_product_fu_770           |product  |        0|      0|  0|  40|    0|
    |mult_159_V_product_fu_778           |product  |        0|      0|  0|  40|    0|
    |mult_160_V_product_fu_786           |product  |        0|      0|  0|  40|    0|
    |mult_161_V_product_fu_794           |product  |        0|      0|  0|  40|    0|
    |mult_163_V_product_fu_802           |product  |        0|      0|  0|  40|    0|
    |mult_167_V_product_fu_810           |product  |        0|      0|  0|  40|    0|
    |mult_169_V_product_fu_818           |product  |        0|      0|  0|  40|    0|
    |mult_171_V_product_fu_826           |product  |        0|      0|  0|  40|    0|
    |mult_174_V_product_fu_834           |product  |        0|      0|  0|  40|    0|
    |mult_175_V_product_fu_842           |product  |        0|      0|  0|  40|    0|
    |mult_176_V_product_fu_850           |product  |        0|      0|  0|  40|    0|
    |mult_177_V_product_fu_858           |product  |        0|      0|  0|  40|    0|
    |mult_180_V_product_fu_866           |product  |        0|      0|  0|  40|    0|
    |mult_181_V_product_fu_874           |product  |        0|      0|  0|  40|    0|
    |mult_183_V_product_fu_882           |product  |        0|      0|  0|  40|    0|
    |mult_190_V_product_fu_890           |product  |        0|      0|  0|  40|    0|
    |mult_191_V_product_fu_898           |product  |        0|      0|  0|  40|    0|
    |mult_192_V_product_fu_906           |product  |        0|      0|  0|  40|    0|
    |mult_193_V_product_fu_914           |product  |        0|      0|  0|  40|    0|
    |mult_194_V_product_fu_922           |product  |        0|      0|  0|  40|    0|
    |mult_195_V_product_fu_930           |product  |        0|      0|  0|  40|    0|
    |mult_198_V_product_fu_938           |product  |        0|      0|  0|  40|    0|
    |mult_199_V_product_fu_946           |product  |        0|      0|  0|  40|    0|
    |mult_201_V_product_fu_954           |product  |        0|      0|  0|  40|    0|
    |mult_202_V_product_fu_962           |product  |        0|      0|  0|  40|    0|
    |mult_204_V_product_fu_970           |product  |        0|      0|  0|  40|    0|
    |mult_206_V_product_fu_978           |product  |        0|      0|  0|  40|    0|
    |mult_207_V_product_fu_986           |product  |        0|      0|  0|  40|    0|
    |mult_208_V_product_fu_994           |product  |        0|      0|  0|  40|    0|
    |mult_212_V_product_fu_1002          |product  |        0|      0|  0|  40|    0|
    |mult_214_V_product_fu_1010          |product  |        0|      0|  0|  40|    0|
    |mult_216_V_product_fu_1018          |product  |        0|      0|  0|  40|    0|
    |mult_219_V_product_fu_1026          |product  |        0|      0|  0|  40|    0|
    |mult_220_V_product_fu_1034          |product  |        0|      0|  0|  40|    0|
    |mult_221_V_product_fu_1042          |product  |        0|      0|  0|  40|    0|
    |mult_224_V_product_fu_1050          |product  |        0|      0|  0|  40|    0|
    |mult_225_V_product_fu_1058          |product  |        0|      0|  0|  40|    0|
    |mult_228_V_product_fu_1066          |product  |        0|      0|  0|  40|    0|
    |mult_229_V_product_fu_1074          |product  |        0|      0|  0|  40|    0|
    |mult_230_V_product_fu_1082          |product  |        0|      0|  0|  40|    0|
    |mult_233_V_product_fu_1090          |product  |        0|      0|  0|  40|    0|
    |mult_237_V_product_fu_1098          |product  |        0|      0|  0|  40|    0|
    |mult_240_V_product_fu_1106          |product  |        0|      0|  0|  40|    0|
    |mult_241_V_product_fu_1114          |product  |        0|      0|  0|  40|    0|
    |mult_242_V_product_fu_1122          |product  |        0|      0|  0|  40|    0|
    |mult_243_V_product_fu_1130          |product  |        0|      0|  0|  40|    0|
    |mult_244_V_product_fu_1138          |product  |        0|      0|  0|  40|    0|
    |mult_245_V_product_fu_1146          |product  |        0|      0|  0|  40|    0|
    |mult_246_V_product_fu_1154          |product  |        0|      0|  0|  40|    0|
    |mult_247_V_product_fu_1162          |product  |        0|      0|  0|  40|    0|
    |mult_248_V_product_fu_1170          |product  |        0|      0|  0|  40|    0|
    |mult_250_V_product_fu_1178          |product  |        0|      0|  0|  40|    0|
    |mult_252_V_product_fu_1186          |product  |        0|      0|  0|  40|    0|
    |mult_254_V_product_fu_1194          |product  |        0|      0|  0|  40|    0|
    |op_V_assign_0_15_s_product_fu_1202  |product  |        0|      0|  0|  40|    0|
    +------------------------------------+---------+---------+-------+---+----+-----+
    |Total                               |         |        0|      0|  0|4640|    0|
    +------------------------------------+---------+---------+-------+---+----+-----+

    * DSP48E: 
    N/A

    * Memory: 
    N/A

    * FIFO: 
    N/A

    * Expression: 
    +--------------------------+----------+-------+---+----+------------+------------+
    |       Variable Name      | Operation| DSP48E| FF| LUT| Bitwidth P0| Bitwidth P1|
    +--------------------------+----------+-------+---+----+------------+------------+
    |acc_10_V_fu_2894_p2       |     +    |      0|  0|  16|          16|          16|
    |acc_11_V_fu_3042_p2       |     +    |      0|  0|  16|          16|          16|
    |acc_12_V_fu_3194_p2       |     +    |      0|  0|  16|          16|          16|
    |acc_13_V_fu_3346_p2       |     +    |      0|  0|  16|          16|          16|
    |acc_14_V_fu_3456_p2       |     +    |      0|  0|  16|          16|          16|
    |acc_15_V_fu_3608_p2       |     +    |      0|  0|  16|          16|          16|
    |acc_1_V_fu_1654_p2        |     +    |      0|  0|  16|          16|          16|
    |acc_2_V_fu_1814_p2        |     +    |      0|  0|  16|          16|          16|
    |acc_3_V_fu_1934_p2        |     +    |      0|  0|  16|          16|          16|
    |acc_4_V_fu_2064_p2        |     +    |      0|  0|  16|          16|          16|
    |acc_5_V_fu_2226_p2        |     +    |      0|  0|  16|          16|          16|
    |acc_6_V_fu_2344_p2        |     +    |      0|  0|  16|          16|          16|
    |acc_7_V_fu_2486_p2        |     +    |      0|  0|  16|          16|          16|
    |acc_8_V_fu_2602_p2        |     +    |      0|  0|  16|          16|          16|
    |acc_9_V_fu_2750_p2        |     +    |      0|  0|  16|          16|          16|
    |add_ln703_100_fu_2146_p2  |     +    |      0|  0|  23|          16|          16|
    |add_ln703_101_fu_2156_p2  |     +    |      0|  0|  21|          14|          14|
    |add_ln703_102_fu_2166_p2  |     +    |      0|  0|  21|          14|          14|
    |add_ln703_103_fu_2176_p2  |     +    |      0|  0|  22|          15|          15|
    |add_ln703_105_fu_2190_p2  |     +    |      0|  0|  21|          14|          12|
    |add_ln703_106_fu_2204_p2  |     +    |      0|  0|  22|          15|          15|
    |add_ln703_107_fu_2214_p2  |     +    |      0|  0|  23|          16|          16|
    |add_ln703_108_fu_2220_p2  |     +    |      0|  0|  16|          16|          16|
    |add_ln703_110_fu_2240_p2  |     +    |      0|  0|  21|          14|          14|
    |add_ln703_112_fu_2250_p2  |     +    |      0|  0|  22|          15|          15|
    |add_ln703_113_fu_2264_p2  |     +    |      0|  0|  21|          14|          14|
    |add_ln703_115_fu_2274_p2  |     +    |      0|  0|  22|          15|          15|
    |add_ln703_116_fu_2284_p2  |     +    |      0|  0|  23|          16|          16|
    |add_ln703_120_fu_2298_p2  |     +    |      0|  0|  21|          14|          14|
    |add_ln703_121_fu_2308_p2  |     +    |      0|  0|  21|          14|          10|
    |add_ln703_122_fu_2322_p2  |     +    |      0|  0|  22|          15|          15|
    |add_ln703_123_fu_2332_p2  |     +    |      0|  0|  23|          16|          16|
    |add_ln703_124_fu_2338_p2  |     +    |      0|  0|  16|          16|          16|
    |add_ln703_126_fu_2354_p2  |     +    |      0|  0|  22|          15|          15|
    |add_ln703_128_fu_2364_p2  |     +    |      0|  0|  16|          16|          16|
    |add_ln703_130_fu_2374_p2  |     +    |      0|  0|  21|          14|          14|
    |add_ln703_131_fu_2384_p2  |     +    |      0|  0|  22|          15|          15|
    |add_ln703_132_fu_2394_p2  |     +    |      0|  0|  16|          16|          16|
    |add_ln703_133_fu_2408_p2  |     +    |      0|  0|  21|          14|          14|
    |add_ln703_134_fu_2422_p2  |     +    |      0|  0|  21|          14|          14|
    |add_ln703_135_fu_2432_p2  |     +    |      0|  0|  22|          15|          15|
    |add_ln703_136_fu_2446_p2  |     +    |      0|  0|  21|          14|          14|
    |add_ln703_137_fu_2460_p2  |     +    |      0|  0|  21|          14|          14|
    |add_ln703_138_fu_2470_p2  |     +    |      0|  0|  22|          15|          15|
    |add_ln703_139_fu_2480_p2  |     +    |      0|  0|  16|          16|          16|
    |add_ln703_143_fu_2492_p2  |     +    |      0|  0|  22|          15|          15|
    |add_ln703_145_fu_2506_p2  |     +    |      0|  0|  21|          14|          14|
    |add_ln703_146_fu_2516_p2  |     +    |      0|  0|  22|          15|          15|
    |add_ln703_147_fu_2526_p2  |     +    |      0|  0|  23|          16|          16|
    |add_ln703_149_fu_2532_p2  |     +    |      0|  0|  21|          14|          14|
    |add_ln703_150_fu_2542_p2  |     +    |      0|  0|  22|          15|          15|
    |add_ln703_151_fu_2556_p2  |     +    |      0|  0|  21|          14|          14|
    |add_ln703_152_fu_2570_p2  |     +    |      0|  0|  21|          14|           9|
    |add_ln703_153_fu_2580_p2  |     +    |      0|  0|  22|          15|          15|
    |add_ln703_154_fu_2590_p2  |     +    |      0|  0|  23|          16|          16|
    |add_ln703_155_fu_2596_p2  |     +    |      0|  0|  16|          16|          16|
    |add_ln703_157_fu_2612_p2  |     +    |      0|  0|  21|          14|          14|
    |add_ln703_158_fu_2626_p2  |     +    |      0|  0|  21|          14|          14|
    |add_ln703_159_fu_2636_p2  |     +    |      0|  0|  22|          15|          15|
    |add_ln703_160_fu_2650_p2  |     +    |      0|  0|  21|          14|          14|
    |add_ln703_162_fu_2660_p2  |     +    |      0|  0|  22|          15|          15|
    |add_ln703_163_fu_2670_p2  |     +    |      0|  0|  23|          16|          16|
    |add_ln703_165_fu_2680_p2  |     +    |      0|  0|  21|          14|          14|
    |add_ln703_166_fu_2690_p2  |     +    |      0|  0|  22|          15|          15|
    |add_ln703_167_fu_2704_p2  |     +    |      0|  0|  21|          14|          14|
    |add_ln703_168_fu_2714_p2  |     +    |      0|  0|  21|          14|          10|
    |add_ln703_169_fu_2728_p2  |     +    |      0|  0|  22|          15|          15|
    |add_ln703_16_fu_1356_p2   |     +    |      0|  0|  22|          15|          15|
    |add_ln703_170_fu_2738_p2  |     +    |      0|  0|  23|          16|          16|
    |add_ln703_171_fu_2744_p2  |     +    |      0|  0|  16|          16|          16|
    |add_ln703_173_fu_2756_p2  |     +    |      0|  0|  21|          14|          14|
    |add_ln703_174_fu_2770_p2  |     +    |      0|  0|  21|          14|          14|
    |add_ln703_175_fu_2780_p2  |     +    |      0|  0|  22|          15|          15|
    |add_ln703_177_fu_2794_p2  |     +    |      0|  0|  21|          14|          14|
    |add_ln703_178_fu_2804_p2  |     +    |      0|  0|  22|          15|          15|
    |add_ln703_179_fu_2814_p2  |     +    |      0|  0|  23|          16|          16|
    |add_ln703_17_fu_1366_p2   |     +    |      0|  0|  21|          14|          14|
    |add_ln703_180_fu_2824_p2  |     +    |      0|  0|  21|          14|          14|
    |add_ln703_182_fu_2834_p2  |     +    |      0|  0|  22|          15|          15|
    |add_ln703_183_fu_2848_p2  |     +    |      0|  0|  21|          14|          14|
    |add_ln703_184_fu_2862_p2  |     +    |      0|  0|  21|          14|          12|
    |add_ln703_185_fu_2872_p2  |     +    |      0|  0|  22|          15|          15|
    |add_ln703_186_fu_2882_p2  |     +    |      0|  0|  23|          16|          16|
    |add_ln703_187_fu_2888_p2  |     +    |      0|  0|  16|          16|          16|
    |add_ln703_18_fu_1380_p2   |     +    |      0|  0|  16|          16|          16|
    |add_ln703_190_fu_2908_p2  |     +    |      0|  0|  21|          14|          14|
    |add_ln703_191_fu_2918_p2  |     +    |      0|  0|  22|          15|          15|
    |add_ln703_192_fu_2932_p2  |     +    |      0|  0|  21|          14|          14|
    |add_ln703_193_fu_2946_p2  |     +    |      0|  0|  21|          14|          14|
    |add_ln703_194_fu_2956_p2  |     +    |      0|  0|  22|          15|          15|
    |add_ln703_195_fu_2966_p2  |     +    |      0|  0|  23|          16|          16|
    |add_ln703_197_fu_2976_p2  |     +    |      0|  0|  21|          14|          14|
    |add_ln703_198_fu_2986_p2  |     +    |      0|  0|  22|          15|          15|
    |add_ln703_199_fu_3000_p2  |     +    |      0|  0|  21|          14|          14|
    |add_ln703_19_fu_1386_p2   |     +    |      0|  0|  21|          14|          14|
    |add_ln703_200_fu_3010_p2  |     +    |      0|  0|  21|          14|          10|
    |add_ln703_201_fu_3020_p2  |     +    |      0|  0|  22|          15|          15|
    |add_ln703_202_fu_3030_p2  |     +    |      0|  0|  23|          16|          16|
    |add_ln703_203_fu_3036_p2  |     +    |      0|  0|  16|          16|          16|
    |add_ln703_205_fu_3052_p2  |     +    |      0|  0|  21|          14|          14|
    |add_ln703_207_fu_3062_p2  |     +    |      0|  0|  22|          15|          15|
    |add_ln703_208_fu_3080_p2  |     +    |      0|  0|  21|          14|          14|
    |add_ln703_209_fu_3090_p2  |     +    |      0|  0|  21|          14|          14|
    |add_ln703_20_fu_1396_p2   |     +    |      0|  0|  21|          14|          14|
    |add_ln703_210_fu_3100_p2  |     +    |      0|  0|  22|          15|          15|
    |add_ln703_211_fu_3110_p2  |     +    |      0|  0|  23|          16|          16|
    |add_ln703_212_fu_3124_p2  |     +    |      0|  0|  21|          14|          14|
    |add_ln703_214_fu_3134_p2  |     +    |      0|  0|  22|          15|          15|
    |add_ln703_215_fu_3148_p2  |     +    |      0|  0|  21|          14|          14|
    |add_ln703_216_fu_3162_p2  |     +    |      0|  0|  21|          14|          11|
    |add_ln703_217_fu_3172_p2  |     +    |      0|  0|  22|          15|          15|
    |add_ln703_218_fu_3182_p2  |     +    |      0|  0|  23|          16|          16|
    |add_ln703_219_fu_3188_p2  |     +    |      0|  0|  16|          16|          16|
    |add_ln703_21_fu_1406_p2   |     +    |      0|  0|  22|          15|          15|
    |add_ln703_221_fu_3204_p2  |     +    |      0|  0|  21|          14|          14|
    |add_ln703_223_fu_3214_p2  |     +    |      0|  0|  22|          15|          15|
    |add_ln703_224_fu_3228_p2  |     +    |      0|  0|  21|          14|          14|
    |add_ln703_225_fu_3242_p2  |     +    |      0|  0|  21|          14|          14|
    |add_ln703_226_fu_3252_p2  |     +    |      0|  0|  22|          15|          15|
    |add_ln703_227_fu_3262_p2  |     +    |      0|  0|  23|          16|          16|
    |add_ln703_228_fu_3276_p2  |     +    |      0|  0|  21|          14|          14|
    |add_ln703_22_fu_1416_p2   |     +    |      0|  0|  16|          16|          16|
    |add_ln703_230_fu_3286_p2  |     +    |      0|  0|  22|          15|          15|
    |add_ln703_231_fu_3300_p2  |     +    |      0|  0|  21|          14|          14|
    |add_ln703_232_fu_3310_p2  |     +    |      0|  0|  21|          14|           9|
    |add_ln703_233_fu_3324_p2  |     +    |      0|  0|  22|          15|          15|
    |add_ln703_234_fu_3334_p2  |     +    |      0|  0|  23|          16|          16|
    |add_ln703_235_fu_3340_p2  |     +    |      0|  0|  16|          16|          16|
    |add_ln703_239_fu_3352_p2  |     +    |      0|  0|  22|          15|          15|
    |add_ln703_23_fu_1426_p2   |     +    |      0|  0|  21|          14|          14|
    |add_ln703_242_fu_3362_p2  |     +    |      0|  0|  22|          15|          15|
    |add_ln703_243_fu_3372_p2  |     +    |      0|  0|  23|          16|          16|
    |add_ln703_244_fu_1508_p2  |     +    |      0|  0|  16|          16|          16|
    |add_ln703_245_fu_3386_p2  |     +    |      0|  0|  21|          14|          14|
    |add_ln703_246_fu_3396_p2  |     +    |      0|  0|  22|          15|          15|
    |add_ln703_247_fu_3410_p2  |     +    |      0|  0|  21|          14|          14|
    |add_ln703_248_fu_3424_p2  |     +    |      0|  0|  21|          14|           9|
    |add_ln703_249_fu_3434_p2  |     +    |      0|  0|  22|          15|          15|
    |add_ln703_24_fu_1440_p2   |     +    |      0|  0|  21|          14|          14|
    |add_ln703_250_fu_3444_p2  |     +    |      0|  0|  23|          16|          16|
    |add_ln703_251_fu_3450_p2  |     +    |      0|  0|  16|          16|          16|
    |add_ln703_253_fu_3466_p2  |     +    |      0|  0|  22|          15|          15|
    |add_ln703_254_fu_3480_p2  |     +    |      0|  0|  21|          14|          14|
    |add_ln703_255_fu_3490_p2  |     +    |      0|  0|  16|          16|          16|
    |add_ln703_257_fu_3496_p2  |     +    |      0|  0|  21|          14|          14|
    |add_ln703_258_fu_3506_p2  |     +    |      0|  0|  22|          15|          15|
    |add_ln703_259_fu_3516_p2  |     +    |      0|  0|  16|          16|          16|
    |add_ln703_25_fu_1450_p2   |     +    |      0|  0|  22|          15|          15|
    |add_ln703_260_fu_3526_p2  |     +    |      0|  0|  21|          14|          14|
    |add_ln703_261_fu_3544_p2  |     +    |      0|  0|  21|          14|          14|
    |add_ln703_262_fu_3554_p2  |     +    |      0|  0|  22|          15|          15|
    |add_ln703_263_fu_3568_p2  |     +    |      0|  0|  21|          14|          14|
    |add_ln703_264_fu_3582_p2  |     +    |      0|  0|  21|          14|          14|
    |add_ln703_265_fu_3592_p2  |     +    |      0|  0|  22|          15|          15|
    |add_ln703_266_fu_3602_p2  |     +    |      0|  0|  16|          16|          16|
    |add_ln703_26_fu_1460_p2   |     +    |      0|  0|  21|          14|          14|
    |add_ln703_27_fu_1482_p2   |     +    |      0|  0|  21|          14|          14|
    |add_ln703_28_fu_1492_p2   |     +    |      0|  0|  22|          15|          15|
    |add_ln703_29_fu_1502_p2   |     +    |      0|  0|  16|          16|          16|
    |add_ln703_31_fu_1514_p2   |     +    |      0|  0|  21|          14|          14|
    |add_ln703_32_fu_1524_p2   |     +    |      0|  0|  21|          14|          14|
    |add_ln703_33_fu_1534_p2   |     +    |      0|  0|  22|          15|          15|
    |add_ln703_35_fu_1544_p2   |     +    |      0|  0|  21|          14|          14|
    |add_ln703_36_fu_1554_p2   |     +    |      0|  0|  22|          15|          15|
    |add_ln703_37_fu_1564_p2   |     +    |      0|  0|  23|          16|          16|
    |add_ln703_38_fu_1574_p2   |     +    |      0|  0|  21|          14|          14|
    |add_ln703_39_fu_1588_p2   |     +    |      0|  0|  21|          14|          14|
    |add_ln703_40_fu_1598_p2   |     +    |      0|  0|  22|          15|          15|
    |add_ln703_41_fu_1608_p2   |     +    |      0|  0|  21|          14|          14|
    |add_ln703_42_fu_1622_p2   |     +    |      0|  0|  21|          14|           9|
    |add_ln703_43_fu_1632_p2   |     +    |      0|  0|  22|          15|          15|
    |add_ln703_44_fu_1642_p2   |     +    |      0|  0|  23|          16|          16|
    |add_ln703_45_fu_1648_p2   |     +    |      0|  0|  16|          16|          16|
    |add_ln703_47_fu_1660_p2   |     +    |      0|  0|  21|          14|          14|
    |add_ln703_48_fu_1674_p2   |     +    |      0|  0|  21|          14|          14|
    |add_ln703_49_fu_1684_p2   |     +    |      0|  0|  22|          15|          15|
    |add_ln703_50_fu_1694_p2   |     +    |      0|  0|  21|          14|          14|
    |add_ln703_51_fu_1708_p2   |     +    |      0|  0|  21|          14|          14|
    |add_ln703_52_fu_1718_p2   |     +    |      0|  0|  22|          15|          15|
    |add_ln703_53_fu_1728_p2   |     +    |      0|  0|  23|          16|          16|
    |add_ln703_54_fu_1734_p2   |     +    |      0|  0|  21|          14|          14|
    |add_ln703_55_fu_1744_p2   |     +    |      0|  0|  21|          14|          14|
    |add_ln703_56_fu_1754_p2   |     +    |      0|  0|  22|          15|          15|
    |add_ln703_57_fu_1768_p2   |     +    |      0|  0|  21|          14|          14|
    |add_ln703_58_fu_1782_p2   |     +    |      0|  0|  21|          14|          10|
    |add_ln703_59_fu_1792_p2   |     +    |      0|  0|  22|          15|          15|
    |add_ln703_60_fu_1802_p2   |     +    |      0|  0|  23|          16|          16|
    |add_ln703_61_fu_1808_p2   |     +    |      0|  0|  16|          16|          16|
    |add_ln703_63_fu_1820_p2   |     +    |      0|  0|  22|          15|          15|
    |add_ln703_64_fu_1834_p2   |     +    |      0|  0|  21|          14|          14|
    |add_ln703_65_fu_1844_p2   |     +    |      0|  0|  16|          16|          16|
    |add_ln703_69_fu_1850_p2   |     +    |      0|  0|  16|          16|          16|
    |add_ln703_70_fu_1856_p2   |     +    |      0|  0|  21|          14|          14|
    |add_ln703_71_fu_1870_p2   |     +    |      0|  0|  21|          14|          14|
    |add_ln703_72_fu_1880_p2   |     +    |      0|  0|  22|          15|          15|
    |add_ln703_73_fu_1894_p2   |     +    |      0|  0|  21|          14|          14|
    |add_ln703_74_fu_1908_p2   |     +    |      0|  0|  21|          14|          14|
    |add_ln703_75_fu_1918_p2   |     +    |      0|  0|  22|          15|          15|
    |add_ln703_76_fu_1928_p2   |     +    |      0|  0|  16|          16|          16|
    |add_ln703_81_fu_1940_p2   |     +    |      0|  0|  21|          14|          14|
    |add_ln703_82_fu_1954_p2   |     +    |      0|  0|  21|          14|          14|
    |add_ln703_83_fu_1964_p2   |     +    |      0|  0|  22|          15|          15|
    |add_ln703_84_fu_1974_p2   |     +    |      0|  0|  23|          16|          16|
    |add_ln703_85_fu_1980_p2   |     +    |      0|  0|  21|          14|          14|
    |add_ln703_86_fu_1994_p2   |     +    |      0|  0|  21|          14|          14|
    |add_ln703_87_fu_2004_p2   |     +    |      0|  0|  22|          15|          15|
    |add_ln703_88_fu_2018_p2   |     +    |      0|  0|  21|          14|          14|
    |add_ln703_89_fu_2028_p2   |     +    |      0|  0|  21|          14|           8|
    |add_ln703_90_fu_2042_p2   |     +    |      0|  0|  22|          15|          15|
    |add_ln703_91_fu_2052_p2   |     +    |      0|  0|  23|          16|          16|
    |add_ln703_92_fu_2058_p2   |     +    |      0|  0|  16|          16|          16|
    |add_ln703_94_fu_2074_p2   |     +    |      0|  0|  21|          14|          14|
    |add_ln703_95_fu_2088_p2   |     +    |      0|  0|  21|          14|          14|
    |add_ln703_96_fu_2098_p2   |     +    |      0|  0|  22|          15|          15|
    |add_ln703_97_fu_2112_p2   |     +    |      0|  0|  21|          14|          14|
    |add_ln703_98_fu_2126_p2   |     +    |      0|  0|  21|          14|          14|
    |add_ln703_99_fu_2136_p2   |     +    |      0|  0|  22|          15|          15|
    |add_ln703_fu_1342_p2      |     +    |      0|  0|  21|          14|          13|
    +--------------------------+----------+-------+---+----+------------+------------+
    |Total                     |          |      0|  0|4487|        3241|        3191|
    +--------------------------+----------+-------+---+----+------------+------------+

    * Multiplexer: 
    N/A

    * Register: 
    N/A



================================================================
== Interface
================================================================
* Summary: 
+----------------+-----+-----+------------+----------------------+--------------+
|    RTL Ports   | Dir | Bits|  Protocol  |     Source Object    |    C Type    |
+----------------+-----+-----+------------+----------------------+--------------+
|ap_ready        | out |    1| ap_ctrl_hs | dense_latency.0.0.0. | return value |
|ap_return_0     | out |   16| ap_ctrl_hs | dense_latency.0.0.0. | return value |
|ap_return_1     | out |   16| ap_ctrl_hs | dense_latency.0.0.0. | return value |
|ap_return_2     | out |   16| ap_ctrl_hs | dense_latency.0.0.0. | return value |
|ap_return_3     | out |   16| ap_ctrl_hs | dense_latency.0.0.0. | return value |
|ap_return_4     | out |   16| ap_ctrl_hs | dense_latency.0.0.0. | return value |
|ap_return_5     | out |   16| ap_ctrl_hs | dense_latency.0.0.0. | return value |
|ap_return_6     | out |   16| ap_ctrl_hs | dense_latency.0.0.0. | return value |
|ap_return_7     | out |   16| ap_ctrl_hs | dense_latency.0.0.0. | return value |
|ap_return_8     | out |   16| ap_ctrl_hs | dense_latency.0.0.0. | return value |
|ap_return_9     | out |   16| ap_ctrl_hs | dense_latency.0.0.0. | return value |
|ap_return_10    | out |   16| ap_ctrl_hs | dense_latency.0.0.0. | return value |
|ap_return_11    | out |   16| ap_ctrl_hs | dense_latency.0.0.0. | return value |
|ap_return_12    | out |   16| ap_ctrl_hs | dense_latency.0.0.0. | return value |
|ap_return_13    | out |   16| ap_ctrl_hs | dense_latency.0.0.0. | return value |
|ap_return_14    | out |   16| ap_ctrl_hs | dense_latency.0.0.0. | return value |
|ap_return_15    | out |   16| ap_ctrl_hs | dense_latency.0.0.0. | return value |
|data_0_V_read   |  in |    8|   ap_none  |     data_0_V_read    |    scalar    |
|data_1_V_read   |  in |    8|   ap_none  |     data_1_V_read    |    scalar    |
|data_2_V_read   |  in |    8|   ap_none  |     data_2_V_read    |    scalar    |
|data_3_V_read   |  in |    8|   ap_none  |     data_3_V_read    |    scalar    |
|data_4_V_read   |  in |    8|   ap_none  |     data_4_V_read    |    scalar    |
|data_5_V_read   |  in |    8|   ap_none  |     data_5_V_read    |    scalar    |
|data_6_V_read   |  in |    8|   ap_none  |     data_6_V_read    |    scalar    |
|data_7_V_read   |  in |    8|   ap_none  |     data_7_V_read    |    scalar    |
|data_8_V_read   |  in |    8|   ap_none  |     data_8_V_read    |    scalar    |
|data_9_V_read   |  in |    8|   ap_none  |     data_9_V_read    |    scalar    |
|data_10_V_read  |  in |    8|   ap_none  |    data_10_V_read    |    scalar    |
|data_11_V_read  |  in |    8|   ap_none  |    data_11_V_read    |    scalar    |
|data_12_V_read  |  in |    8|   ap_none  |    data_12_V_read    |    scalar    |
|data_13_V_read  |  in |    8|   ap_none  |    data_13_V_read    |    scalar    |
|data_14_V_read  |  in |    8|   ap_none  |    data_14_V_read    |    scalar    |
|data_15_V_read  |  in |    8|   ap_none  |    data_15_V_read    |    scalar    |
+----------------+-----+-----+------------+----------------------+--------------+

