

================================================================
== Vivado HLS Report for 'linear'
================================================================
* Date:           Tue Nov 24 16:19:10 2020

* Version:        2020.1 (Build 2897737 on Wed May 27 20:21:37 MDT 2020)
* Project:        myproject_prj
* Solution:       solution1
* Product family: kintexu
* Target device:  xcku115-flvb2104-2-i


================================================================
== Performance Estimates
================================================================
+ Timing: 
    * Summary: 
    +--------+----------+----------+------------+
    |  Clock |  Target  | Estimated| Uncertainty|
    +--------+----------+----------+------------+
    |ap_clk  | 12.50 ns | 3.426 ns |   1.56 ns  |
    +--------+----------+----------+------------+

+ Latency: 
    * Summary: 
    +---------+---------+----------+----------+-----+-----+----------+
    |  Latency (cycles) |  Latency (absolute) |  Interval | Pipeline |
    |   min   |   max   |    min   |    max   | min | max |   Type   |
    +---------+---------+----------+----------+-----+-----+----------+
    |        0|        0|   0 ns   |   0 ns   |    1|    1| function |
    +---------+---------+----------+----------+-----+-----+----------+

    + Detail: 
        * Instance: 
        N/A

        * Loop: 
        N/A



================================================================
== Utilization Estimates
================================================================
* Summary: 
+---------------------+---------+-------+---------+--------+-----+
|         Name        | BRAM_18K| DSP48E|    FF   |   LUT  | URAM|
+---------------------+---------+-------+---------+--------+-----+
|DSP                  |        -|      -|        -|       -|    -|
|Expression           |        -|      -|        0|     400|    -|
|FIFO                 |        -|      -|        -|       -|    -|
|Instance             |        -|      -|        -|       -|    -|
|Memory               |        -|      -|        -|       -|    -|
|Multiplexer          |        -|      -|        -|       -|    -|
|Register             |        -|      -|        -|       -|    -|
+---------------------+---------+-------+---------+--------+-----+
|Total                |        0|      0|        0|     400|    0|
+---------------------+---------+-------+---------+--------+-----+
|Available SLR        |     2160|   2760|   663360|  331680|    0|
+---------------------+---------+-------+---------+--------+-----+
|Utilization SLR (%)  |        0|      0|        0|   ~0   |  100|
+---------------------+---------+-------+---------+--------+-----+
|Available            |     4320|   5520|  1326720|  663360|    0|
+---------------------+---------+-------+---------+--------+-----+
|Utilization (%)      |        0|      0|        0|   ~0   |    0|
+---------------------+---------+-------+---------+--------+-----+

+ Detail: 
    * Instance: 
    N/A

    * DSP48E: 
    N/A

    * Memory: 
    N/A

    * FIFO: 
    N/A

    * Expression: 
    +----------------------------+----------+-------+---+----+------------+------------+
    |        Variable Name       | Operation| DSP48E| FF| LUT| Bitwidth P0| Bitwidth P1|
    +----------------------------+----------+-------+---+----+------------+------------+
    |add_ln415_32_fu_368_p2      |     +    |      0|  0|  15|           7|           7|
    |add_ln415_33_fu_610_p2      |     +    |      0|  0|  15|           7|           7|
    |add_ln415_34_fu_852_p2      |     +    |      0|  0|  15|           7|           7|
    |add_ln415_fu_126_p2         |     +    |      0|  0|  15|           7|           7|
    |and_ln416_32_fu_388_p2      |    and   |      0|  0|   2|           1|           1|
    |and_ln416_33_fu_630_p2      |    and   |      0|  0|   2|           1|           1|
    |and_ln416_34_fu_872_p2      |    and   |      0|  0|   2|           1|           1|
    |and_ln416_fu_146_p2         |    and   |      0|  0|   2|           1|           1|
    |and_ln779_1_fu_462_p2       |    and   |      0|  0|   2|           1|           1|
    |and_ln779_2_fu_704_p2       |    and   |      0|  0|   2|           1|           1|
    |and_ln779_3_fu_946_p2       |    and   |      0|  0|   2|           1|           1|
    |and_ln779_fu_220_p2         |    and   |      0|  0|   2|           1|           1|
    |and_ln781_1_fu_476_p2       |    and   |      0|  0|   2|           1|           1|
    |and_ln781_2_fu_718_p2       |    and   |      0|  0|   2|           1|           1|
    |and_ln781_3_fu_960_p2       |    and   |      0|  0|   2|           1|           1|
    |and_ln781_fu_234_p2         |    and   |      0|  0|   2|           1|           1|
    |and_ln785_1_fu_500_p2       |    and   |      0|  0|   2|           1|           1|
    |and_ln785_2_fu_742_p2       |    and   |      0|  0|   2|           1|           1|
    |and_ln785_3_fu_984_p2       |    and   |      0|  0|   2|           1|           1|
    |and_ln785_fu_258_p2         |    and   |      0|  0|   2|           1|           1|
    |and_ln786_1_fu_506_p2       |    and   |      0|  0|   2|           1|           1|
    |and_ln786_2_fu_748_p2       |    and   |      0|  0|   2|           1|           1|
    |and_ln786_3_fu_990_p2       |    and   |      0|  0|   2|           1|           1|
    |and_ln786_4_fu_282_p2       |    and   |      0|  0|   2|           1|           1|
    |and_ln786_5_fu_524_p2       |    and   |      0|  0|   2|           1|           1|
    |and_ln786_6_fu_766_p2       |    and   |      0|  0|   2|           1|           1|
    |and_ln786_7_fu_1008_p2      |    and   |      0|  0|   2|           1|           1|
    |and_ln786_fu_264_p2         |    and   |      0|  0|   2|           1|           1|
    |icmp_ln768_32_fu_434_p2     |   icmp   |      0|  0|   9|           4|           1|
    |icmp_ln768_33_fu_676_p2     |   icmp   |      0|  0|   9|           4|           1|
    |icmp_ln768_34_fu_918_p2     |   icmp   |      0|  0|   9|           4|           1|
    |icmp_ln768_fu_192_p2        |   icmp   |      0|  0|   9|           4|           1|
    |icmp_ln879_32_fu_186_p2     |   icmp   |      0|  0|   9|           4|           2|
    |icmp_ln879_33_fu_412_p2     |   icmp   |      0|  0|   9|           3|           2|
    |icmp_ln879_34_fu_428_p2     |   icmp   |      0|  0|   9|           4|           2|
    |icmp_ln879_35_fu_654_p2     |   icmp   |      0|  0|   9|           3|           2|
    |icmp_ln879_36_fu_670_p2     |   icmp   |      0|  0|   9|           4|           2|
    |icmp_ln879_37_fu_896_p2     |   icmp   |      0|  0|   9|           3|           2|
    |icmp_ln879_38_fu_912_p2     |   icmp   |      0|  0|   9|           4|           2|
    |icmp_ln879_fu_170_p2        |   icmp   |      0|  0|   9|           3|           2|
    |or_ln340_1_fu_530_p2        |    or    |      0|  0|   2|           1|           1|
    |or_ln340_2_fu_772_p2        |    or    |      0|  0|   2|           1|           1|
    |or_ln340_32_fu_300_p2       |    or    |      0|  0|   2|           1|           1|
    |or_ln340_33_fu_294_p2       |    or    |      0|  0|   2|           1|           1|
    |or_ln340_34_fu_542_p2       |    or    |      0|  0|   2|           1|           1|
    |or_ln340_35_fu_536_p2       |    or    |      0|  0|   2|           1|           1|
    |or_ln340_36_fu_784_p2       |    or    |      0|  0|   2|           1|           1|
    |or_ln340_37_fu_778_p2       |    or    |      0|  0|   2|           1|           1|
    |or_ln340_38_fu_1026_p2      |    or    |      0|  0|   2|           1|           1|
    |or_ln340_39_fu_1020_p2      |    or    |      0|  0|   2|           1|           1|
    |or_ln340_3_fu_1014_p2       |    or    |      0|  0|   2|           1|           1|
    |or_ln340_fu_288_p2          |    or    |      0|  0|   2|           1|           1|
    |or_ln785_1_fu_488_p2        |    or    |      0|  0|   2|           1|           1|
    |or_ln785_2_fu_730_p2        |    or    |      0|  0|   2|           1|           1|
    |or_ln785_3_fu_972_p2        |    or    |      0|  0|   2|           1|           1|
    |or_ln785_fu_246_p2          |    or    |      0|  0|   2|           1|           1|
    |or_ln786_1_fu_512_p2        |    or    |      0|  0|   2|           1|           1|
    |or_ln786_2_fu_754_p2        |    or    |      0|  0|   2|           1|           1|
    |or_ln786_3_fu_996_p2        |    or    |      0|  0|   2|           1|           1|
    |or_ln786_fu_270_p2          |    or    |      0|  0|   2|           1|           1|
    |select_ln340_1_fu_548_p3    |  select  |      0|  0|   7|           1|           6|
    |select_ln340_2_fu_790_p3    |  select  |      0|  0|   7|           1|           6|
    |select_ln340_32_fu_322_p3   |  select  |      0|  0|   7|           1|           7|
    |select_ln340_33_fu_564_p3   |  select  |      0|  0|   7|           1|           7|
    |select_ln340_34_fu_806_p3   |  select  |      0|  0|   7|           1|           7|
    |select_ln340_35_fu_1048_p3  |  select  |      0|  0|   7|           1|           7|
    |select_ln340_3_fu_1032_p3   |  select  |      0|  0|   7|           1|           6|
    |select_ln340_fu_306_p3      |  select  |      0|  0|   7|           1|           6|
    |select_ln388_1_fu_556_p3    |  select  |      0|  0|   8|           1|           8|
    |select_ln388_2_fu_798_p3    |  select  |      0|  0|   8|           1|           8|
    |select_ln388_3_fu_1040_p3   |  select  |      0|  0|   8|           1|           8|
    |select_ln388_fu_314_p3      |  select  |      0|  0|   8|           1|           8|
    |select_ln416_1_fu_468_p3    |  select  |      0|  0|   2|           1|           1|
    |select_ln416_2_fu_710_p3    |  select  |      0|  0|   2|           1|           1|
    |select_ln416_3_fu_952_p3    |  select  |      0|  0|   2|           1|           1|
    |select_ln416_fu_226_p3      |  select  |      0|  0|   2|           1|           1|
    |select_ln777_32_fu_440_p3   |  select  |      0|  0|   2|           1|           1|
    |select_ln777_33_fu_682_p3   |  select  |      0|  0|   2|           1|           1|
    |select_ln777_34_fu_924_p3   |  select  |      0|  0|   2|           1|           1|
    |select_ln777_fu_198_p3      |  select  |      0|  0|   2|           1|           1|
    |xor_ln416_62_fu_382_p2      |    xor   |      0|  0|   2|           1|           2|
    |xor_ln416_63_fu_624_p2      |    xor   |      0|  0|   2|           1|           2|
    |xor_ln416_64_fu_866_p2      |    xor   |      0|  0|   2|           1|           2|
    |xor_ln416_fu_140_p2         |    xor   |      0|  0|   2|           1|           2|
    |xor_ln779_1_fu_456_p2       |    xor   |      0|  0|   2|           1|           2|
    |xor_ln779_2_fu_698_p2       |    xor   |      0|  0|   2|           1|           2|
    |xor_ln779_3_fu_940_p2       |    xor   |      0|  0|   2|           1|           2|
    |xor_ln779_fu_214_p2         |    xor   |      0|  0|   2|           1|           2|
    |xor_ln785_1_fu_482_p2       |    xor   |      0|  0|   2|           1|           2|
    |xor_ln785_2_fu_724_p2       |    xor   |      0|  0|   2|           1|           2|
    |xor_ln785_32_fu_252_p2      |    xor   |      0|  0|   2|           1|           2|
    |xor_ln785_33_fu_494_p2      |    xor   |      0|  0|   2|           1|           2|
    |xor_ln785_34_fu_736_p2      |    xor   |      0|  0|   2|           1|           2|
    |xor_ln785_35_fu_978_p2      |    xor   |      0|  0|   2|           1|           2|
    |xor_ln785_3_fu_966_p2       |    xor   |      0|  0|   2|           1|           2|
    |xor_ln785_fu_240_p2         |    xor   |      0|  0|   2|           1|           2|
    |xor_ln786_1_fu_518_p2       |    xor   |      0|  0|   2|           1|           2|
    |xor_ln786_2_fu_760_p2       |    xor   |      0|  0|   2|           1|           2|
    |xor_ln786_3_fu_1002_p2      |    xor   |      0|  0|   2|           1|           2|
    |xor_ln786_fu_276_p2         |    xor   |      0|  0|   2|           1|           2|
    +----------------------------+----------+-------+---+----+------------+------------+
    |Total                       |          |      0|  0| 400|         156|         224|
    +----------------------------+----------+-------+---+----+------------+------------+

    * Multiplexer: 
    N/A

    * Register: 
    N/A



================================================================
== Interface
================================================================
* Summary: 
+---------------+-----+-----+------------+---------------+--------------+
|   RTL Ports   | Dir | Bits|  Protocol  | Source Object |    C Type    |
+---------------+-----+-----+------------+---------------+--------------+
|ap_ready       | out |    1| ap_ctrl_hs |     linear    | return value |
|ap_return_0    | out |    7| ap_ctrl_hs |     linear    | return value |
|ap_return_1    | out |    7| ap_ctrl_hs |     linear    | return value |
|ap_return_2    | out |    7| ap_ctrl_hs |     linear    | return value |
|ap_return_3    | out |    7| ap_ctrl_hs |     linear    | return value |
|data_0_V_read  |  in |   16|   ap_none  | data_0_V_read |    scalar    |
|data_1_V_read  |  in |   16|   ap_none  | data_1_V_read |    scalar    |
|data_2_V_read  |  in |   16|   ap_none  | data_2_V_read |    scalar    |
|data_3_V_read  |  in |   16|   ap_none  | data_3_V_read |    scalar    |
+---------------+-----+-----+------------+---------------+--------------+

