

================================================================
== Vivado HLS Report for 'normalize_0_0_0_0_0_s'
================================================================
* Date:           Fri Dec  4 10:32:57 2020

* Version:        2020.1 (Build 2897737 on Wed May 27 20:21:37 MDT 2020)
* Project:        filtering_network_prj
* Solution:       solution1
* Product family: kintexu
* Target device:  xcku115-flvb2104-2-i


================================================================
== Performance Estimates
================================================================
+ Timing: 
    * Summary: 
    +--------+----------+----------+------------+
    |  Clock |  Target  | Estimated| Uncertainty|
    +--------+----------+----------+------------+
    |ap_clk  | 12.50 ns | 4.866 ns |   1.56 ns  |
    +--------+----------+----------+------------+

+ Latency: 
    * Summary: 
    +---------+---------+----------+----------+-----+-----+----------+
    |  Latency (cycles) |  Latency (absolute) |  Interval | Pipeline |
    |   min   |   max   |    min   |    max   | min | max |   Type   |
    +---------+---------+----------+----------+-----+-----+----------+
    |        0|        0|   0 ns   |   0 ns   |    1|    1| function |
    +---------+---------+----------+----------+-----+-----+----------+

    + Detail: 
        * Instance: 
        N/A

        * Loop: 
        N/A



================================================================
== Utilization Estimates
================================================================
* Summary: 
+---------------------+---------+-------+---------+--------+-----+
|         Name        | BRAM_18K| DSP48E|    FF   |   LUT  | URAM|
+---------------------+---------+-------+---------+--------+-----+
|DSP                  |        -|      -|        -|       -|    -|
|Expression           |        -|      8|        0|     584|    -|
|FIFO                 |        -|      -|        -|       -|    -|
|Instance             |        -|      -|        -|       -|    -|
|Memory               |        -|      -|        -|       -|    -|
|Multiplexer          |        -|      -|        -|       -|    -|
|Register             |        -|      -|        -|       -|    -|
+---------------------+---------+-------+---------+--------+-----+
|Total                |        0|      8|        0|     584|    0|
+---------------------+---------+-------+---------+--------+-----+
|Available SLR        |     2160|   2760|   663360|  331680|    0|
+---------------------+---------+-------+---------+--------+-----+
|Utilization SLR (%)  |        0|   ~0  |        0|   ~0   |  100|
+---------------------+---------+-------+---------+--------+-----+
|Available            |     4320|   5520|  1326720|  663360|    0|
+---------------------+---------+-------+---------+--------+-----+
|Utilization (%)      |        0|   ~0  |        0|   ~0   |    0|
+---------------------+---------+-------+---------+--------+-----+

+ Detail: 
    * Instance: 
    N/A

    * DSP48E: 
    N/A

    * Memory: 
    N/A

    * FIFO: 
    N/A

    * Expression: 
    +--------------------------+----------+-------+---+----+------------+------------+
    |       Variable Name      | Operation| DSP48E| FF| LUT| Bitwidth P0| Bitwidth P1|
    +--------------------------+----------+-------+---+----+------------+------------+
    |mul_ln1118_1_fu_165_p2    |     *    |      1|  0|   8|           6|          12|
    |mul_ln1118_2_fu_177_p2    |     *    |      1|  0|   8|           6|          12|
    |mul_ln1118_3_fu_175_p2    |     *    |      1|  0|   8|           6|          12|
    |mul_ln1118_4_fu_171_p2    |     *    |      1|  0|   8|           6|          12|
    |mul_ln1118_5_fu_174_p2    |     *    |      1|  0|   8|           6|          12|
    |mul_ln1118_6_fu_176_p2    |     *    |      1|  0|   8|           6|          12|
    |mul_ln1118_fu_168_p2      |     *    |      1|  0|   8|           6|          12|
    |mul_ln1192_fu_169_p2      |     *    |      1|  0|   8|           6|          12|
    |add_ln1118_1_fu_1041_p2   |     +    |      0|  0|  16|          18|          18|
    |add_ln1118_2_fu_1093_p2   |     +    |      0|  0|  16|          18|          18|
    |add_ln1118_3_fu_1145_p2   |     +    |      0|  0|  16|          18|          18|
    |add_ln1118_4_fu_1240_p2   |     +    |      0|  0|  25|          18|          18|
    |add_ln1118_5_fu_1304_p2   |     +    |      0|  0|  16|          18|          18|
    |add_ln1118_6_fu_1364_p2   |     +    |      0|  0|  25|          18|          18|
    |add_ln1118_7_fu_1463_p2   |     +    |      0|  0|  16|          18|          18|
    |add_ln1118_fu_985_p2      |     +    |      0|  0|  25|          18|          18|
    |add_ln1192_10_fu_1186_p2  |     +    |      0|  0|  26|          19|          19|
    |add_ln1192_11_fu_1250_p2  |     +    |      0|  0|  26|          19|          19|
    |add_ln1192_12_fu_1310_p2  |     +    |      0|  0|  16|          18|          18|
    |add_ln1192_13_fu_1374_p2  |     +    |      0|  0|  26|          19|          19|
    |add_ln1192_14_fu_1409_p2  |     +    |      0|  0|  26|          19|          19|
    |add_ln1192_15_fu_1469_p2  |     +    |      0|  0|  16|          18|          18|
    |add_ln1192_1_fu_791_p2    |     +    |      0|  0|  26|          19|          19|
    |add_ln1192_2_fu_826_p2    |     +    |      0|  0|  26|          19|          19|
    |add_ln1192_3_fu_861_p2    |     +    |      0|  0|  26|          19|          19|
    |add_ln1192_4_fu_896_p2    |     +    |      0|  0|  26|          19|          19|
    |add_ln1192_5_fu_931_p2    |     +    |      0|  0|  26|          19|          19|
    |add_ln1192_6_fu_995_p2    |     +    |      0|  0|  26|          19|          19|
    |add_ln1192_7_fu_1047_p2   |     +    |      0|  0|  16|          18|          18|
    |add_ln1192_8_fu_1099_p2   |     +    |      0|  0|  16|          18|          18|
    |add_ln1192_9_fu_1151_p2   |     +    |      0|  0|  16|          18|          18|
    |add_ln1192_fu_756_p2      |     +    |      0|  0|  25|          18|          18|
    +--------------------------+----------+-------+---+----+------------+------------+
    |Total                     |          |      8|  0| 584|         490|         538|
    +--------------------------+----------+-------+---+----+------------+------------+

    * Multiplexer: 
    N/A

    * Register: 
    N/A



================================================================
== Interface
================================================================
* Summary: 
+--------------+-----+-----+------------+----------------------+--------------+
|   RTL Ports  | Dir | Bits|  Protocol  |     Source Object    |    C Type    |
+--------------+-----+-----+------------+----------------------+--------------+
|ap_ready      | out |    1| ap_ctrl_hs | normalize.0.0.0.0.0. | return value |
|ap_return_0   | out |   16| ap_ctrl_hs | normalize.0.0.0.0.0. | return value |
|ap_return_1   | out |   16| ap_ctrl_hs | normalize.0.0.0.0.0. | return value |
|ap_return_2   | out |   16| ap_ctrl_hs | normalize.0.0.0.0.0. | return value |
|ap_return_3   | out |   16| ap_ctrl_hs | normalize.0.0.0.0.0. | return value |
|ap_return_4   | out |   16| ap_ctrl_hs | normalize.0.0.0.0.0. | return value |
|ap_return_5   | out |   16| ap_ctrl_hs | normalize.0.0.0.0.0. | return value |
|ap_return_6   | out |   16| ap_ctrl_hs | normalize.0.0.0.0.0. | return value |
|ap_return_7   | out |   16| ap_ctrl_hs | normalize.0.0.0.0.0. | return value |
|ap_return_8   | out |   16| ap_ctrl_hs | normalize.0.0.0.0.0. | return value |
|ap_return_9   | out |   16| ap_ctrl_hs | normalize.0.0.0.0.0. | return value |
|ap_return_10  | out |   16| ap_ctrl_hs | normalize.0.0.0.0.0. | return value |
|ap_return_11  | out |   16| ap_ctrl_hs | normalize.0.0.0.0.0. | return value |
|ap_return_12  | out |   16| ap_ctrl_hs | normalize.0.0.0.0.0. | return value |
|ap_return_13  | out |   16| ap_ctrl_hs | normalize.0.0.0.0.0. | return value |
|ap_return_14  | out |   16| ap_ctrl_hs | normalize.0.0.0.0.0. | return value |
|ap_return_15  | out |   16| ap_ctrl_hs | normalize.0.0.0.0.0. | return value |
|data_V_read   |  in |  192|   ap_none  |      data_V_read     |    scalar    |
+--------------+-----+-----+------------+----------------------+--------------+

