

================================================================
== Vivado HLS Report for 'normalize_0_0_0_0_0_s'
================================================================
* Date:           Wed Dec  9 19:30:16 2020

* Version:        2020.1 (Build 2897737 on Wed May 27 20:21:37 MDT 2020)
* Project:        filtering_network_prj
* Solution:       solution1
* Product family: kintexu
* Target device:  xcku115-flvb2104-2-i


================================================================
== Performance Estimates
================================================================
+ Timing: 
    * Summary: 
    +--------+----------+----------+------------+
    |  Clock |  Target  | Estimated| Uncertainty|
    +--------+----------+----------+------------+
    |ap_clk  | 12.50 ns | 5.680 ns |   1.56 ns  |
    +--------+----------+----------+------------+

+ Latency: 
    * Summary: 
    +---------+---------+----------+----------+-----+-----+----------+
    |  Latency (cycles) |  Latency (absolute) |  Interval | Pipeline |
    |   min   |   max   |    min   |    max   | min | max |   Type   |
    +---------+---------+----------+----------+-----+-----+----------+
    |        0|        0|   0 ns   |   0 ns   |    1|    1| function |
    +---------+---------+----------+----------+-----+-----+----------+

    + Detail: 
        * Instance: 
        N/A

        * Loop: 
        N/A



================================================================
== Utilization Estimates
================================================================
* Summary: 
+---------------------+---------+-------+---------+--------+-----+
|         Name        | BRAM_18K| DSP48E|    FF   |   LUT  | URAM|
+---------------------+---------+-------+---------+--------+-----+
|DSP                  |        -|      -|        -|       -|    -|
|Expression           |        -|     13|        0|    1890|    -|
|FIFO                 |        -|      -|        -|       -|    -|
|Instance             |        -|      -|        -|       -|    -|
|Memory               |        -|      -|        -|       -|    -|
|Multiplexer          |        -|      -|        -|       -|    -|
|Register             |        -|      -|        -|       -|    -|
+---------------------+---------+-------+---------+--------+-----+
|Total                |        0|     13|        0|    1890|    0|
+---------------------+---------+-------+---------+--------+-----+
|Available SLR        |     2160|   2760|   663360|  331680|    0|
+---------------------+---------+-------+---------+--------+-----+
|Utilization SLR (%)  |        0|   ~0  |        0|   ~0   |  100|
+---------------------+---------+-------+---------+--------+-----+
|Available            |     4320|   5520|  1326720|  663360|    0|
+---------------------+---------+-------+---------+--------+-----+
|Utilization (%)      |        0|   ~0  |        0|   ~0   |    0|
+---------------------+---------+-------+---------+--------+-----+

+ Detail: 
    * Instance: 
    N/A

    * DSP48E: 
    N/A

    * Memory: 
    N/A

    * FIFO: 
    N/A

    * Expression: 
    +----------------------------+----------+-------+---+----+------------+------------+
    |        Variable Name       | Operation| DSP48E| FF| LUT| Bitwidth P0| Bitwidth P1|
    +----------------------------+----------+-------+---+----+------------+------------+
    |mul_ln1118_10_fu_180_p2     |     *    |      1|  0|   8|           7|          12|
    |mul_ln1118_11_fu_183_p2     |     *    |      1|  0|   8|           7|          12|
    |mul_ln1118_1_fu_184_p2      |     *    |      1|  0|   8|           7|          12|
    |mul_ln1118_2_fu_189_p2      |     *    |      1|  0|   8|           7|          12|
    |mul_ln1118_3_fu_178_p2      |     *    |      1|  0|   8|           7|          12|
    |mul_ln1118_4_fu_190_p2      |     *    |      1|  0|   8|           7|          12|
    |mul_ln1118_5_fu_176_p2      |     *    |      1|  0|   8|           7|          12|
    |mul_ln1118_6_fu_182_p2      |     *    |      1|  0|   8|           7|          12|
    |mul_ln1118_7_fu_185_p2      |     *    |      1|  0|   8|           7|          12|
    |mul_ln1118_8_fu_179_p2      |     *    |      1|  0|   8|           7|          12|
    |mul_ln1118_9_fu_191_p2      |     *    |      1|  0|   8|           7|          12|
    |mul_ln1118_fu_177_p2        |     *    |      1|  0|   8|           7|          12|
    |mul_ln1192_fu_188_p2        |     *    |      1|  0|   8|           7|          12|
    |add_ln1118_1_fu_1789_p2     |     +    |      0|  0|  16|          19|          19|
    |add_ln1118_2_fu_2050_p2     |     +    |      0|  0|  26|          19|          19|
    |add_ln1118_fu_1627_p2       |     +    |      0|  0|  26|          19|          19|
    |add_ln1192_10_fu_2288_p2    |     +    |      0|  0|  27|          20|          20|
    |add_ln1192_11_fu_2383_p2    |     +    |      0|  0|  27|          20|          20|
    |add_ln1192_12_fu_2478_p2    |     +    |      0|  0|  27|          20|          20|
    |add_ln1192_13_fu_2573_p2    |     +    |      0|  0|  27|          20|          20|
    |add_ln1192_14_fu_2668_p2    |     +    |      0|  0|  27|          20|          20|
    |add_ln1192_15_fu_2763_p2    |     +    |      0|  0|  27|          20|          20|
    |add_ln1192_1_fu_1220_p2     |     +    |      0|  0|  27|          20|          20|
    |add_ln1192_2_fu_1315_p2     |     +    |      0|  0|  26|          19|          19|
    |add_ln1192_3_fu_1410_p2     |     +    |      0|  0|  27|          20|          20|
    |add_ln1192_4_fu_1505_p2     |     +    |      0|  0|  27|          20|          20|
    |add_ln1192_5_fu_1637_p2     |     +    |      0|  0|  27|          20|          20|
    |add_ln1192_6_fu_1795_p2     |     +    |      0|  0|  16|          19|          19|
    |add_ln1192_7_fu_1928_p2     |     +    |      0|  0|  27|          20|          20|
    |add_ln1192_8_fu_2060_p2     |     +    |      0|  0|  27|          20|          20|
    |add_ln1192_9_fu_2193_p2     |     +    |      0|  0|  27|          20|          20|
    |add_ln1192_fu_1125_p2       |     +    |      0|  0|  27|          20|          20|
    |add_ln703_1_fu_1657_p2      |     +    |      0|  0|  16|          20|          20|
    |add_ln703_2_fu_1809_p2      |     +    |      0|  0|  16|          19|          19|
    |add_ln703_3_fu_1815_p2      |     +    |      0|  0|  16|          19|          19|
    |add_ln703_4_fu_2074_p2      |     +    |      0|  0|  16|          20|          20|
    |add_ln703_5_fu_2080_p2      |     +    |      0|  0|  16|          20|          20|
    |add_ln703_fu_1651_p2        |     +    |      0|  0|  16|          20|          20|
    |and_ln785_1_fu_1853_p2      |    and   |      0|  0|   2|           1|           1|
    |and_ln785_2_fu_2118_p2      |    and   |      0|  0|   2|           1|           1|
    |and_ln785_fu_1695_p2        |    and   |      0|  0|   2|           1|           1|
    |and_ln786_10_fu_2326_p2     |    and   |      0|  0|   2|           1|           1|
    |and_ln786_11_fu_2421_p2     |    and   |      0|  0|   2|           1|           1|
    |and_ln786_12_fu_2516_p2     |    and   |      0|  0|   2|           1|           1|
    |and_ln786_13_fu_2611_p2     |    and   |      0|  0|   2|           1|           1|
    |and_ln786_14_fu_2706_p2     |    and   |      0|  0|   2|           1|           1|
    |and_ln786_15_fu_2801_p2     |    and   |      0|  0|   2|           1|           1|
    |and_ln786_16_fu_1701_p2     |    and   |      0|  0|   2|           1|           1|
    |and_ln786_17_fu_1859_p2     |    and   |      0|  0|   2|           1|           1|
    |and_ln786_18_fu_2124_p2     |    and   |      0|  0|   2|           1|           1|
    |and_ln786_1_fu_1258_p2      |    and   |      0|  0|   2|           1|           1|
    |and_ln786_2_fu_1353_p2      |    and   |      0|  0|   2|           1|           1|
    |and_ln786_3_fu_1448_p2      |    and   |      0|  0|   2|           1|           1|
    |and_ln786_4_fu_1543_p2      |    and   |      0|  0|   2|           1|           1|
    |and_ln786_5_fu_1713_p2      |    and   |      0|  0|   2|           1|           1|
    |and_ln786_6_fu_1871_p2      |    and   |      0|  0|   2|           1|           1|
    |and_ln786_7_fu_1966_p2      |    and   |      0|  0|   2|           1|           1|
    |and_ln786_8_fu_2136_p2      |    and   |      0|  0|   2|           1|           1|
    |and_ln786_9_fu_2231_p2      |    and   |      0|  0|   2|           1|           1|
    |and_ln786_fu_1163_p2        |    and   |      0|  0|   2|           1|           1|
    |or_ln340_32_fu_1270_p2      |    or    |      0|  0|   2|           1|           1|
    |or_ln340_33_fu_1365_p2      |    or    |      0|  0|   2|           1|           1|
    |or_ln340_34_fu_1460_p2      |    or    |      0|  0|   2|           1|           1|
    |or_ln340_35_fu_1555_p2      |    or    |      0|  0|   2|           1|           1|
    |or_ln340_36_fu_1725_p2      |    or    |      0|  0|   2|           1|           1|
    |or_ln340_37_fu_1883_p2      |    or    |      0|  0|   2|           1|           1|
    |or_ln340_38_fu_1978_p2      |    or    |      0|  0|   2|           1|           1|
    |or_ln340_39_fu_2148_p2      |    or    |      0|  0|   2|           1|           1|
    |or_ln340_40_fu_2243_p2      |    or    |      0|  0|   2|           1|           1|
    |or_ln340_41_fu_2338_p2      |    or    |      0|  0|   2|           1|           1|
    |or_ln340_42_fu_2433_p2      |    or    |      0|  0|   2|           1|           1|
    |or_ln340_43_fu_2528_p2      |    or    |      0|  0|   2|           1|           1|
    |or_ln340_44_fu_2623_p2      |    or    |      0|  0|   2|           1|           1|
    |or_ln340_45_fu_2718_p2      |    or    |      0|  0|   2|           1|           1|
    |or_ln340_46_fu_2813_p2      |    or    |      0|  0|   2|           1|           1|
    |or_ln340_5_fu_1719_p2       |    or    |      0|  0|   2|           1|           1|
    |or_ln340_6_fu_1877_p2       |    or    |      0|  0|   2|           1|           1|
    |or_ln340_8_fu_2142_p2       |    or    |      0|  0|   2|           1|           1|
    |or_ln340_fu_1175_p2         |    or    |      0|  0|   2|           1|           1|
    |or_ln785_1_fu_1841_p2       |    or    |      0|  0|   2|           1|           1|
    |or_ln785_2_fu_2106_p2       |    or    |      0|  0|   2|           1|           1|
    |or_ln785_fu_1683_p2         |    or    |      0|  0|   2|           1|           1|
    |select_ln340_10_fu_2344_p3  |  select  |      0|  0|  21|           1|          20|
    |select_ln340_11_fu_2439_p3  |  select  |      0|  0|  21|           1|          20|
    |select_ln340_12_fu_2534_p3  |  select  |      0|  0|  21|           1|          20|
    |select_ln340_13_fu_2629_p3  |  select  |      0|  0|  21|           1|          20|
    |select_ln340_14_fu_2724_p3  |  select  |      0|  0|  21|           1|          20|
    |select_ln340_15_fu_2819_p3  |  select  |      0|  0|  21|           1|          20|
    |select_ln340_1_fu_1276_p3   |  select  |      0|  0|  21|           1|          20|
    |select_ln340_2_fu_1371_p3   |  select  |      0|  0|  21|           1|          20|
    |select_ln340_32_fu_1197_p3  |  select  |      0|  0|  21|           1|          21|
    |select_ln340_33_fu_1292_p3  |  select  |      0|  0|  21|           1|          21|
    |select_ln340_34_fu_1387_p3  |  select  |      0|  0|  21|           1|          21|
    |select_ln340_35_fu_1482_p3  |  select  |      0|  0|  21|           1|          21|
    |select_ln340_36_fu_1577_p3  |  select  |      0|  0|  21|           1|          21|
    |select_ln340_37_fu_1747_p3  |  select  |      0|  0|  21|           1|          21|
    |select_ln340_38_fu_1905_p3  |  select  |      0|  0|  21|           1|          21|
    |select_ln340_39_fu_2000_p3  |  select  |      0|  0|  21|           1|          21|
    |select_ln340_3_fu_1466_p3   |  select  |      0|  0|  21|           1|          20|
    |select_ln340_40_fu_2170_p3  |  select  |      0|  0|  21|           1|          21|
    |select_ln340_41_fu_2265_p3  |  select  |      0|  0|  21|           1|          21|
    |select_ln340_42_fu_2360_p3  |  select  |      0|  0|  21|           1|          21|
    |select_ln340_43_fu_2455_p3  |  select  |      0|  0|  21|           1|          21|
    |select_ln340_44_fu_2550_p3  |  select  |      0|  0|  21|           1|          21|
    |select_ln340_45_fu_2645_p3  |  select  |      0|  0|  21|           1|          21|
    |select_ln340_46_fu_2740_p3  |  select  |      0|  0|  21|           1|          21|
    |select_ln340_47_fu_2835_p3  |  select  |      0|  0|  21|           1|          21|
    |select_ln340_4_fu_1561_p3   |  select  |      0|  0|  21|           1|          20|
    |select_ln340_5_fu_1731_p3   |  select  |      0|  0|  21|           1|          20|
    |select_ln340_6_fu_1889_p3   |  select  |      0|  0|  21|           1|          20|
    |select_ln340_7_fu_1984_p3   |  select  |      0|  0|  21|           1|          20|
    |select_ln340_8_fu_2154_p3   |  select  |      0|  0|  21|           1|          20|
    |select_ln340_9_fu_2249_p3   |  select  |      0|  0|  21|           1|          20|
    |select_ln340_fu_1181_p3     |  select  |      0|  0|  21|           1|          20|
    |select_ln388_10_fu_2352_p3  |  select  |      0|  0|  22|           1|          22|
    |select_ln388_11_fu_2447_p3  |  select  |      0|  0|  22|           1|          22|
    |select_ln388_12_fu_2542_p3  |  select  |      0|  0|  22|           1|          22|
    |select_ln388_13_fu_2637_p3  |  select  |      0|  0|  22|           1|          22|
    |select_ln388_14_fu_2732_p3  |  select  |      0|  0|  22|           1|          22|
    |select_ln388_15_fu_2827_p3  |  select  |      0|  0|  22|           1|          22|
    |select_ln388_1_fu_1284_p3   |  select  |      0|  0|  22|           1|          22|
    |select_ln388_2_fu_1379_p3   |  select  |      0|  0|  22|           1|          22|
    |select_ln388_3_fu_1474_p3   |  select  |      0|  0|  22|           1|          22|
    |select_ln388_4_fu_1569_p3   |  select  |      0|  0|  22|           1|          22|
    |select_ln388_5_fu_1739_p3   |  select  |      0|  0|  22|           1|          22|
    |select_ln388_6_fu_1897_p3   |  select  |      0|  0|  22|           1|          22|
    |select_ln388_7_fu_1992_p3   |  select  |      0|  0|  22|           1|          22|
    |select_ln388_8_fu_2162_p3   |  select  |      0|  0|  22|           1|          22|
    |select_ln388_9_fu_2257_p3   |  select  |      0|  0|  22|           1|          22|
    |select_ln388_fu_1189_p3     |  select  |      0|  0|  22|           1|          22|
    |xor_ln340_10_fu_2617_p2     |    xor   |      0|  0|   2|           1|           1|
    |xor_ln340_11_fu_2712_p2     |    xor   |      0|  0|   2|           1|           1|
    |xor_ln340_12_fu_2807_p2     |    xor   |      0|  0|   2|           1|           1|
    |xor_ln340_1_fu_1264_p2      |    xor   |      0|  0|   2|           1|           1|
    |xor_ln340_2_fu_1359_p2      |    xor   |      0|  0|   2|           1|           1|
    |xor_ln340_3_fu_1454_p2      |    xor   |      0|  0|   2|           1|           1|
    |xor_ln340_4_fu_1549_p2      |    xor   |      0|  0|   2|           1|           1|
    |xor_ln340_5_fu_1972_p2      |    xor   |      0|  0|   2|           1|           1|
    |xor_ln340_6_fu_2237_p2      |    xor   |      0|  0|   2|           1|           1|
    |xor_ln340_7_fu_2332_p2      |    xor   |      0|  0|   2|           1|           1|
    |xor_ln340_8_fu_2427_p2      |    xor   |      0|  0|   2|           1|           1|
    |xor_ln340_9_fu_2522_p2      |    xor   |      0|  0|   2|           1|           1|
    |xor_ln340_fu_1169_p2        |    xor   |      0|  0|   2|           1|           1|
    |xor_ln785_10_fu_2314_p2     |    xor   |      0|  0|   2|           1|           2|
    |xor_ln785_11_fu_2409_p2     |    xor   |      0|  0|   2|           1|           2|
    |xor_ln785_12_fu_2504_p2     |    xor   |      0|  0|   2|           1|           2|
    |xor_ln785_13_fu_2599_p2     |    xor   |      0|  0|   2|           1|           2|
    |xor_ln785_14_fu_2694_p2     |    xor   |      0|  0|   2|           1|           2|
    |xor_ln785_15_fu_2789_p2     |    xor   |      0|  0|   2|           1|           2|
    |xor_ln785_1_fu_1246_p2      |    xor   |      0|  0|   2|           1|           2|
    |xor_ln785_2_fu_1341_p2      |    xor   |      0|  0|   2|           1|           2|
    |xor_ln785_3_fu_1436_p2      |    xor   |      0|  0|   2|           1|           2|
    |xor_ln785_4_fu_1531_p2      |    xor   |      0|  0|   2|           1|           2|
    |xor_ln785_5_fu_1689_p2      |    xor   |      0|  0|   2|           1|           2|
    |xor_ln785_6_fu_1847_p2      |    xor   |      0|  0|   2|           1|           2|
    |xor_ln785_7_fu_1954_p2      |    xor   |      0|  0|   2|           1|           2|
    |xor_ln785_8_fu_2112_p2      |    xor   |      0|  0|   2|           1|           2|
    |xor_ln785_9_fu_2219_p2      |    xor   |      0|  0|   2|           1|           2|
    |xor_ln785_fu_1151_p2        |    xor   |      0|  0|   2|           1|           2|
    |xor_ln786_10_fu_2320_p2     |    xor   |      0|  0|   2|           1|           2|
    |xor_ln786_11_fu_2415_p2     |    xor   |      0|  0|   2|           1|           2|
    |xor_ln786_12_fu_2510_p2     |    xor   |      0|  0|   2|           1|           2|
    |xor_ln786_13_fu_2605_p2     |    xor   |      0|  0|   2|           1|           2|
    |xor_ln786_14_fu_2700_p2     |    xor   |      0|  0|   2|           1|           2|
    |xor_ln786_15_fu_2795_p2     |    xor   |      0|  0|   2|           1|           2|
    |xor_ln786_1_fu_1252_p2      |    xor   |      0|  0|   2|           1|           2|
    |xor_ln786_2_fu_1347_p2      |    xor   |      0|  0|   2|           1|           2|
    |xor_ln786_3_fu_1442_p2      |    xor   |      0|  0|   2|           1|           2|
    |xor_ln786_4_fu_1537_p2      |    xor   |      0|  0|   2|           1|           2|
    |xor_ln786_5_fu_1707_p2      |    xor   |      0|  0|   2|           2|           1|
    |xor_ln786_6_fu_1865_p2      |    xor   |      0|  0|   2|           2|           1|
    |xor_ln786_7_fu_1960_p2      |    xor   |      0|  0|   2|           1|           2|
    |xor_ln786_8_fu_2130_p2      |    xor   |      0|  0|   2|           2|           1|
    |xor_ln786_9_fu_2225_p2      |    xor   |      0|  0|   2|           1|           2|
    |xor_ln786_fu_1157_p2        |    xor   |      0|  0|   2|           1|           2|
    +----------------------------+----------+-------+---+----+------------+------------+
    |Total                       |          |     13|  0|1890|         724|        1775|
    +----------------------------+----------+-------+---+----+------------+------------+

    * Multiplexer: 
    N/A

    * Register: 
    N/A



================================================================
== Interface
================================================================
* Summary: 
+--------------+-----+-----+------------+----------------------+--------------+
|   RTL Ports  | Dir | Bits|  Protocol  |     Source Object    |    C Type    |
+--------------+-----+-----+------------+----------------------+--------------+
|ap_ready      | out |    1| ap_ctrl_hs | normalize.0.0.0.0.0. | return value |
|ap_return_0   | out |   21| ap_ctrl_hs | normalize.0.0.0.0.0. | return value |
|ap_return_1   | out |   21| ap_ctrl_hs | normalize.0.0.0.0.0. | return value |
|ap_return_2   | out |   21| ap_ctrl_hs | normalize.0.0.0.0.0. | return value |
|ap_return_3   | out |   21| ap_ctrl_hs | normalize.0.0.0.0.0. | return value |
|ap_return_4   | out |   21| ap_ctrl_hs | normalize.0.0.0.0.0. | return value |
|ap_return_5   | out |   21| ap_ctrl_hs | normalize.0.0.0.0.0. | return value |
|ap_return_6   | out |   21| ap_ctrl_hs | normalize.0.0.0.0.0. | return value |
|ap_return_7   | out |   21| ap_ctrl_hs | normalize.0.0.0.0.0. | return value |
|ap_return_8   | out |   21| ap_ctrl_hs | normalize.0.0.0.0.0. | return value |
|ap_return_9   | out |   21| ap_ctrl_hs | normalize.0.0.0.0.0. | return value |
|ap_return_10  | out |   21| ap_ctrl_hs | normalize.0.0.0.0.0. | return value |
|ap_return_11  | out |   21| ap_ctrl_hs | normalize.0.0.0.0.0. | return value |
|ap_return_12  | out |   21| ap_ctrl_hs | normalize.0.0.0.0.0. | return value |
|ap_return_13  | out |   21| ap_ctrl_hs | normalize.0.0.0.0.0. | return value |
|ap_return_14  | out |   21| ap_ctrl_hs | normalize.0.0.0.0.0. | return value |
|ap_return_15  | out |   21| ap_ctrl_hs | normalize.0.0.0.0.0. | return value |
|data_V_read   |  in |  192|   ap_none  |      data_V_read     |    scalar    |
+--------------+-----+-----+------------+----------------------+--------------+

