

================================================================
== Vivado HLS Report for 'product_3'
================================================================
* Date:           Thu Nov 26 15:34:10 2020

* Version:        2020.1 (Build 2897737 on Wed May 27 20:21:37 MDT 2020)
* Project:        myproject_prj
* Solution:       solution1
* Product family: kintexu
* Target device:  xcku115-flvb2104-2-i


================================================================
== Performance Estimates
================================================================
+ Timing: 
    * Summary: 
    +--------+----------+----------+------------+
    |  Clock |  Target  | Estimated| Uncertainty|
    +--------+----------+----------+------------+
    |ap_clk  | 12.50 ns | 3.753 ns |   1.56 ns  |
    +--------+----------+----------+------------+

+ Latency: 
    * Summary: 
    +---------+---------+----------+----------+-----+-----+----------+
    |  Latency (cycles) |  Latency (absolute) |  Interval | Pipeline |
    |   min   |   max   |    min   |    max   | min | max |   Type   |
    +---------+---------+----------+----------+-----+-----+----------+
    |        0|        0|   0 ns   |   0 ns   |    1|    1| function |
    +---------+---------+----------+----------+-----+-----+----------+

    + Detail: 
        * Instance: 
        N/A

        * Loop: 
        N/A

============================================================
+ Verbose Summary: Synthesis Manager
============================================================
InlineROM: 1
ExposeGlobal: 0
============================================================
+ Verbose Summary: CDFG Model
============================================================
IsTopModel: 0
ResetActiveHigh: 1
IsCombinational: 0
IsDatapathOnly: 0
HasWiredReturn: 1
HasMFsm: 2
HasVarLatency: 0
IsPipeline: 1
IsRtlPipelined: 0
IsInstanceOverlapped: 0
IsDontTouch: 0
HasImplIP: 0
IsGatedGlobalClock: 0

+ Individual pipeline summary: 
  * Pipeline-0: initiation interval (II) = 1, depth = 1


============================================================
+ Verbose Summary: Schedule
============================================================
* Number of FSM states : 1
* Pipeline : 1
  Pipeline-0 : II = 1, D = 1, States = { 1 }
* Dataflow Pipeline: 0

* FSM state transitions: 
1 --> 

* FSM state operations: 

State 1 <SV = 0> <Delay = 3.75>
ST_1 : Operation 2 [1/1] (0.00ns)   --->   "%w_V_read = call i10 @_ssdm_op_Read.ap_auto.i10(i10 %w_V)" [firmware/nnet_utils/nnet_dense.h:90]   --->   Operation 2 'read' 'w_V_read' <Predicate = true> <Delay = 0.00>
ST_1 : Operation 3 [1/1] (0.00ns)   --->   "%a_V_read = call i13 @_ssdm_op_Read.ap_auto.i13(i13 %a_V)" [firmware/nnet_utils/nnet_dense.h:90]   --->   Operation 3 'read' 'a_V_read' <Predicate = true> <Delay = 0.00>
ST_1 : Operation 4 [1/1] (0.00ns)   --->   "%sext_ln1116 = sext i13 %a_V_read to i23" [firmware/nnet_utils/nnet_dense.h:90]   --->   Operation 4 'sext' 'sext_ln1116' <Predicate = true> <Delay = 0.00>
ST_1 : Operation 5 [1/1] (0.00ns)   --->   "%sext_ln1118 = sext i10 %w_V_read to i23" [firmware/nnet_utils/nnet_dense.h:90]   --->   Operation 5 'sext' 'sext_ln1118' <Predicate = true> <Delay = 0.00>
ST_1 : Operation 6 [1/1] (3.75ns) (root node of the DSP)   --->   "%r_V = mul i23 %sext_ln1116, %sext_ln1118" [firmware/nnet_utils/nnet_dense.h:90]   --->   Operation 6 'mul' 'r_V' <Predicate = true> <Delay = 3.75> <Core = "DSP48">   --->   Core 88 'DSP48' <Latency = 0> <II = 1> <Delay = 3.75> <IPBlock> <Opcode : 'mul' 'add' 'sub' 'select'> <InPorts = 2> <OutPorts = 1> <Sync> <CReg>
ST_1 : Operation 7 [1/1] (0.00ns)   --->   "%trunc_ln = call i13 @_ssdm_op_PartSelect.i13.i23.i32.i32(i23 %r_V, i32 10, i32 22)" [firmware/nnet_utils/nnet_dense.h:90]   --->   Operation 7 'partselect' 'trunc_ln' <Predicate = true> <Delay = 0.00>
ST_1 : Operation 8 [1/1] (0.00ns)   --->   "ret i13 %trunc_ln" [firmware/nnet_utils/nnet_dense.h:90]   --->   Operation 8 'ret' <Predicate = true> <Delay = 0.00>


============================================================
+ Verbose Summary: Binding
============================================================
STG Binding: 
---------------- STG Properties BEGIN ----------------
- Is combinational: 1
- Is one-state seq: 0
- Is datapath-only: 0
- Is pipelined: 1
- Is top level: 0
Port [ Return ] is wired: 1; IO mode=ap_ctrl_hs:ce=0
Port [ a_V]:  wired=1; compound=0; hidden=0; nouse=0; global=0; static=0; extern=0; dir=0; type=0; pingpong=0; private_global=0; IO mode=ap_none:ce=0
Port [ w_V]:  wired=1; compound=0; hidden=0; nouse=0; global=0; static=0; extern=0; dir=0; type=0; pingpong=0; private_global=0; IO mode=ap_none:ce=0
---------------- STG Properties END ------------------

---------------- Datapath Model BEGIN ----------------

<LifeTime>
<method=bitvector/>
w_V_read    (read      ) [ 00]
a_V_read    (read      ) [ 00]
sext_ln1116 (sext      ) [ 00]
sext_ln1118 (sext      ) [ 00]
r_V         (mul       ) [ 00]
trunc_ln    (partselect) [ 00]
ret_ln90    (ret       ) [ 00]
</LifeTime>

<model>

<comp_list>
<comp id="0" class="1000" name="a_V">
<pin_list>
<pin id="1" dir="1" index="0" bw="1" slack="0"/>
</pin_list>
<bind>
<StgValue><ssdm name="a_V"/></StgValue>
</bind>
</comp>

<comp id="2" class="1000" name="w_V">
<pin_list>
<pin id="3" dir="1" index="0" bw="1" slack="0"/>
</pin_list>
<bind>
<StgValue><ssdm name="w_V"/></StgValue>
</bind>
</comp>

<comp id="4" class="1001" name="const_4">
<pin_list>
<pin id="5" dir="1" index="0" bw="1" slack="0"/>
</pin_list>
<bind>
<StgValue><ssdm name="_ssdm_op_Read.ap_auto.i10"/></StgValue>
</bind>
</comp>

<comp id="6" class="1001" name="const_6">
<pin_list>
<pin id="7" dir="1" index="0" bw="1" slack="0"/>
</pin_list>
<bind>
<StgValue><ssdm name="_ssdm_op_Read.ap_auto.i13"/></StgValue>
</bind>
</comp>

<comp id="8" class="1001" name="const_8">
<pin_list>
<pin id="9" dir="1" index="0" bw="1" slack="0"/>
</pin_list>
<bind>
<StgValue><ssdm name="_ssdm_op_PartSelect.i13.i23.i32.i32"/></StgValue>
</bind>
</comp>

<comp id="10" class="1001" name="const_10">
<pin_list>
<pin id="11" dir="1" index="0" bw="1" slack="0"/>
</pin_list>
<bind>
<StgValue><ssdm name=""/></StgValue>
</bind>
</comp>

<comp id="12" class="1001" name="const_12">
<pin_list>
<pin id="13" dir="1" index="0" bw="1" slack="0"/>
</pin_list>
<bind>
<StgValue><ssdm name=""/></StgValue>
</bind>
</comp>

<comp id="14" class="1004" name="w_V_read_read_fu_14">
<pin_list>
<pin id="15" dir="0" index="0" bw="10" slack="0"/>
<pin id="16" dir="0" index="1" bw="10" slack="0"/>
<pin id="17" dir="1" index="2" bw="10" slack="0"/>
</pin_list>
<bind>
<opcode="read(1150) " fcode="read"/>
<opset="w_V_read/1 "/>
</bind>
</comp>

<comp id="20" class="1004" name="a_V_read_read_fu_20">
<pin_list>
<pin id="21" dir="0" index="0" bw="13" slack="0"/>
<pin id="22" dir="0" index="1" bw="13" slack="0"/>
<pin id="23" dir="1" index="2" bw="13" slack="0"/>
</pin_list>
<bind>
<opcode="read(1150) " fcode="read"/>
<opset="a_V_read/1 "/>
</bind>
</comp>

<comp id="26" class="1004" name="sext_ln1116_fu_26">
<pin_list>
<pin id="27" dir="0" index="0" bw="13" slack="0"/>
<pin id="28" dir="1" index="1" bw="23" slack="0"/>
</pin_list>
<bind>
<opcode="sext(35) " fcode="sext"/>
<opset="sext_ln1116/1 "/>
</bind>
</comp>

<comp id="30" class="1004" name="sext_ln1118_fu_30">
<pin_list>
<pin id="31" dir="0" index="0" bw="10" slack="0"/>
<pin id="32" dir="1" index="1" bw="23" slack="0"/>
</pin_list>
<bind>
<opcode="sext(35) " fcode="sext"/>
<opset="sext_ln1118/1 "/>
</bind>
</comp>

<comp id="34" class="1004" name="trunc_ln_fu_34">
<pin_list>
<pin id="35" dir="0" index="0" bw="13" slack="0"/>
<pin id="36" dir="0" index="1" bw="23" slack="0"/>
<pin id="37" dir="0" index="2" bw="5" slack="0"/>
<pin id="38" dir="0" index="3" bw="6" slack="0"/>
<pin id="39" dir="1" index="4" bw="13" slack="2147483647"/>
</pin_list>
<bind>
<opcode="partselect(1002) " fcode="partselect"/>
<opset="trunc_ln/1 "/>
</bind>
</comp>

<comp id="43" class="1007" name="r_V_fu_43">
<pin_list>
<pin id="44" dir="0" index="0" bw="13" slack="0"/>
<pin id="45" dir="0" index="1" bw="10" slack="0"/>
<pin id="46" dir="1" index="2" bw="23" slack="0"/>
</pin_list>
<bind>
<opcode="mul(12) " fcode="mul"/>
<opset="r_V/1 "/>
</bind>
</comp>

</comp_list>

<net_list>
<net id="18"><net_src comp="4" pin="0"/><net_sink comp="14" pin=0"/></net>

<net id="19"><net_src comp="2" pin="0"/><net_sink comp="14" pin=1"/></net>

<net id="24"><net_src comp="6" pin="0"/><net_sink comp="20" pin=0"/></net>

<net id="25"><net_src comp="0" pin="0"/><net_sink comp="20" pin=1"/></net>

<net id="29"><net_src comp="20" pin="2"/><net_sink comp="26" pin=0"/></net>

<net id="33"><net_src comp="14" pin="2"/><net_sink comp="30" pin=0"/></net>

<net id="40"><net_src comp="8" pin="0"/><net_sink comp="34" pin=0"/></net>

<net id="41"><net_src comp="10" pin="0"/><net_sink comp="34" pin=2"/></net>

<net id="42"><net_src comp="12" pin="0"/><net_sink comp="34" pin=3"/></net>

<net id="47"><net_src comp="26" pin="1"/><net_sink comp="43" pin=0"/></net>

<net id="48"><net_src comp="30" pin="1"/><net_sink comp="43" pin=1"/></net>

<net id="49"><net_src comp="43" pin="2"/><net_sink comp="34" pin=1"/></net>

</net_list>

</model> 
---------------- Datapath Model END ------------------

* FSMD analyzer results:
  - Output states:
 - Input state : 
	Port: product.3 : a_V | {1 }
	Port: product.3 : w_V | {1 }
  - Chain level:
	State 1
		r_V : 1
		trunc_ln : 2
		ret_ln90 : 3


============================================================
+ Verbose Summary: Datapath Resource usage 
============================================================

* Functional unit list:
|----------|---------------------|---------|
| Operation|   Functional Unit   |  DSP48E |
|----------|---------------------|---------|
|    mul   |      r_V_fu_43      |    1    |
|----------|---------------------|---------|
|   read   | w_V_read_read_fu_14 |    0    |
|          | a_V_read_read_fu_20 |    0    |
|----------|---------------------|---------|
|   sext   |  sext_ln1116_fu_26  |    0    |
|          |  sext_ln1118_fu_30  |    0    |
|----------|---------------------|---------|
|partselect|    trunc_ln_fu_34   |    0    |
|----------|---------------------|---------|
|   Total  |                     |    1    |
|----------|---------------------|---------|

Memories:
N/A

* Register list:
N/A

* Multiplexer (MUX) list: 
|--------|------|------|------|--------|
|  Comp  |  Pin | Size |  BW  | S x BW |
|--------|------|------|------|--------|
|  Total |      |      |      |    0   |
|--------|------|------|------|--------|



* Summary:
+-----------+--------+
|           | DSP48E |
+-----------+--------+
|  Function |    1   |
|   Memory  |    -   |
|Multiplexer|    -   |
|  Register |    -   |
+-----------+--------+
|   Total   |    1   |
+-----------+--------+
