

================================================================
== Vivado HLS Report for 'dense_latency_0_0_0_3'
================================================================
* Date:           Thu Nov 26 15:34:26 2020

* Version:        2020.1 (Build 2897737 on Wed May 27 20:21:37 MDT 2020)
* Project:        myproject_prj
* Solution:       solution1
* Product family: kintexu
* Target device:  xcku115-flvb2104-2-i


================================================================
== Performance Estimates
================================================================
+ Timing: 
    * Summary: 
    +--------+----------+-----------+------------+
    |  Clock |  Target  | Estimated | Uncertainty|
    +--------+----------+-----------+------------+
    |ap_clk  | 12.50 ns | 10.907 ns |   1.56 ns  |
    +--------+----------+-----------+------------+

+ Latency: 
    * Summary: 
    +---------+---------+-----------+-----------+-----+-----+----------+
    |  Latency (cycles) |   Latency (absolute)  |  Interval | Pipeline |
    |   min   |   max   |    min    |    max    | min | max |   Type   |
    +---------+---------+-----------+-----------+-----+-----+----------+
    |        1|        1| 12.500 ns | 12.500 ns |    1|    1| function |
    +---------+---------+-----------+-----------+-----+-----+----------+

    + Detail: 
        * Instance: 
        +-------------------------------+-----------+---------+---------+----------+----------+-----+-----+----------+
        |                               |           |  Latency (cycles) |  Latency (absolute) |  Interval | Pipeline |
        |            Instance           |   Module  |   min   |   max   |    min   |    max   | min | max |   Type   |
        +-------------------------------+-----------+---------+---------+----------+----------+-----+-----+----------+
        |mult_0_V_product_4_fu_624      |product_4  |        0|        0|   0 ns   |   0 ns   |    1|    1| function |
        |mult_32_V_product_4_fu_632     |product_4  |        0|        0|   0 ns   |   0 ns   |    1|    1| function |
        |mult_38_V_product_4_fu_640     |product_4  |        0|        0|   0 ns   |   0 ns   |    1|    1| function |
        |mult_54_V_product_4_fu_648     |product_4  |        0|        0|   0 ns   |   0 ns   |    1|    1| function |
        |mult_64_V_product_4_fu_656     |product_4  |        0|        0|   0 ns   |   0 ns   |    1|    1| function |
        |mult_65_V_product_4_fu_664     |product_4  |        0|        0|   0 ns   |   0 ns   |    1|    1| function |
        |mult_68_V_product_4_fu_672     |product_4  |        0|        0|   0 ns   |   0 ns   |    1|    1| function |
        |mult_71_V_product_4_fu_680     |product_4  |        0|        0|   0 ns   |   0 ns   |    1|    1| function |
        |mult_74_V_product_4_fu_688     |product_4  |        0|        0|   0 ns   |   0 ns   |    1|    1| function |
        |mult_77_V_product_4_fu_696     |product_4  |        0|        0|   0 ns   |   0 ns   |    1|    1| function |
        |mult_79_V_product_4_fu_704     |product_4  |        0|        0|   0 ns   |   0 ns   |    1|    1| function |
        |mult_96_V_product_4_fu_712     |product_4  |        0|        0|   0 ns   |   0 ns   |    1|    1| function |
        |mult_128_V_product_4_fu_720    |product_4  |        0|        0|   0 ns   |   0 ns   |    1|    1| function |
        |mult_160_V_product_4_fu_728    |product_4  |        0|        0|   0 ns   |   0 ns   |    1|    1| function |
        |mult_192_V_product_4_fu_736    |product_4  |        0|        0|   0 ns   |   0 ns   |    1|    1| function |
        |mult_224_V_product_4_fu_744    |product_4  |        0|        0|   0 ns   |   0 ns   |    1|    1| function |
        |mult_230_V_product_4_fu_752    |product_4  |        0|        0|   0 ns   |   0 ns   |    1|    1| function |
        |mult_243_V_product_4_fu_760    |product_4  |        0|        0|   0 ns   |   0 ns   |    1|    1| function |
        |mult_246_V_product_4_fu_768    |product_4  |        0|        0|   0 ns   |   0 ns   |    1|    1| function |
        |mult_256_V_product_4_fu_776    |product_4  |        0|        0|   0 ns   |   0 ns   |    1|    1| function |
        |mult_288_V_product_4_fu_784    |product_4  |        0|        0|   0 ns   |   0 ns   |    1|    1| function |
        |mult_320_V_product_4_fu_792    |product_4  |        0|        0|   0 ns   |   0 ns   |    1|    1| function |
        |mult_352_V_product_4_fu_800    |product_4  |        0|        0|   0 ns   |   0 ns   |    1|    1| function |
        |mult_384_V_product_4_fu_808    |product_4  |        0|        0|   0 ns   |   0 ns   |    1|    1| function |
        |mult_416_V_product_4_fu_816    |product_4  |        0|        0|   0 ns   |   0 ns   |    1|    1| function |
        |mult_448_V_product_4_fu_824    |product_4  |        0|        0|   0 ns   |   0 ns   |    1|    1| function |
        |mult_480_V_product_4_fu_832    |product_4  |        0|        0|   0 ns   |   0 ns   |    1|    1| function |
        |mult_512_V_product_4_fu_840    |product_4  |        0|        0|   0 ns   |   0 ns   |    1|    1| function |
        |mult_544_V_product_4_fu_848    |product_4  |        0|        0|   0 ns   |   0 ns   |    1|    1| function |
        |mult_576_V_product_4_fu_856    |product_4  |        0|        0|   0 ns   |   0 ns   |    1|    1| function |
        |mult_580_V_product_4_fu_864    |product_4  |        0|        0|   0 ns   |   0 ns   |    1|    1| function |
        |mult_589_V_product_4_fu_872    |product_4  |        0|        0|   0 ns   |   0 ns   |    1|    1| function |
        |mult_591_V_product_4_fu_880    |product_4  |        0|        0|   0 ns   |   0 ns   |    1|    1| function |
        |mult_608_V_product_4_fu_888    |product_4  |        0|        0|   0 ns   |   0 ns   |    1|    1| function |
        |mult_640_V_product_4_fu_896    |product_4  |        0|        0|   0 ns   |   0 ns   |    1|    1| function |
        |mult_672_V_product_4_fu_904    |product_4  |        0|        0|   0 ns   |   0 ns   |    1|    1| function |
        |mult_704_V_product_4_fu_912    |product_4  |        0|        0|   0 ns   |   0 ns   |    1|    1| function |
        |mult_710_V_product_4_fu_920    |product_4  |        0|        0|   0 ns   |   0 ns   |    1|    1| function |
        |mult_723_V_product_4_fu_928    |product_4  |        0|        0|   0 ns   |   0 ns   |    1|    1| function |
        |mult_726_V_product_4_fu_936    |product_4  |        0|        0|   0 ns   |   0 ns   |    1|    1| function |
        |mult_736_V_product_4_fu_944    |product_4  |        0|        0|   0 ns   |   0 ns   |    1|    1| function |
        |mult_740_V_product_4_fu_952    |product_4  |        0|        0|   0 ns   |   0 ns   |    1|    1| function |
        |mult_749_V_product_4_fu_960    |product_4  |        0|        0|   0 ns   |   0 ns   |    1|    1| function |
        |mult_751_V_product_4_fu_968    |product_4  |        0|        0|   0 ns   |   0 ns   |    1|    1| function |
        |mult_768_V_product_4_fu_976    |product_4  |        0|        0|   0 ns   |   0 ns   |    1|    1| function |
        |mult_800_V_product_4_fu_984    |product_4  |        0|        0|   0 ns   |   0 ns   |    1|    1| function |
        |mult_832_V_product_4_fu_992    |product_4  |        0|        0|   0 ns   |   0 ns   |    1|    1| function |
        |mult_864_V_product_4_fu_1000   |product_4  |        0|        0|   0 ns   |   0 ns   |    1|    1| function |
        |mult_896_V_product_4_fu_1008   |product_4  |        0|        0|   0 ns   |   0 ns   |    1|    1| function |
        |mult_897_V_product_4_fu_1016   |product_4  |        0|        0|   0 ns   |   0 ns   |    1|    1| function |
        |mult_903_V_product_4_fu_1024   |product_4  |        0|        0|   0 ns   |   0 ns   |    1|    1| function |
        |mult_928_V_product_4_fu_1032   |product_4  |        0|        0|   0 ns   |   0 ns   |    1|    1| function |
        |mult_960_V_product_4_fu_1040   |product_4  |        0|        0|   0 ns   |   0 ns   |    1|    1| function |
        |mult_964_V_product_4_fu_1048   |product_4  |        0|        0|   0 ns   |   0 ns   |    1|    1| function |
        |mult_973_V_product_4_fu_1056   |product_4  |        0|        0|   0 ns   |   0 ns   |    1|    1| function |
        |mult_992_V_product_4_fu_1064   |product_4  |        0|        0|   0 ns   |   0 ns   |    1|    1| function |
        |mult_1024_V_product_4_fu_1072  |product_4  |        0|        0|   0 ns   |   0 ns   |    1|    1| function |
        |mult_1056_V_product_4_fu_1080  |product_4  |        0|        0|   0 ns   |   0 ns   |    1|    1| function |
        |mult_1088_V_product_4_fu_1088  |product_4  |        0|        0|   0 ns   |   0 ns   |    1|    1| function |
        |mult_1120_V_product_4_fu_1096  |product_4  |        0|        0|   0 ns   |   0 ns   |    1|    1| function |
        |mult_1152_V_product_4_fu_1104  |product_4  |        0|        0|   0 ns   |   0 ns   |    1|    1| function |
        |mult_1158_V_product_4_fu_1112  |product_4  |        0|        0|   0 ns   |   0 ns   |    1|    1| function |
        |mult_1174_V_product_4_fu_1120  |product_4  |        0|        0|   0 ns   |   0 ns   |    1|    1| function |
        |mult_1184_V_product_4_fu_1128  |product_4  |        0|        0|   0 ns   |   0 ns   |    1|    1| function |
        |mult_1216_V_product_4_fu_1136  |product_4  |        0|        0|   0 ns   |   0 ns   |    1|    1| function |
        |mult_1248_V_product_4_fu_1144  |product_4  |        0|        0|   0 ns   |   0 ns   |    1|    1| function |
        |mult_1280_V_product_4_fu_1152  |product_4  |        0|        0|   0 ns   |   0 ns   |    1|    1| function |
        |mult_1312_V_product_4_fu_1160  |product_4  |        0|        0|   0 ns   |   0 ns   |    1|    1| function |
        |mult_1316_V_product_4_fu_1168  |product_4  |        0|        0|   0 ns   |   0 ns   |    1|    1| function |
        |mult_1325_V_product_4_fu_1176  |product_4  |        0|        0|   0 ns   |   0 ns   |    1|    1| function |
        |mult_1327_V_product_4_fu_1184  |product_4  |        0|        0|   0 ns   |   0 ns   |    1|    1| function |
        |mult_1344_V_product_4_fu_1192  |product_4  |        0|        0|   0 ns   |   0 ns   |    1|    1| function |
        |mult_1345_V_product_4_fu_1200  |product_4  |        0|        0|   0 ns   |   0 ns   |    1|    1| function |
        |mult_1351_V_product_4_fu_1208  |product_4  |        0|        0|   0 ns   |   0 ns   |    1|    1| function |
        |mult_1354_V_product_4_fu_1216  |product_4  |        0|        0|   0 ns   |   0 ns   |    1|    1| function |
        |mult_1376_V_product_4_fu_1224  |product_4  |        0|        0|   0 ns   |   0 ns   |    1|    1| function |
        |mult_1408_V_product_4_fu_1232  |product_4  |        0|        0|   0 ns   |   0 ns   |    1|    1| function |
        |mult_1440_V_product_4_fu_1240  |product_4  |        0|        0|   0 ns   |   0 ns   |    1|    1| function |
        |mult_1446_V_product_4_fu_1248  |product_4  |        0|        0|   0 ns   |   0 ns   |    1|    1| function |
        |mult_1462_V_product_4_fu_1256  |product_4  |        0|        0|   0 ns   |   0 ns   |    1|    1| function |
        |mult_1472_V_product_4_fu_1264  |product_4  |        0|        0|   0 ns   |   0 ns   |    1|    1| function |
        |mult_1504_V_product_4_fu_1272  |product_4  |        0|        0|   0 ns   |   0 ns   |    1|    1| function |
        |mult_1536_V_product_4_fu_1280  |product_4  |        0|        0|   0 ns   |   0 ns   |    1|    1| function |
        |mult_1568_V_product_4_fu_1288  |product_4  |        0|        0|   0 ns   |   0 ns   |    1|    1| function |
        |mult_1600_V_product_4_fu_1296  |product_4  |        0|        0|   0 ns   |   0 ns   |    1|    1| function |
        |mult_1632_V_product_4_fu_1304  |product_4  |        0|        0|   0 ns   |   0 ns   |    1|    1| function |
        |mult_1664_V_product_4_fu_1312  |product_4  |        0|        0|   0 ns   |   0 ns   |    1|    1| function |
        |mult_1696_V_product_4_fu_1320  |product_4  |        0|        0|   0 ns   |   0 ns   |    1|    1| function |
        |mult_1728_V_product_4_fu_1328  |product_4  |        0|        0|   0 ns   |   0 ns   |    1|    1| function |
        |mult_1729_V_product_4_fu_1336  |product_4  |        0|        0|   0 ns   |   0 ns   |    1|    1| function |
        |mult_1732_V_product_4_fu_1344  |product_4  |        0|        0|   0 ns   |   0 ns   |    1|    1| function |
        |mult_1735_V_product_4_fu_1352  |product_4  |        0|        0|   0 ns   |   0 ns   |    1|    1| function |
        |mult_1738_V_product_4_fu_1360  |product_4  |        0|        0|   0 ns   |   0 ns   |    1|    1| function |
        |mult_1760_V_product_4_fu_1368  |product_4  |        0|        0|   0 ns   |   0 ns   |    1|    1| function |
        |mult_1766_V_product_4_fu_1376  |product_4  |        0|        0|   0 ns   |   0 ns   |    1|    1| function |
        |mult_1767_V_product_4_fu_1384  |product_4  |        0|        0|   0 ns   |   0 ns   |    1|    1| function |
        |mult_1782_V_product_4_fu_1392  |product_4  |        0|        0|   0 ns   |   0 ns   |    1|    1| function |
        |mult_1792_V_product_4_fu_1400  |product_4  |        0|        0|   0 ns   |   0 ns   |    1|    1| function |
        |mult_1824_V_product_4_fu_1408  |product_4  |        0|        0|   0 ns   |   0 ns   |    1|    1| function |
        |mult_1828_V_product_4_fu_1416  |product_4  |        0|        0|   0 ns   |   0 ns   |    1|    1| function |
        |mult_1837_V_product_4_fu_1424  |product_4  |        0|        0|   0 ns   |   0 ns   |    1|    1| function |
        |mult_1839_V_product_4_fu_1432  |product_4  |        0|        0|   0 ns   |   0 ns   |    1|    1| function |
        |mult_1856_V_product_4_fu_1440  |product_4  |        0|        0|   0 ns   |   0 ns   |    1|    1| function |
        |mult_1888_V_product_4_fu_1448  |product_4  |        0|        0|   0 ns   |   0 ns   |    1|    1| function |
        |mult_1889_V_product_4_fu_1456  |product_4  |        0|        0|   0 ns   |   0 ns   |    1|    1| function |
        |mult_1890_V_product_4_fu_1464  |product_4  |        0|        0|   0 ns   |   0 ns   |    1|    1| function |
        |mult_1892_V_product_4_fu_1472  |product_4  |        0|        0|   0 ns   |   0 ns   |    1|    1| function |
        |mult_1895_V_product_4_fu_1480  |product_4  |        0|        0|   0 ns   |   0 ns   |    1|    1| function |
        |mult_1898_V_product_4_fu_1488  |product_4  |        0|        0|   0 ns   |   0 ns   |    1|    1| function |
        |mult_1903_V_product_4_fu_1496  |product_4  |        0|        0|   0 ns   |   0 ns   |    1|    1| function |
        |mult_1920_V_product_4_fu_1504  |product_4  |        0|        0|   0 ns   |   0 ns   |    1|    1| function |
        |mult_1952_V_product_4_fu_1512  |product_4  |        0|        0|   0 ns   |   0 ns   |    1|    1| function |
        |mult_1984_V_product_4_fu_1520  |product_4  |        0|        0|   0 ns   |   0 ns   |    1|    1| function |
        |mult_2016_V_product_4_fu_1528  |product_4  |        0|        0|   0 ns   |   0 ns   |    1|    1| function |
        |mult_1730_V_product_4_fu_1536  |product_4  |        0|        0|   0 ns   |   0 ns   |    1|    1| function |
        +-------------------------------+-----------+---------+---------+----------+----------+-----+-----+----------+

        * Loop: 
        N/A



================================================================
== Utilization Estimates
================================================================
* Summary: 
+---------------------+---------+-------+---------+--------+-----+
|         Name        | BRAM_18K| DSP48E|    FF   |   LUT  | URAM|
+---------------------+---------+-------+---------+--------+-----+
|DSP                  |        -|      -|        -|       -|    -|
|Expression           |        -|      -|        0|    9105|    -|
|FIFO                 |        -|      -|        -|       -|    -|
|Instance             |        -|    115|        -|       -|    -|
|Memory               |        -|      -|        -|       -|    -|
|Multiplexer          |        -|      -|        -|     288|    -|
|Register             |        -|      -|      913|       -|    -|
+---------------------+---------+-------+---------+--------+-----+
|Total                |        0|    115|      913|    9393|    0|
+---------------------+---------+-------+---------+--------+-----+
|Available SLR        |     2160|   2760|   663360|  331680|    0|
+---------------------+---------+-------+---------+--------+-----+
|Utilization SLR (%)  |        0|      4|    ~0   |       2|  100|
+---------------------+---------+-------+---------+--------+-----+
|Available            |     4320|   5520|  1326720|  663360|    0|
+---------------------+---------+-------+---------+--------+-----+
|Utilization (%)      |        0|      2|    ~0   |       1|    0|
+---------------------+---------+-------+---------+--------+-----+

+ Detail: 
    * Instance: 
    +-------------------------------+-----------+---------+-------+---+----+-----+
    |            Instance           |   Module  | BRAM_18K| DSP48E| FF| LUT| URAM|
    +-------------------------------+-----------+---------+-------+---+----+-----+
    |mult_0_V_product_4_fu_624      |product_4  |        0|      1|  0|   0|    0|
    |mult_32_V_product_4_fu_632     |product_4  |        0|      1|  0|   0|    0|
    |mult_38_V_product_4_fu_640     |product_4  |        0|      1|  0|   0|    0|
    |mult_54_V_product_4_fu_648     |product_4  |        0|      1|  0|   0|    0|
    |mult_64_V_product_4_fu_656     |product_4  |        0|      1|  0|   0|    0|
    |mult_65_V_product_4_fu_664     |product_4  |        0|      1|  0|   0|    0|
    |mult_68_V_product_4_fu_672     |product_4  |        0|      1|  0|   0|    0|
    |mult_71_V_product_4_fu_680     |product_4  |        0|      1|  0|   0|    0|
    |mult_74_V_product_4_fu_688     |product_4  |        0|      1|  0|   0|    0|
    |mult_77_V_product_4_fu_696     |product_4  |        0|      1|  0|   0|    0|
    |mult_79_V_product_4_fu_704     |product_4  |        0|      1|  0|   0|    0|
    |mult_96_V_product_4_fu_712     |product_4  |        0|      1|  0|   0|    0|
    |mult_128_V_product_4_fu_720    |product_4  |        0|      1|  0|   0|    0|
    |mult_160_V_product_4_fu_728    |product_4  |        0|      1|  0|   0|    0|
    |mult_192_V_product_4_fu_736    |product_4  |        0|      1|  0|   0|    0|
    |mult_224_V_product_4_fu_744    |product_4  |        0|      1|  0|   0|    0|
    |mult_230_V_product_4_fu_752    |product_4  |        0|      1|  0|   0|    0|
    |mult_243_V_product_4_fu_760    |product_4  |        0|      1|  0|   0|    0|
    |mult_246_V_product_4_fu_768    |product_4  |        0|      1|  0|   0|    0|
    |mult_256_V_product_4_fu_776    |product_4  |        0|      1|  0|   0|    0|
    |mult_288_V_product_4_fu_784    |product_4  |        0|      1|  0|   0|    0|
    |mult_320_V_product_4_fu_792    |product_4  |        0|      1|  0|   0|    0|
    |mult_352_V_product_4_fu_800    |product_4  |        0|      1|  0|   0|    0|
    |mult_384_V_product_4_fu_808    |product_4  |        0|      1|  0|   0|    0|
    |mult_416_V_product_4_fu_816    |product_4  |        0|      1|  0|   0|    0|
    |mult_448_V_product_4_fu_824    |product_4  |        0|      1|  0|   0|    0|
    |mult_480_V_product_4_fu_832    |product_4  |        0|      1|  0|   0|    0|
    |mult_512_V_product_4_fu_840    |product_4  |        0|      1|  0|   0|    0|
    |mult_544_V_product_4_fu_848    |product_4  |        0|      1|  0|   0|    0|
    |mult_576_V_product_4_fu_856    |product_4  |        0|      1|  0|   0|    0|
    |mult_580_V_product_4_fu_864    |product_4  |        0|      1|  0|   0|    0|
    |mult_589_V_product_4_fu_872    |product_4  |        0|      1|  0|   0|    0|
    |mult_591_V_product_4_fu_880    |product_4  |        0|      1|  0|   0|    0|
    |mult_608_V_product_4_fu_888    |product_4  |        0|      1|  0|   0|    0|
    |mult_640_V_product_4_fu_896    |product_4  |        0|      1|  0|   0|    0|
    |mult_672_V_product_4_fu_904    |product_4  |        0|      1|  0|   0|    0|
    |mult_704_V_product_4_fu_912    |product_4  |        0|      1|  0|   0|    0|
    |mult_710_V_product_4_fu_920    |product_4  |        0|      1|  0|   0|    0|
    |mult_723_V_product_4_fu_928    |product_4  |        0|      1|  0|   0|    0|
    |mult_726_V_product_4_fu_936    |product_4  |        0|      1|  0|   0|    0|
    |mult_736_V_product_4_fu_944    |product_4  |        0|      1|  0|   0|    0|
    |mult_740_V_product_4_fu_952    |product_4  |        0|      1|  0|   0|    0|
    |mult_749_V_product_4_fu_960    |product_4  |        0|      1|  0|   0|    0|
    |mult_751_V_product_4_fu_968    |product_4  |        0|      1|  0|   0|    0|
    |mult_768_V_product_4_fu_976    |product_4  |        0|      1|  0|   0|    0|
    |mult_800_V_product_4_fu_984    |product_4  |        0|      1|  0|   0|    0|
    |mult_832_V_product_4_fu_992    |product_4  |        0|      1|  0|   0|    0|
    |mult_864_V_product_4_fu_1000   |product_4  |        0|      1|  0|   0|    0|
    |mult_896_V_product_4_fu_1008   |product_4  |        0|      1|  0|   0|    0|
    |mult_897_V_product_4_fu_1016   |product_4  |        0|      1|  0|   0|    0|
    |mult_903_V_product_4_fu_1024   |product_4  |        0|      1|  0|   0|    0|
    |mult_928_V_product_4_fu_1032   |product_4  |        0|      1|  0|   0|    0|
    |mult_960_V_product_4_fu_1040   |product_4  |        0|      1|  0|   0|    0|
    |mult_964_V_product_4_fu_1048   |product_4  |        0|      1|  0|   0|    0|
    |mult_973_V_product_4_fu_1056   |product_4  |        0|      1|  0|   0|    0|
    |mult_992_V_product_4_fu_1064   |product_4  |        0|      1|  0|   0|    0|
    |mult_1024_V_product_4_fu_1072  |product_4  |        0|      1|  0|   0|    0|
    |mult_1056_V_product_4_fu_1080  |product_4  |        0|      1|  0|   0|    0|
    |mult_1088_V_product_4_fu_1088  |product_4  |        0|      1|  0|   0|    0|
    |mult_1120_V_product_4_fu_1096  |product_4  |        0|      1|  0|   0|    0|
    |mult_1152_V_product_4_fu_1104  |product_4  |        0|      1|  0|   0|    0|
    |mult_1158_V_product_4_fu_1112  |product_4  |        0|      1|  0|   0|    0|
    |mult_1174_V_product_4_fu_1120  |product_4  |        0|      1|  0|   0|    0|
    |mult_1184_V_product_4_fu_1128  |product_4  |        0|      1|  0|   0|    0|
    |mult_1216_V_product_4_fu_1136  |product_4  |        0|      1|  0|   0|    0|
    |mult_1248_V_product_4_fu_1144  |product_4  |        0|      1|  0|   0|    0|
    |mult_1280_V_product_4_fu_1152  |product_4  |        0|      1|  0|   0|    0|
    |mult_1312_V_product_4_fu_1160  |product_4  |        0|      1|  0|   0|    0|
    |mult_1316_V_product_4_fu_1168  |product_4  |        0|      1|  0|   0|    0|
    |mult_1325_V_product_4_fu_1176  |product_4  |        0|      1|  0|   0|    0|
    |mult_1327_V_product_4_fu_1184  |product_4  |        0|      1|  0|   0|    0|
    |mult_1344_V_product_4_fu_1192  |product_4  |        0|      1|  0|   0|    0|
    |mult_1345_V_product_4_fu_1200  |product_4  |        0|      1|  0|   0|    0|
    |mult_1351_V_product_4_fu_1208  |product_4  |        0|      1|  0|   0|    0|
    |mult_1354_V_product_4_fu_1216  |product_4  |        0|      1|  0|   0|    0|
    |mult_1376_V_product_4_fu_1224  |product_4  |        0|      1|  0|   0|    0|
    |mult_1408_V_product_4_fu_1232  |product_4  |        0|      1|  0|   0|    0|
    |mult_1440_V_product_4_fu_1240  |product_4  |        0|      1|  0|   0|    0|
    |mult_1446_V_product_4_fu_1248  |product_4  |        0|      1|  0|   0|    0|
    |mult_1462_V_product_4_fu_1256  |product_4  |        0|      1|  0|   0|    0|
    |mult_1472_V_product_4_fu_1264  |product_4  |        0|      1|  0|   0|    0|
    |mult_1504_V_product_4_fu_1272  |product_4  |        0|      1|  0|   0|    0|
    |mult_1536_V_product_4_fu_1280  |product_4  |        0|      1|  0|   0|    0|
    |mult_1568_V_product_4_fu_1288  |product_4  |        0|      1|  0|   0|    0|
    |mult_1600_V_product_4_fu_1296  |product_4  |        0|      1|  0|   0|    0|
    |mult_1632_V_product_4_fu_1304  |product_4  |        0|      1|  0|   0|    0|
    |mult_1664_V_product_4_fu_1312  |product_4  |        0|      1|  0|   0|    0|
    |mult_1696_V_product_4_fu_1320  |product_4  |        0|      1|  0|   0|    0|
    |mult_1728_V_product_4_fu_1328  |product_4  |        0|      1|  0|   0|    0|
    |mult_1729_V_product_4_fu_1336  |product_4  |        0|      1|  0|   0|    0|
    |mult_1732_V_product_4_fu_1344  |product_4  |        0|      1|  0|   0|    0|
    |mult_1735_V_product_4_fu_1352  |product_4  |        0|      1|  0|   0|    0|
    |mult_1738_V_product_4_fu_1360  |product_4  |        0|      1|  0|   0|    0|
    |mult_1760_V_product_4_fu_1368  |product_4  |        0|      1|  0|   0|    0|
    |mult_1766_V_product_4_fu_1376  |product_4  |        0|      1|  0|   0|    0|
    |mult_1767_V_product_4_fu_1384  |product_4  |        0|      1|  0|   0|    0|
    |mult_1782_V_product_4_fu_1392  |product_4  |        0|      1|  0|   0|    0|
    |mult_1792_V_product_4_fu_1400  |product_4  |        0|      1|  0|   0|    0|
    |mult_1824_V_product_4_fu_1408  |product_4  |        0|      1|  0|   0|    0|
    |mult_1828_V_product_4_fu_1416  |product_4  |        0|      1|  0|   0|    0|
    |mult_1837_V_product_4_fu_1424  |product_4  |        0|      1|  0|   0|    0|
    |mult_1839_V_product_4_fu_1432  |product_4  |        0|      1|  0|   0|    0|
    |mult_1856_V_product_4_fu_1440  |product_4  |        0|      1|  0|   0|    0|
    |mult_1888_V_product_4_fu_1448  |product_4  |        0|      1|  0|   0|    0|
    |mult_1889_V_product_4_fu_1456  |product_4  |        0|      1|  0|   0|    0|
    |mult_1890_V_product_4_fu_1464  |product_4  |        0|      1|  0|   0|    0|
    |mult_1892_V_product_4_fu_1472  |product_4  |        0|      1|  0|   0|    0|
    |mult_1895_V_product_4_fu_1480  |product_4  |        0|      1|  0|   0|    0|
    |mult_1898_V_product_4_fu_1488  |product_4  |        0|      1|  0|   0|    0|
    |mult_1903_V_product_4_fu_1496  |product_4  |        0|      1|  0|   0|    0|
    |mult_1920_V_product_4_fu_1504  |product_4  |        0|      1|  0|   0|    0|
    |mult_1952_V_product_4_fu_1512  |product_4  |        0|      1|  0|   0|    0|
    |mult_1984_V_product_4_fu_1520  |product_4  |        0|      1|  0|   0|    0|
    |mult_2016_V_product_4_fu_1528  |product_4  |        0|      1|  0|   0|    0|
    |mult_1730_V_product_4_fu_1536  |product_4  |        0|      1|  0|   0|    0|
    +-------------------------------+-----------+---------+-------+---+----+-----+
    |Total                          |           |        0|    115|  0|   0|    0|
    +-------------------------------+-----------+---------+-------+---+----+-----+

    * DSP48E: 
    N/A

    * Memory: 
    N/A

    * FIFO: 
    N/A

    * Expression: 
    +--------------------------+----------+-------+---+----+------------+------------+
    |       Variable Name      | Operation| DSP48E| FF| LUT| Bitwidth P0| Bitwidth P1|
    +--------------------------+----------+-------+---+----+------------+------------+
    |acc_10_V_fu_4939_p2       |     +    |      0|  0|  16|          16|          16|
    |acc_12_V_fu_4989_p2       |     +    |      0|  0|  16|          16|          16|
    |acc_13_V_fu_5197_p2       |     +    |      0|  0|  16|          16|          16|
    |acc_14_V_fu_5884_p2       |     +    |      0|  0|  16|          16|          16|
    |acc_15_V_fu_5415_p2       |     +    |      0|  0|  16|          16|          16|
    |acc_19_V_fu_5543_p2       |     +    |      0|  0|  16|          16|          16|
    |acc_1_V_fu_3465_p2        |     +    |      0|  0|  16|          16|          16|
    |acc_22_V_fu_5761_p2       |     +    |      0|  0|  16|          16|          16|
    |acc_2_V_fu_5841_p2        |     +    |      0|  0|  16|          16|          16|
    |acc_31_V_fu_5894_p2       |     +    |      0|  0|  16|          16|          16|
    |acc_3_V_fu_3555_p2        |     +    |      0|  0|  16|          16|          16|
    |acc_4_V_fu_3821_p2        |     +    |      0|  0|  16|          16|          16|
    |acc_5_V_fu_4155_p2        |     +    |      0|  0|  16|          16|          16|
    |acc_6_V_fu_4445_p2        |     +    |      0|  0|  16|          16|          16|
    |acc_7_V_fu_4647_p2        |     +    |      0|  0|  16|          16|          16|
    |acc_9_V_fu_5850_p2        |     +    |      0|  0|  16|          16|          16|
    |add_ln703_100_fu_2795_p2  |     +    |      0|  0|  21|          14|          14|
    |add_ln703_101_fu_2809_p2  |     +    |      0|  0|  21|          14|          14|
    |add_ln703_102_fu_2819_p2  |     +    |      0|  0|  22|          15|          15|
    |add_ln703_103_fu_2829_p2  |     +    |      0|  0|  21|          14|          14|
    |add_ln703_104_fu_2843_p2  |     +    |      0|  0|  21|          14|          14|
    |add_ln703_105_fu_2853_p2  |     +    |      0|  0|  22|          15|          15|
    |add_ln703_106_fu_2863_p2  |     +    |      0|  0|  23|          16|          16|
    |add_ln703_107_fu_2869_p2  |     +    |      0|  0|  16|          16|          16|
    |add_ln703_108_fu_2875_p2  |     +    |      0|  0|  16|          16|          16|
    |add_ln703_109_fu_2881_p2  |     +    |      0|  0|  16|          16|          16|
    |add_ln703_10_fu_1979_p2   |     +    |      0|  0|  22|          15|          15|
    |add_ln703_110_fu_2887_p2  |     +    |      0|  0|  21|          14|          14|
    |add_ln703_111_fu_2897_p2  |     +    |      0|  0|  21|          14|          14|
    |add_ln703_112_fu_2907_p2  |     +    |      0|  0|  22|          15|          15|
    |add_ln703_113_fu_2917_p2  |     +    |      0|  0|  21|          14|          14|
    |add_ln703_114_fu_2927_p2  |     +    |      0|  0|  21|          14|          14|
    |add_ln703_115_fu_2937_p2  |     +    |      0|  0|  22|          15|          15|
    |add_ln703_116_fu_2947_p2  |     +    |      0|  0|  23|          16|          16|
    |add_ln703_117_fu_2953_p2  |     +    |      0|  0|  21|          14|          14|
    |add_ln703_118_fu_2963_p2  |     +    |      0|  0|  21|          14|          14|
    |add_ln703_119_fu_2973_p2  |     +    |      0|  0|  22|          15|          15|
    |add_ln703_11_fu_1989_p2   |     +    |      0|  0|  21|          14|          14|
    |add_ln703_120_fu_2983_p2  |     +    |      0|  0|  21|          14|          14|
    |add_ln703_121_fu_2993_p2  |     +    |      0|  0|  21|          14|          14|
    |add_ln703_122_fu_3003_p2  |     +    |      0|  0|  22|          15|          15|
    |add_ln703_123_fu_3013_p2  |     +    |      0|  0|  23|          16|          16|
    |add_ln703_124_fu_3019_p2  |     +    |      0|  0|  16|          16|          16|
    |add_ln703_125_fu_3025_p2  |     +    |      0|  0|  21|          14|          14|
    |add_ln703_126_fu_3035_p2  |     +    |      0|  0|  21|          14|          14|
    |add_ln703_127_fu_3045_p2  |     +    |      0|  0|  22|          15|          15|
    |add_ln703_128_fu_3055_p2  |     +    |      0|  0|  21|          14|          14|
    |add_ln703_129_fu_3065_p2  |     +    |      0|  0|  21|          14|          14|
    |add_ln703_12_fu_1999_p2   |     +    |      0|  0|  21|          14|          14|
    |add_ln703_130_fu_3075_p2  |     +    |      0|  0|  22|          15|          15|
    |add_ln703_131_fu_3085_p2  |     +    |      0|  0|  16|          16|          16|
    |add_ln703_132_fu_3091_p2  |     +    |      0|  0|  21|          14|          14|
    |add_ln703_133_fu_3101_p2  |     +    |      0|  0|  21|          14|          14|
    |add_ln703_134_fu_3111_p2  |     +    |      0|  0|  22|          15|          15|
    |add_ln703_135_fu_3121_p2  |     +    |      0|  0|  21|          14|          14|
    |add_ln703_136_fu_3131_p2  |     +    |      0|  0|  21|          14|          14|
    |add_ln703_137_fu_3141_p2  |     +    |      0|  0|  22|          15|          15|
    |add_ln703_138_fu_3151_p2  |     +    |      0|  0|  23|          16|          16|
    |add_ln703_139_fu_3157_p2  |     +    |      0|  0|  16|          16|          16|
    |add_ln703_13_fu_2009_p2   |     +    |      0|  0|  22|          15|          15|
    |add_ln703_140_fu_3163_p2  |     +    |      0|  0|  16|          16|          16|
    |add_ln703_141_fu_3169_p2  |     +    |      0|  0|  21|          14|          14|
    |add_ln703_142_fu_3179_p2  |     +    |      0|  0|  21|          14|          14|
    |add_ln703_143_fu_3193_p2  |     +    |      0|  0|  22|          15|          15|
    |add_ln703_144_fu_3203_p2  |     +    |      0|  0|  21|          14|          14|
    |add_ln703_145_fu_3213_p2  |     +    |      0|  0|  21|          14|          14|
    |add_ln703_146_fu_3223_p2  |     +    |      0|  0|  22|          15|          15|
    |add_ln703_147_fu_3233_p2  |     +    |      0|  0|  16|          16|          16|
    |add_ln703_148_fu_3239_p2  |     +    |      0|  0|  21|          14|          14|
    |add_ln703_149_fu_3249_p2  |     +    |      0|  0|  21|          14|          14|
    |add_ln703_14_fu_2019_p2   |     +    |      0|  0|  23|          16|          16|
    |add_ln703_150_fu_3259_p2  |     +    |      0|  0|  22|          15|          15|
    |add_ln703_151_fu_3269_p2  |     +    |      0|  0|  21|          14|          14|
    |add_ln703_152_fu_3279_p2  |     +    |      0|  0|  21|          14|          14|
    |add_ln703_153_fu_3289_p2  |     +    |      0|  0|  22|          15|          15|
    |add_ln703_154_fu_3299_p2  |     +    |      0|  0|  23|          16|          16|
    |add_ln703_155_fu_3305_p2  |     +    |      0|  0|  16|          16|          16|
    |add_ln703_156_fu_3311_p2  |     +    |      0|  0|  21|          14|          14|
    |add_ln703_157_fu_3321_p2  |     +    |      0|  0|  21|          14|          14|
    |add_ln703_158_fu_3331_p2  |     +    |      0|  0|  22|          15|          15|
    |add_ln703_159_fu_3341_p2  |     +    |      0|  0|  21|          14|          14|
    |add_ln703_15_fu_2025_p2   |     +    |      0|  0|  16|          16|          16|
    |add_ln703_160_fu_3351_p2  |     +    |      0|  0|  21|          14|          14|
    |add_ln703_161_fu_3361_p2  |     +    |      0|  0|  22|          15|          15|
    |add_ln703_162_fu_3371_p2  |     +    |      0|  0|  23|          16|          16|
    |add_ln703_163_fu_3377_p2  |     +    |      0|  0|  21|          14|          14|
    |add_ln703_164_fu_3387_p2  |     +    |      0|  0|  21|          14|          14|
    |add_ln703_165_fu_3397_p2  |     +    |      0|  0|  22|          15|          15|
    |add_ln703_166_fu_3407_p2  |     +    |      0|  0|  21|          14|          14|
    |add_ln703_167_fu_3421_p2  |     +    |      0|  0|  21|          14|           8|
    |add_ln703_168_fu_3431_p2  |     +    |      0|  0|  22|          15|          15|
    |add_ln703_169_fu_3441_p2  |     +    |      0|  0|  23|          16|          16|
    |add_ln703_16_fu_2031_p2   |     +    |      0|  0|  21|          14|          14|
    |add_ln703_170_fu_3447_p2  |     +    |      0|  0|  16|          16|          16|
    |add_ln703_171_fu_3453_p2  |     +    |      0|  0|  16|          16|          16|
    |add_ln703_172_fu_3459_p2  |     +    |      0|  0|  16|          16|          16|
    |add_ln703_174_fu_5821_p2  |     +    |      0|  0|  23|          16|          16|
    |add_ln703_175_fu_5826_p2  |     +    |      0|  0|  22|          15|          15|
    |add_ln703_176_fu_5835_p2  |     +    |      0|  0|  16|          16|          16|
    |add_ln703_177_fu_3475_p2  |     +    |      0|  0|  21|          14|          14|
    |add_ln703_178_fu_3485_p2  |     +    |      0|  0|  22|          15|          15|
    |add_ln703_179_fu_3495_p2  |     +    |      0|  0|  22|          15|          15|
    |add_ln703_17_fu_2041_p2   |     +    |      0|  0|  22|          15|          15|
    |add_ln703_180_fu_3505_p2  |     +    |      0|  0|  23|          16|          16|
    |add_ln703_182_fu_3511_p2  |     +    |      0|  0|  21|          14|           7|
    |add_ln703_183_fu_3521_p2  |     +    |      0|  0|  22|          15|          15|
    |add_ln703_184_fu_3531_p2  |     +    |      0|  0|  23|          16|          16|
    |add_ln703_185_fu_3537_p2  |     +    |      0|  0|  16|          16|          16|
    |add_ln703_186_fu_3543_p2  |     +    |      0|  0|  16|          16|          16|
    |add_ln703_187_fu_3549_p2  |     +    |      0|  0|  16|          16|          16|
    |add_ln703_189_fu_3565_p2  |     +    |      0|  0|  21|          14|          14|
    |add_ln703_18_fu_2051_p2   |     +    |      0|  0|  21|          14|          14|
    |add_ln703_190_fu_3575_p2  |     +    |      0|  0|  22|          15|          15|
    |add_ln703_191_fu_3585_p2  |     +    |      0|  0|  16|          16|          16|
    |add_ln703_192_fu_3591_p2  |     +    |      0|  0|  16|          16|          16|
    |add_ln703_193_fu_3601_p2  |     +    |      0|  0|  21|          14|          14|
    |add_ln703_194_fu_3611_p2  |     +    |      0|  0|  22|          15|          15|
    |add_ln703_195_fu_3625_p2  |     +    |      0|  0|  21|          14|          14|
    |add_ln703_196_fu_3635_p2  |     +    |      0|  0|  22|          15|          15|
    |add_ln703_197_fu_3645_p2  |     +    |      0|  0|  16|          16|          16|
    |add_ln703_198_fu_3655_p2  |     +    |      0|  0|  21|          14|          14|
    |add_ln703_199_fu_3665_p2  |     +    |      0|  0|  22|          15|          15|
    |add_ln703_19_fu_2061_p2   |     +    |      0|  0|  22|          15|          15|
    |add_ln703_1_fu_1893_p2    |     +    |      0|  0|  21|          14|          14|
    |add_ln703_200_fu_3675_p2  |     +    |      0|  0|  23|          16|          16|
    |add_ln703_201_fu_3681_p2  |     +    |      0|  0|  16|          16|          16|
    |add_ln703_202_fu_3687_p2  |     +    |      0|  0|  16|          16|          16|
    |add_ln703_203_fu_3697_p2  |     +    |      0|  0|  21|          14|          14|
    |add_ln703_204_fu_3707_p2  |     +    |      0|  0|  21|          14|          14|
    |add_ln703_205_fu_3717_p2  |     +    |      0|  0|  22|          15|          15|
    |add_ln703_206_fu_3727_p2  |     +    |      0|  0|  23|          16|          16|
    |add_ln703_207_fu_3733_p2  |     +    |      0|  0|  16|          16|          16|
    |add_ln703_208_fu_3739_p2  |     +    |      0|  0|  21|          14|          14|
    |add_ln703_209_fu_3749_p2  |     +    |      0|  0|  22|          15|          15|
    |add_ln703_20_fu_2071_p2   |     +    |      0|  0|  16|          16|          16|
    |add_ln703_210_fu_3759_p2  |     +    |      0|  0|  23|          16|          16|
    |add_ln703_211_fu_3769_p2  |     +    |      0|  0|  21|          14|          14|
    |add_ln703_212_fu_3783_p2  |     +    |      0|  0|  21|          14|          14|
    |add_ln703_213_fu_3793_p2  |     +    |      0|  0|  22|          15|          15|
    |add_ln703_214_fu_3803_p2  |     +    |      0|  0|  16|          16|          16|
    |add_ln703_215_fu_3809_p2  |     +    |      0|  0|  16|          16|          16|
    |add_ln703_216_fu_3815_p2  |     +    |      0|  0|  16|          16|          16|
    |add_ln703_218_fu_3827_p2  |     +    |      0|  0|  21|          14|          14|
    |add_ln703_219_fu_3837_p2  |     +    |      0|  0|  22|          15|          15|
    |add_ln703_21_fu_2077_p2   |     +    |      0|  0|  21|          14|          14|
    |add_ln703_220_fu_3847_p2  |     +    |      0|  0|  21|          14|          14|
    |add_ln703_221_fu_3857_p2  |     +    |      0|  0|  22|          15|          15|
    |add_ln703_222_fu_3867_p2  |     +    |      0|  0|  16|          16|          16|
    |add_ln703_223_fu_3873_p2  |     +    |      0|  0|  21|          14|          14|
    |add_ln703_224_fu_3883_p2  |     +    |      0|  0|  21|          14|          14|
    |add_ln703_225_fu_3893_p2  |     +    |      0|  0|  22|          15|          15|
    |add_ln703_226_fu_3903_p2  |     +    |      0|  0|  21|          14|          14|
    |add_ln703_227_fu_3913_p2  |     +    |      0|  0|  21|          14|          14|
    |add_ln703_228_fu_3923_p2  |     +    |      0|  0|  22|          15|          15|
    |add_ln703_229_fu_3933_p2  |     +    |      0|  0|  23|          16|          16|
    |add_ln703_22_fu_2087_p2   |     +    |      0|  0|  22|          15|          15|
    |add_ln703_230_fu_3939_p2  |     +    |      0|  0|  16|          16|          16|
    |add_ln703_231_fu_3945_p2  |     +    |      0|  0|  21|          14|          14|
    |add_ln703_232_fu_3955_p2  |     +    |      0|  0|  21|          14|          14|
    |add_ln703_233_fu_3965_p2  |     +    |      0|  0|  22|          15|          15|
    |add_ln703_234_fu_3975_p2  |     +    |      0|  0|  21|          14|          14|
    |add_ln703_235_fu_3985_p2  |     +    |      0|  0|  21|          14|          14|
    |add_ln703_236_fu_3995_p2  |     +    |      0|  0|  22|          15|          15|
    |add_ln703_237_fu_4005_p2  |     +    |      0|  0|  16|          16|          16|
    |add_ln703_238_fu_4011_p2  |     +    |      0|  0|  21|          14|          14|
    |add_ln703_239_fu_4021_p2  |     +    |      0|  0|  21|          14|          14|
    |add_ln703_23_fu_2097_p2   |     +    |      0|  0|  21|          14|          14|
    |add_ln703_240_fu_4031_p2  |     +    |      0|  0|  22|          15|          15|
    |add_ln703_241_fu_4041_p2  |     +    |      0|  0|  21|          14|          14|
    |add_ln703_242_fu_4051_p2  |     +    |      0|  0|  21|          14|          14|
    |add_ln703_243_fu_4061_p2  |     +    |      0|  0|  22|          15|          15|
    |add_ln703_244_fu_4071_p2  |     +    |      0|  0|  23|          16|          16|
    |add_ln703_245_fu_4077_p2  |     +    |      0|  0|  16|          16|          16|
    |add_ln703_246_fu_4083_p2  |     +    |      0|  0|  16|          16|          16|
    |add_ln703_247_fu_4089_p2  |     +    |      0|  0|  22|          15|          15|
    |add_ln703_248_fu_4099_p2  |     +    |      0|  0|  16|          16|          16|
    |add_ln703_249_fu_4105_p2  |     +    |      0|  0|  16|          16|          16|
    |add_ln703_24_fu_2107_p2   |     +    |      0|  0|  21|          14|          14|
    |add_ln703_250_fu_4111_p2  |     +    |      0|  0|  16|          16|          16|
    |add_ln703_251_fu_4117_p2  |     +    |      0|  0|  21|          14|          14|
    |add_ln703_252_fu_4127_p2  |     +    |      0|  0|  22|          15|          15|
    |add_ln703_253_fu_4137_p2  |     +    |      0|  0|  16|          16|          16|
    |add_ln703_254_fu_4143_p2  |     +    |      0|  0|  16|          16|          16|
    |add_ln703_255_fu_4149_p2  |     +    |      0|  0|  16|          16|          16|
    |add_ln703_257_fu_4161_p2  |     +    |      0|  0|  21|          14|          14|
    |add_ln703_258_fu_4171_p2  |     +    |      0|  0|  22|          15|          15|
    |add_ln703_259_fu_4185_p2  |     +    |      0|  0|  21|          14|          14|
    |add_ln703_25_fu_2117_p2   |     +    |      0|  0|  22|          15|          15|
    |add_ln703_260_fu_4195_p2  |     +    |      0|  0|  22|          15|          15|
    |add_ln703_261_fu_4205_p2  |     +    |      0|  0|  16|          16|          16|
    |add_ln703_262_fu_4211_p2  |     +    |      0|  0|  16|          16|          16|
    |add_ln703_263_fu_4221_p2  |     +    |      0|  0|  21|          14|          14|
    |add_ln703_264_fu_4231_p2  |     +    |      0|  0|  22|          15|          15|
    |add_ln703_265_fu_4241_p2  |     +    |      0|  0|  16|          16|          16|
    |add_ln703_266_fu_4247_p2  |     +    |      0|  0|  22|          15|          15|
    |add_ln703_267_fu_4257_p2  |     +    |      0|  0|  23|          16|          16|
    |add_ln703_268_fu_4263_p2  |     +    |      0|  0|  16|          16|          16|
    |add_ln703_269_fu_4269_p2  |     +    |      0|  0|  16|          16|          16|
    |add_ln703_26_fu_2127_p2   |     +    |      0|  0|  23|          16|          16|
    |add_ln703_270_fu_4279_p2  |     +    |      0|  0|  21|          14|          14|
    |add_ln703_271_fu_4289_p2  |     +    |      0|  0|  22|          15|          15|
    |add_ln703_272_fu_4299_p2  |     +    |      0|  0|  23|          16|          16|
    |add_ln703_273_fu_4305_p2  |     +    |      0|  0|  22|          15|          15|
    |add_ln703_274_fu_4319_p2  |     +    |      0|  0|  21|          14|          14|
    |add_ln703_275_fu_4329_p2  |     +    |      0|  0|  22|          15|          15|
    |add_ln703_276_fu_4339_p2  |     +    |      0|  0|  23|          16|          16|
    |add_ln703_277_fu_4345_p2  |     +    |      0|  0|  16|          16|          16|
    |add_ln703_278_fu_4355_p2  |     +    |      0|  0|  21|          14|          14|
    |add_ln703_279_fu_4365_p2  |     +    |      0|  0|  22|          15|          15|
    |add_ln703_27_fu_2133_p2   |     +    |      0|  0|  16|          16|          16|
    |add_ln703_280_fu_4375_p2  |     +    |      0|  0|  16|          16|          16|
    |add_ln703_281_fu_4381_p2  |     +    |      0|  0|  21|          14|          14|
    |add_ln703_282_fu_4391_p2  |     +    |      0|  0|  22|          15|          15|
    |add_ln703_283_fu_4401_p2  |     +    |      0|  0|  21|          14|          10|
    |add_ln703_284_fu_4411_p2  |     +    |      0|  0|  22|          15|          15|
    |add_ln703_285_fu_4421_p2  |     +    |      0|  0|  16|          16|          16|
    |add_ln703_286_fu_4427_p2  |     +    |      0|  0|  16|          16|          16|
    |add_ln703_287_fu_4433_p2  |     +    |      0|  0|  16|          16|          16|
    |add_ln703_288_fu_4439_p2  |     +    |      0|  0|  16|          16|          16|
    |add_ln703_28_fu_2139_p2   |     +    |      0|  0|  16|          16|          16|
    |add_ln703_290_fu_4451_p2  |     +    |      0|  0|  22|          15|          15|
    |add_ln703_291_fu_4465_p2  |     +    |      0|  0|  21|          14|          14|
    |add_ln703_292_fu_4475_p2  |     +    |      0|  0|  23|          16|          16|
    |add_ln703_293_fu_4481_p2  |     +    |      0|  0|  16|          16|          16|
    |add_ln703_294_fu_4487_p2  |     +    |      0|  0|  16|          16|          16|
    |add_ln703_295_fu_4497_p2  |     +    |      0|  0|  21|          14|          14|
    |add_ln703_296_fu_4507_p2  |     +    |      0|  0|  22|          15|          15|
    |add_ln703_297_fu_4517_p2  |     +    |      0|  0|  16|          16|          16|
    |add_ln703_298_fu_4523_p2  |     +    |      0|  0|  16|          16|          16|
    |add_ln703_299_fu_4529_p2  |     +    |      0|  0|  16|          16|          16|
    |add_ln703_29_fu_2145_p2   |     +    |      0|  0|  21|          14|          14|
    |add_ln703_2_fu_1903_p2    |     +    |      0|  0|  21|          14|           6|
    |add_ln703_300_fu_4539_p2  |     +    |      0|  0|  21|          14|          14|
    |add_ln703_301_fu_4549_p2  |     +    |      0|  0|  22|          15|          15|
    |add_ln703_302_fu_4559_p2  |     +    |      0|  0|  23|          16|          16|
    |add_ln703_303_fu_4565_p2  |     +    |      0|  0|  16|          16|          16|
    |add_ln703_304_fu_4579_p2  |     +    |      0|  0|  21|          14|          14|
    |add_ln703_305_fu_4589_p2  |     +    |      0|  0|  22|          15|          15|
    |add_ln703_306_fu_4599_p2  |     +    |      0|  0|  16|          16|          16|
    |add_ln703_307_fu_4609_p2  |     +    |      0|  0|  21|          14|          14|
    |add_ln703_308_fu_4619_p2  |     +    |      0|  0|  22|          15|          15|
    |add_ln703_309_fu_4629_p2  |     +    |      0|  0|  23|          16|          16|
    |add_ln703_30_fu_2159_p2   |     +    |      0|  0|  16|          16|          16|
    |add_ln703_310_fu_4635_p2  |     +    |      0|  0|  16|          16|          16|
    |add_ln703_311_fu_4641_p2  |     +    |      0|  0|  16|          16|          16|
    |add_ln703_313_fu_4653_p2  |     +    |      0|  0|  22|          15|          15|
    |add_ln703_314_fu_4663_p2  |     +    |      0|  0|  23|          16|          16|
    |add_ln703_315_fu_4669_p2  |     +    |      0|  0|  16|          16|          16|
    |add_ln703_316_fu_4675_p2  |     +    |      0|  0|  23|          16|          16|
    |add_ln703_317_fu_4681_p2  |     +    |      0|  0|  16|          16|          16|
    |add_ln703_318_fu_4687_p2  |     +    |      0|  0|  16|          16|          16|
    |add_ln703_319_fu_4693_p2  |     +    |      0|  0|  16|          16|          16|
    |add_ln703_31_fu_2165_p2   |     +    |      0|  0|  21|          14|          14|
    |add_ln703_320_fu_4699_p2  |     +    |      0|  0|  21|          14|          14|
    |add_ln703_321_fu_4709_p2  |     +    |      0|  0|  22|          15|          15|
    |add_ln703_322_fu_4719_p2  |     +    |      0|  0|  23|          16|          16|
    |add_ln703_323_fu_4725_p2  |     +    |      0|  0|  21|          14|           8|
    |add_ln703_324_fu_4735_p2  |     +    |      0|  0|  22|          15|          15|
    |add_ln703_325_fu_4745_p2  |     +    |      0|  0|  23|          16|          16|
    |add_ln703_326_fu_4751_p2  |     +    |      0|  0|  16|          16|          16|
    |add_ln703_327_fu_4757_p2  |     +    |      0|  0|  16|          16|          16|
    |add_ln703_328_fu_5846_p2  |     +    |      0|  0|  16|          16|          16|
    |add_ln703_32_fu_2175_p2   |     +    |      0|  0|  22|          15|          15|
    |add_ln703_330_fu_4767_p2  |     +    |      0|  0|  21|          14|          14|
    |add_ln703_331_fu_4777_p2  |     +    |      0|  0|  22|          15|          15|
    |add_ln703_332_fu_4787_p2  |     +    |      0|  0|  16|          16|          16|
    |add_ln703_333_fu_4793_p2  |     +    |      0|  0|  16|          16|          16|
    |add_ln703_334_fu_4799_p2  |     +    |      0|  0|  16|          16|          16|
    |add_ln703_335_fu_4809_p2  |     +    |      0|  0|  21|          14|          14|
    |add_ln703_336_fu_4819_p2  |     +    |      0|  0|  22|          15|          15|
    |add_ln703_337_fu_4829_p2  |     +    |      0|  0|  23|          16|          16|
    |add_ln703_338_fu_4835_p2  |     +    |      0|  0|  16|          16|          16|
    |add_ln703_339_fu_4845_p2  |     +    |      0|  0|  21|          14|          14|
    |add_ln703_33_fu_2185_p2   |     +    |      0|  0|  16|          16|          16|
    |add_ln703_340_fu_4855_p2  |     +    |      0|  0|  22|          15|          15|
    |add_ln703_341_fu_4865_p2  |     +    |      0|  0|  16|          16|          16|
    |add_ln703_342_fu_4875_p2  |     +    |      0|  0|  21|          14|          14|
    |add_ln703_343_fu_4885_p2  |     +    |      0|  0|  22|          15|          15|
    |add_ln703_344_fu_4895_p2  |     +    |      0|  0|  21|          14|           6|
    |add_ln703_345_fu_4905_p2  |     +    |      0|  0|  22|          15|          15|
    |add_ln703_346_fu_4915_p2  |     +    |      0|  0|  16|          16|          16|
    |add_ln703_347_fu_4921_p2  |     +    |      0|  0|  16|          16|          16|
    |add_ln703_348_fu_4927_p2  |     +    |      0|  0|  16|          16|          16|
    |add_ln703_349_fu_4933_p2  |     +    |      0|  0|  16|          16|          16|
    |add_ln703_34_fu_2191_p2   |     +    |      0|  0|  21|          14|          14|
    |add_ln703_351_fu_4945_p2  |     +    |      0|  0|  21|          14|           7|
    |add_ln703_352_fu_4955_p2  |     +    |      0|  0|  22|          15|          15|
    |add_ln703_353_fu_4965_p2  |     +    |      0|  0|  23|          16|          16|
    |add_ln703_354_fu_4971_p2  |     +    |      0|  0|  16|          16|          16|
    |add_ln703_355_fu_4977_p2  |     +    |      0|  0|  16|          16|          16|
    |add_ln703_356_fu_4983_p2  |     +    |      0|  0|  16|          16|          16|
    |add_ln703_358_fu_4999_p2  |     +    |      0|  0|  21|          14|          14|
    |add_ln703_359_fu_5009_p2  |     +    |      0|  0|  23|          16|          16|
    |add_ln703_35_fu_2201_p2   |     +    |      0|  0|  22|          15|          15|
    |add_ln703_360_fu_5015_p2  |     +    |      0|  0|  16|          16|          16|
    |add_ln703_361_fu_5021_p2  |     +    |      0|  0|  16|          16|          16|
    |add_ln703_362_fu_5031_p2  |     +    |      0|  0|  21|          14|          14|
    |add_ln703_363_fu_5041_p2  |     +    |      0|  0|  22|          15|          15|
    |add_ln703_364_fu_5055_p2  |     +    |      0|  0|  21|          14|          14|
    |add_ln703_365_fu_5065_p2  |     +    |      0|  0|  22|          15|          15|
    |add_ln703_366_fu_5075_p2  |     +    |      0|  0|  16|          16|          16|
    |add_ln703_367_fu_5081_p2  |     +    |      0|  0|  21|          14|          14|
    |add_ln703_368_fu_5091_p2  |     +    |      0|  0|  22|          15|          15|
    |add_ln703_369_fu_5101_p2  |     +    |      0|  0|  23|          16|          16|
    |add_ln703_36_fu_2211_p2   |     +    |      0|  0|  21|          14|          14|
    |add_ln703_370_fu_5107_p2  |     +    |      0|  0|  16|          16|          16|
    |add_ln703_371_fu_5113_p2  |     +    |      0|  0|  16|          16|          16|
    |add_ln703_372_fu_5123_p2  |     +    |      0|  0|  21|          14|          14|
    |add_ln703_373_fu_5133_p2  |     +    |      0|  0|  22|          15|          15|
    |add_ln703_374_fu_5143_p2  |     +    |      0|  0|  23|          16|          16|
    |add_ln703_375_fu_5149_p2  |     +    |      0|  0|  16|          16|          16|
    |add_ln703_376_fu_5159_p2  |     +    |      0|  0|  21|          14|          14|
    |add_ln703_377_fu_5169_p2  |     +    |      0|  0|  22|          15|          15|
    |add_ln703_378_fu_5179_p2  |     +    |      0|  0|  16|          16|          16|
    |add_ln703_379_fu_5185_p2  |     +    |      0|  0|  16|          16|          16|
    |add_ln703_37_fu_2221_p2   |     +    |      0|  0|  21|          14|          14|
    |add_ln703_380_fu_5191_p2  |     +    |      0|  0|  16|          16|          16|
    |add_ln703_382_fu_5203_p2  |     +    |      0|  0|  22|          15|          15|
    |add_ln703_383_fu_5858_p2  |     +    |      0|  0|  16|          16|          16|
    |add_ln703_384_fu_5864_p2  |     +    |      0|  0|  23|          16|          16|
    |add_ln703_385_fu_5869_p2  |     +    |      0|  0|  16|          16|          16|
    |add_ln703_386_fu_5209_p2  |     +    |      0|  0|  21|          14|          14|
    |add_ln703_387_fu_5219_p2  |     +    |      0|  0|  22|          15|          15|
    |add_ln703_388_fu_5878_p2  |     +    |      0|  0|  16|          16|          16|
    |add_ln703_38_fu_2231_p2   |     +    |      0|  0|  22|          15|          15|
    |add_ln703_390_fu_5229_p2  |     +    |      0|  0|  21|          14|          14|
    |add_ln703_391_fu_5239_p2  |     +    |      0|  0|  23|          16|          16|
    |add_ln703_392_fu_5245_p2  |     +    |      0|  0|  16|          16|          16|
    |add_ln703_393_fu_5251_p2  |     +    |      0|  0|  16|          16|          16|
    |add_ln703_394_fu_5261_p2  |     +    |      0|  0|  21|          14|          14|
    |add_ln703_395_fu_5271_p2  |     +    |      0|  0|  22|          15|          15|
    |add_ln703_396_fu_5285_p2  |     +    |      0|  0|  21|          14|          14|
    |add_ln703_397_fu_5295_p2  |     +    |      0|  0|  22|          15|          15|
    |add_ln703_398_fu_5305_p2  |     +    |      0|  0|  16|          16|          16|
    |add_ln703_399_fu_5311_p2  |     +    |      0|  0|  16|          16|          16|
    |add_ln703_39_fu_2241_p2   |     +    |      0|  0|  23|          16|          16|
    |add_ln703_3_fu_1913_p2    |     +    |      0|  0|  22|          15|          15|
    |add_ln703_400_fu_5317_p2  |     +    |      0|  0|  16|          16|          16|
    |add_ln703_401_fu_5327_p2  |     +    |      0|  0|  21|          14|          14|
    |add_ln703_402_fu_5337_p2  |     +    |      0|  0|  22|          15|          15|
    |add_ln703_403_fu_5347_p2  |     +    |      0|  0|  23|          16|          16|
    |add_ln703_404_fu_5353_p2  |     +    |      0|  0|  16|          16|          16|
    |add_ln703_405_fu_5363_p2  |     +    |      0|  0|  21|          14|          14|
    |add_ln703_406_fu_5377_p2  |     +    |      0|  0|  21|          14|          14|
    |add_ln703_407_fu_5387_p2  |     +    |      0|  0|  22|          15|          15|
    |add_ln703_408_fu_5397_p2  |     +    |      0|  0|  16|          16|          16|
    |add_ln703_409_fu_5403_p2  |     +    |      0|  0|  16|          16|          16|
    |add_ln703_40_fu_2247_p2   |     +    |      0|  0|  16|          16|          16|
    |add_ln703_410_fu_5409_p2  |     +    |      0|  0|  16|          16|          16|
    |add_ln703_412_fu_5425_p2  |     +    |      0|  0|  21|          14|          14|
    |add_ln703_413_fu_5435_p2  |     +    |      0|  0|  22|          15|          15|
    |add_ln703_414_fu_5445_p2  |     +    |      0|  0|  16|          16|          16|
    |add_ln703_415_fu_5451_p2  |     +    |      0|  0|  16|          16|          16|
    |add_ln703_416_fu_5461_p2  |     +    |      0|  0|  21|          14|          14|
    |add_ln703_417_fu_5471_p2  |     +    |      0|  0|  22|          15|          15|
    |add_ln703_418_fu_5481_p2  |     +    |      0|  0|  16|          16|          16|
    |add_ln703_419_fu_5487_p2  |     +    |      0|  0|  16|          16|          16|
    |add_ln703_41_fu_2253_p2   |     +    |      0|  0|  21|          14|          14|
    |add_ln703_420_fu_5493_p2  |     +    |      0|  0|  16|          16|          16|
    |add_ln703_421_fu_5499_p2  |     +    |      0|  0|  21|          14|           8|
    |add_ln703_422_fu_5509_p2  |     +    |      0|  0|  22|          15|          15|
    |add_ln703_423_fu_5519_p2  |     +    |      0|  0|  16|          16|          16|
    |add_ln703_424_fu_5525_p2  |     +    |      0|  0|  16|          16|          16|
    |add_ln703_425_fu_5531_p2  |     +    |      0|  0|  16|          16|          16|
    |add_ln703_426_fu_5537_p2  |     +    |      0|  0|  16|          16|          16|
    |add_ln703_428_fu_5553_p2  |     +    |      0|  0|  22|          15|          15|
    |add_ln703_429_fu_5563_p2  |     +    |      0|  0|  23|          16|          16|
    |add_ln703_42_fu_2263_p2   |     +    |      0|  0|  22|          15|          15|
    |add_ln703_430_fu_5573_p2  |     +    |      0|  0|  21|          14|          14|
    |add_ln703_431_fu_5583_p2  |     +    |      0|  0|  22|          15|          15|
    |add_ln703_432_fu_5593_p2  |     +    |      0|  0|  16|          16|          16|
    |add_ln703_433_fu_5599_p2  |     +    |      0|  0|  16|          16|          16|
    |add_ln703_434_fu_5609_p2  |     +    |      0|  0|  21|          14|          14|
    |add_ln703_435_fu_5619_p2  |     +    |      0|  0|  22|          15|          15|
    |add_ln703_436_fu_5629_p2  |     +    |      0|  0|  16|          16|          16|
    |add_ln703_437_fu_5635_p2  |     +    |      0|  0|  16|          16|          16|
    |add_ln703_438_fu_5641_p2  |     +    |      0|  0|  16|          16|          16|
    |add_ln703_439_fu_5651_p2  |     +    |      0|  0|  21|          14|          14|
    |add_ln703_43_fu_2273_p2   |     +    |      0|  0|  21|          14|          14|
    |add_ln703_440_fu_5661_p2  |     +    |      0|  0|  22|          15|          15|
    |add_ln703_441_fu_5671_p2  |     +    |      0|  0|  23|          16|          16|
    |add_ln703_442_fu_5681_p2  |     +    |      0|  0|  21|          14|          14|
    |add_ln703_443_fu_5691_p2  |     +    |      0|  0|  22|          15|          15|
    |add_ln703_444_fu_5701_p2  |     +    |      0|  0|  23|          16|          16|
    |add_ln703_445_fu_5707_p2  |     +    |      0|  0|  16|          16|          16|
    |add_ln703_446_fu_5717_p2  |     +    |      0|  0|  21|          14|          14|
    |add_ln703_447_fu_5727_p2  |     +    |      0|  0|  22|          15|          15|
    |add_ln703_448_fu_5737_p2  |     +    |      0|  0|  16|          16|          16|
    |add_ln703_449_fu_5743_p2  |     +    |      0|  0|  23|          16|          16|
    |add_ln703_44_fu_2283_p2   |     +    |      0|  0|  21|          14|          14|
    |add_ln703_450_fu_5749_p2  |     +    |      0|  0|  16|          16|          16|
    |add_ln703_451_fu_5755_p2  |     +    |      0|  0|  16|          16|          16|
    |add_ln703_453_fu_5767_p2  |     +    |      0|  0|  21|          14|           9|
    |add_ln703_454_fu_5777_p2  |     +    |      0|  0|  22|          15|          15|
    |add_ln703_455_fu_5787_p2  |     +    |      0|  0|  23|          16|          16|
    |add_ln703_456_fu_5793_p2  |     +    |      0|  0|  16|          16|          16|
    |add_ln703_457_fu_5799_p2  |     +    |      0|  0|  16|          16|          16|
    |add_ln703_458_fu_5890_p2  |     +    |      0|  0|  16|          16|          16|
    |add_ln703_45_fu_2293_p2   |     +    |      0|  0|  22|          15|          15|
    |add_ln703_46_fu_2303_p2   |     +    |      0|  0|  16|          16|          16|
    |add_ln703_47_fu_2309_p2   |     +    |      0|  0|  21|          14|          14|
    |add_ln703_48_fu_2319_p2   |     +    |      0|  0|  22|          15|          15|
    |add_ln703_49_fu_2329_p2   |     +    |      0|  0|  21|          14|          14|
    |add_ln703_4_fu_1923_p2    |     +    |      0|  0|  21|          14|          14|
    |add_ln703_50_fu_2339_p2   |     +    |      0|  0|  21|          14|          14|
    |add_ln703_51_fu_2349_p2   |     +    |      0|  0|  22|          15|          15|
    |add_ln703_52_fu_2359_p2   |     +    |      0|  0|  23|          16|          16|
    |add_ln703_53_fu_2365_p2   |     +    |      0|  0|  16|          16|          16|
    |add_ln703_54_fu_2371_p2   |     +    |      0|  0|  16|          16|          16|
    |add_ln703_55_fu_2377_p2   |     +    |      0|  0|  16|          16|          16|
    |add_ln703_56_fu_2387_p2   |     +    |      0|  0|  21|          14|          14|
    |add_ln703_57_fu_2397_p2   |     +    |      0|  0|  22|          15|          15|
    |add_ln703_58_fu_2407_p2   |     +    |      0|  0|  21|          14|          14|
    |add_ln703_59_fu_2417_p2   |     +    |      0|  0|  21|          14|          14|
    |add_ln703_5_fu_1933_p2    |     +    |      0|  0|  22|          15|          15|
    |add_ln703_60_fu_2427_p2   |     +    |      0|  0|  22|          15|          15|
    |add_ln703_61_fu_2437_p2   |     +    |      0|  0|  16|          16|          16|
    |add_ln703_62_fu_2443_p2   |     +    |      0|  0|  22|          15|          15|
    |add_ln703_63_fu_2453_p2   |     +    |      0|  0|  21|          14|          14|
    |add_ln703_64_fu_2463_p2   |     +    |      0|  0|  22|          15|          15|
    |add_ln703_65_fu_2473_p2   |     +    |      0|  0|  23|          16|          16|
    |add_ln703_66_fu_2479_p2   |     +    |      0|  0|  16|          16|          16|
    |add_ln703_67_fu_2485_p2   |     +    |      0|  0|  21|          14|          14|
    |add_ln703_68_fu_2495_p2   |     +    |      0|  0|  21|          14|          14|
    |add_ln703_69_fu_2505_p2   |     +    |      0|  0|  22|          15|          15|
    |add_ln703_6_fu_1943_p2    |     +    |      0|  0|  21|          14|          14|
    |add_ln703_70_fu_2515_p2   |     +    |      0|  0|  21|          14|          14|
    |add_ln703_71_fu_2525_p2   |     +    |      0|  0|  21|          14|          14|
    |add_ln703_72_fu_2535_p2   |     +    |      0|  0|  22|          15|          15|
    |add_ln703_73_fu_2545_p2   |     +    |      0|  0|  23|          16|          16|
    |add_ln703_74_fu_2551_p2   |     +    |      0|  0|  21|          14|          14|
    |add_ln703_75_fu_2561_p2   |     +    |      0|  0|  21|          14|          14|
    |add_ln703_76_fu_2571_p2   |     +    |      0|  0|  22|          15|          15|
    |add_ln703_77_fu_2585_p2   |     +    |      0|  0|  21|          14|          14|
    |add_ln703_78_fu_2595_p2   |     +    |      0|  0|  21|          14|          14|
    |add_ln703_79_fu_2605_p2   |     +    |      0|  0|  22|          15|          15|
    |add_ln703_7_fu_1953_p2    |     +    |      0|  0|  22|          15|          15|
    |add_ln703_80_fu_2615_p2   |     +    |      0|  0|  16|          16|          16|
    |add_ln703_81_fu_2621_p2   |     +    |      0|  0|  16|          16|          16|
    |add_ln703_82_fu_2627_p2   |     +    |      0|  0|  16|          16|          16|
    |add_ln703_83_fu_2633_p2   |     +    |      0|  0|  21|          14|          14|
    |add_ln703_84_fu_2643_p2   |     +    |      0|  0|  22|          15|          15|
    |add_ln703_85_fu_2653_p2   |     +    |      0|  0|  23|          16|          16|
    |add_ln703_86_fu_2659_p2   |     +    |      0|  0|  21|          14|          14|
    |add_ln703_87_fu_2673_p2   |     +    |      0|  0|  21|          14|          14|
    |add_ln703_88_fu_2683_p2   |     +    |      0|  0|  22|          15|          15|
    |add_ln703_89_fu_2693_p2   |     +    |      0|  0|  21|          14|          14|
    |add_ln703_8_fu_1963_p2    |     +    |      0|  0|  16|          16|          16|
    |add_ln703_90_fu_2703_p2   |     +    |      0|  0|  22|          15|          15|
    |add_ln703_91_fu_2713_p2   |     +    |      0|  0|  23|          16|          16|
    |add_ln703_92_fu_2719_p2   |     +    |      0|  0|  16|          16|          16|
    |add_ln703_93_fu_2725_p2   |     +    |      0|  0|  21|          14|          14|
    |add_ln703_94_fu_2735_p2   |     +    |      0|  0|  21|          14|          14|
    |add_ln703_95_fu_2745_p2   |     +    |      0|  0|  22|          15|          15|
    |add_ln703_96_fu_2755_p2   |     +    |      0|  0|  21|          14|          14|
    |add_ln703_97_fu_2769_p2   |     +    |      0|  0|  21|          14|          14|
    |add_ln703_98_fu_2779_p2   |     +    |      0|  0|  22|          15|          15|
    |add_ln703_99_fu_2789_p2   |     +    |      0|  0|  16|          16|          16|
    |add_ln703_9_fu_1969_p2    |     +    |      0|  0|  21|          14|          14|
    |add_ln703_fu_1883_p2      |     +    |      0|  0|  21|          14|           6|
    +--------------------------+----------+-------+---+----+------------+------------+
    |Total                     |          |      0|  0|9105|        6949|        6884|
    +--------------------------+----------+-------+---+----+------------+------------+

    * Multiplexer: 
    +--------------+----+-----------+-----+-----------+
    |     Name     | LUT| Input Size| Bits| Total Bits|
    +--------------+----+-----------+-----+-----------+
    |ap_return_0   |   9|          2|   16|         32|
    |ap_return_1   |   9|          2|   16|         32|
    |ap_return_10  |   9|          2|   16|         32|
    |ap_return_11  |   9|          2|   16|         32|
    |ap_return_12  |   9|          2|   16|         32|
    |ap_return_13  |   9|          2|   16|         32|
    |ap_return_14  |   9|          2|   16|         32|
    |ap_return_15  |   9|          2|   16|         32|
    |ap_return_16  |   9|          2|   16|         32|
    |ap_return_17  |   9|          2|   16|         32|
    |ap_return_18  |   9|          2|   16|         32|
    |ap_return_19  |   9|          2|   16|         32|
    |ap_return_2   |   9|          2|   16|         32|
    |ap_return_20  |   9|          2|   16|         32|
    |ap_return_21  |   9|          2|   16|         32|
    |ap_return_22  |   9|          2|   16|         32|
    |ap_return_23  |   9|          2|   16|         32|
    |ap_return_24  |   9|          2|   16|         32|
    |ap_return_25  |   9|          2|   16|         32|
    |ap_return_26  |   9|          2|   16|         32|
    |ap_return_27  |   9|          2|   16|         32|
    |ap_return_28  |   9|          2|   16|         32|
    |ap_return_29  |   9|          2|   16|         32|
    |ap_return_3   |   9|          2|   16|         32|
    |ap_return_30  |   9|          2|   16|         32|
    |ap_return_31  |   9|          2|   16|         32|
    |ap_return_4   |   9|          2|   16|         32|
    |ap_return_5   |   9|          2|   16|         32|
    |ap_return_6   |   9|          2|   16|         32|
    |ap_return_7   |   9|          2|   16|         32|
    |ap_return_8   |   9|          2|   16|         32|
    |ap_return_9   |   9|          2|   16|         32|
    +--------------+----+-----------+-----+-----------+
    |Total         | 288|         64|  512|       1024|
    +--------------+----+-----------+-----+-----------+

    * Register: 
    +---------------------------+----+----+-----+-----------+
    |            Name           | FF | LUT| Bits| Const Bits|
    +---------------------------+----+----+-----+-----------+
    |acc_10_V_reg_6164          |  16|   0|   16|          0|
    |acc_12_V_reg_6169          |  16|   0|   16|          0|
    |acc_13_V_reg_6177          |  16|   0|   16|          0|
    |acc_15_V_reg_6192          |  16|   0|   16|          0|
    |acc_19_V_reg_6197          |  16|   0|   16|          0|
    |acc_1_V_reg_6103           |  16|   0|   16|          0|
    |acc_22_V_reg_6202          |  16|   0|   16|          0|
    |acc_3_V_reg_6114           |  16|   0|   16|          0|
    |acc_4_V_reg_6122           |  16|   0|   16|          0|
    |acc_5_V_reg_6127           |  16|   0|   16|          0|
    |acc_6_V_reg_6137           |  16|   0|   16|          0|
    |acc_7_V_reg_6142           |  16|   0|   16|          0|
    |add_ln703_109_reg_6093     |  16|   0|   16|          0|
    |add_ln703_110_reg_6098     |  14|   0|   14|          0|
    |add_ln703_180_reg_6109     |  16|   0|   16|          0|
    |add_ln703_317_reg_6147     |  16|   0|   16|          0|
    |add_ln703_319_reg_6153     |  16|   0|   16|          0|
    |add_ln703_327_reg_6159     |  16|   0|   16|          0|
    |add_ln703_382_reg_6182     |  15|   0|   15|          0|
    |add_ln703_387_reg_6187     |  15|   0|   15|          0|
    |add_ln703_457_reg_6207     |  16|   0|   16|          0|
    |add_ln703_55_reg_6082      |  16|   0|   16|          0|
    |ap_ce_reg                  |   1|   0|    1|          0|
    |ap_return_0_int_reg        |  16|   0|   16|          0|
    |ap_return_10_int_reg       |  16|   0|   16|          0|
    |ap_return_11_int_reg       |  16|   0|   16|          0|
    |ap_return_12_int_reg       |  16|   0|   16|          0|
    |ap_return_13_int_reg       |  16|   0|   16|          0|
    |ap_return_14_int_reg       |  16|   0|   16|          0|
    |ap_return_15_int_reg       |  16|   0|   16|          0|
    |ap_return_16_int_reg       |  16|   0|   16|          0|
    |ap_return_17_int_reg       |  16|   0|   16|          0|
    |ap_return_18_int_reg       |  16|   0|   16|          0|
    |ap_return_19_int_reg       |  16|   0|   16|          0|
    |ap_return_1_int_reg        |  16|   0|   16|          0|
    |ap_return_20_int_reg       |  16|   0|   16|          0|
    |ap_return_21_int_reg       |  16|   0|   16|          0|
    |ap_return_22_int_reg       |  16|   0|   16|          0|
    |ap_return_23_int_reg       |  16|   0|   16|          0|
    |ap_return_24_int_reg       |  16|   0|   16|          0|
    |ap_return_25_int_reg       |  16|   0|   16|          0|
    |ap_return_26_int_reg       |  16|   0|   16|          0|
    |ap_return_27_int_reg       |  16|   0|   16|          0|
    |ap_return_28_int_reg       |  16|   0|   16|          0|
    |ap_return_29_int_reg       |  16|   0|   16|          0|
    |ap_return_2_int_reg        |  16|   0|   16|          0|
    |ap_return_30_int_reg       |  16|   0|   16|          0|
    |ap_return_31_int_reg       |  16|   0|   16|          0|
    |ap_return_3_int_reg        |  16|   0|   16|          0|
    |ap_return_4_int_reg        |  16|   0|   16|          0|
    |ap_return_5_int_reg        |  16|   0|   16|          0|
    |ap_return_6_int_reg        |  16|   0|   16|          0|
    |ap_return_7_int_reg        |  16|   0|   16|          0|
    |ap_return_8_int_reg        |  16|   0|   16|          0|
    |ap_return_9_int_reg        |  16|   0|   16|          0|
    |data_54_V_read_2_reg_6066  |  11|   0|   11|          0|
    |mult_1729_V_reg_6071       |  13|   0|   13|          0|
    |mult_1760_V_reg_6076       |  13|   0|   13|          0|
    |sext_ln703_79_reg_6088     |  15|   0|   15|          0|
    +---------------------------+----+----+-----+-----------+
    |Total                      | 913|   0|  913|          0|
    +---------------------------+----+----+-----+-----------+



================================================================
== Interface
================================================================
* Summary: 
+----------------+-----+-----+------------+------------------------+--------------+
|    RTL Ports   | Dir | Bits|  Protocol  |      Source Object     |    C Type    |
+----------------+-----+-----+------------+------------------------+--------------+
|ap_clk          |  in |    1| ap_ctrl_hs | dense_latency.0.0.0..3 | return value |
|ap_rst          |  in |    1| ap_ctrl_hs | dense_latency.0.0.0..3 | return value |
|ap_return_0     | out |   16| ap_ctrl_hs | dense_latency.0.0.0..3 | return value |
|ap_return_1     | out |   16| ap_ctrl_hs | dense_latency.0.0.0..3 | return value |
|ap_return_2     | out |   16| ap_ctrl_hs | dense_latency.0.0.0..3 | return value |
|ap_return_3     | out |   16| ap_ctrl_hs | dense_latency.0.0.0..3 | return value |
|ap_return_4     | out |   16| ap_ctrl_hs | dense_latency.0.0.0..3 | return value |
|ap_return_5     | out |   16| ap_ctrl_hs | dense_latency.0.0.0..3 | return value |
|ap_return_6     | out |   16| ap_ctrl_hs | dense_latency.0.0.0..3 | return value |
|ap_return_7     | out |   16| ap_ctrl_hs | dense_latency.0.0.0..3 | return value |
|ap_return_8     | out |   16| ap_ctrl_hs | dense_latency.0.0.0..3 | return value |
|ap_return_9     | out |   16| ap_ctrl_hs | dense_latency.0.0.0..3 | return value |
|ap_return_10    | out |   16| ap_ctrl_hs | dense_latency.0.0.0..3 | return value |
|ap_return_11    | out |   16| ap_ctrl_hs | dense_latency.0.0.0..3 | return value |
|ap_return_12    | out |   16| ap_ctrl_hs | dense_latency.0.0.0..3 | return value |
|ap_return_13    | out |   16| ap_ctrl_hs | dense_latency.0.0.0..3 | return value |
|ap_return_14    | out |   16| ap_ctrl_hs | dense_latency.0.0.0..3 | return value |
|ap_return_15    | out |   16| ap_ctrl_hs | dense_latency.0.0.0..3 | return value |
|ap_return_16    | out |   16| ap_ctrl_hs | dense_latency.0.0.0..3 | return value |
|ap_return_17    | out |   16| ap_ctrl_hs | dense_latency.0.0.0..3 | return value |
|ap_return_18    | out |   16| ap_ctrl_hs | dense_latency.0.0.0..3 | return value |
|ap_return_19    | out |   16| ap_ctrl_hs | dense_latency.0.0.0..3 | return value |
|ap_return_20    | out |   16| ap_ctrl_hs | dense_latency.0.0.0..3 | return value |
|ap_return_21    | out |   16| ap_ctrl_hs | dense_latency.0.0.0..3 | return value |
|ap_return_22    | out |   16| ap_ctrl_hs | dense_latency.0.0.0..3 | return value |
|ap_return_23    | out |   16| ap_ctrl_hs | dense_latency.0.0.0..3 | return value |
|ap_return_24    | out |   16| ap_ctrl_hs | dense_latency.0.0.0..3 | return value |
|ap_return_25    | out |   16| ap_ctrl_hs | dense_latency.0.0.0..3 | return value |
|ap_return_26    | out |   16| ap_ctrl_hs | dense_latency.0.0.0..3 | return value |
|ap_return_27    | out |   16| ap_ctrl_hs | dense_latency.0.0.0..3 | return value |
|ap_return_28    | out |   16| ap_ctrl_hs | dense_latency.0.0.0..3 | return value |
|ap_return_29    | out |   16| ap_ctrl_hs | dense_latency.0.0.0..3 | return value |
|ap_return_30    | out |   16| ap_ctrl_hs | dense_latency.0.0.0..3 | return value |
|ap_return_31    | out |   16| ap_ctrl_hs | dense_latency.0.0.0..3 | return value |
|ap_ce           |  in |    1| ap_ctrl_hs | dense_latency.0.0.0..3 | return value |
|data_0_V_read   |  in |   11|   ap_none  |      data_0_V_read     |    scalar    |
|data_1_V_read   |  in |   11|   ap_none  |      data_1_V_read     |    scalar    |
|data_2_V_read   |  in |   11|   ap_none  |      data_2_V_read     |    scalar    |
|data_3_V_read   |  in |   11|   ap_none  |      data_3_V_read     |    scalar    |
|data_4_V_read   |  in |   11|   ap_none  |      data_4_V_read     |    scalar    |
|data_5_V_read   |  in |   11|   ap_none  |      data_5_V_read     |    scalar    |
|data_6_V_read   |  in |   11|   ap_none  |      data_6_V_read     |    scalar    |
|data_7_V_read   |  in |   11|   ap_none  |      data_7_V_read     |    scalar    |
|data_8_V_read   |  in |   11|   ap_none  |      data_8_V_read     |    scalar    |
|data_9_V_read   |  in |   11|   ap_none  |      data_9_V_read     |    scalar    |
|data_10_V_read  |  in |   11|   ap_none  |     data_10_V_read     |    scalar    |
|data_11_V_read  |  in |   11|   ap_none  |     data_11_V_read     |    scalar    |
|data_12_V_read  |  in |   11|   ap_none  |     data_12_V_read     |    scalar    |
|data_13_V_read  |  in |   11|   ap_none  |     data_13_V_read     |    scalar    |
|data_14_V_read  |  in |   11|   ap_none  |     data_14_V_read     |    scalar    |
|data_15_V_read  |  in |   11|   ap_none  |     data_15_V_read     |    scalar    |
|data_16_V_read  |  in |   11|   ap_none  |     data_16_V_read     |    scalar    |
|data_17_V_read  |  in |   11|   ap_none  |     data_17_V_read     |    scalar    |
|data_18_V_read  |  in |   11|   ap_none  |     data_18_V_read     |    scalar    |
|data_19_V_read  |  in |   11|   ap_none  |     data_19_V_read     |    scalar    |
|data_20_V_read  |  in |   11|   ap_none  |     data_20_V_read     |    scalar    |
|data_21_V_read  |  in |   11|   ap_none  |     data_21_V_read     |    scalar    |
|data_22_V_read  |  in |   11|   ap_none  |     data_22_V_read     |    scalar    |
|data_23_V_read  |  in |   11|   ap_none  |     data_23_V_read     |    scalar    |
|data_24_V_read  |  in |   11|   ap_none  |     data_24_V_read     |    scalar    |
|data_25_V_read  |  in |   11|   ap_none  |     data_25_V_read     |    scalar    |
|data_26_V_read  |  in |   11|   ap_none  |     data_26_V_read     |    scalar    |
|data_27_V_read  |  in |   11|   ap_none  |     data_27_V_read     |    scalar    |
|data_28_V_read  |  in |   11|   ap_none  |     data_28_V_read     |    scalar    |
|data_29_V_read  |  in |   11|   ap_none  |     data_29_V_read     |    scalar    |
|data_30_V_read  |  in |   11|   ap_none  |     data_30_V_read     |    scalar    |
|data_31_V_read  |  in |   11|   ap_none  |     data_31_V_read     |    scalar    |
|data_32_V_read  |  in |   11|   ap_none  |     data_32_V_read     |    scalar    |
|data_33_V_read  |  in |   11|   ap_none  |     data_33_V_read     |    scalar    |
|data_34_V_read  |  in |   11|   ap_none  |     data_34_V_read     |    scalar    |
|data_35_V_read  |  in |   11|   ap_none  |     data_35_V_read     |    scalar    |
|data_36_V_read  |  in |   11|   ap_none  |     data_36_V_read     |    scalar    |
|data_37_V_read  |  in |   11|   ap_none  |     data_37_V_read     |    scalar    |
|data_38_V_read  |  in |   11|   ap_none  |     data_38_V_read     |    scalar    |
|data_39_V_read  |  in |   11|   ap_none  |     data_39_V_read     |    scalar    |
|data_40_V_read  |  in |   11|   ap_none  |     data_40_V_read     |    scalar    |
|data_41_V_read  |  in |   11|   ap_none  |     data_41_V_read     |    scalar    |
|data_42_V_read  |  in |   11|   ap_none  |     data_42_V_read     |    scalar    |
|data_43_V_read  |  in |   11|   ap_none  |     data_43_V_read     |    scalar    |
|data_44_V_read  |  in |   11|   ap_none  |     data_44_V_read     |    scalar    |
|data_45_V_read  |  in |   11|   ap_none  |     data_45_V_read     |    scalar    |
|data_46_V_read  |  in |   11|   ap_none  |     data_46_V_read     |    scalar    |
|data_47_V_read  |  in |   11|   ap_none  |     data_47_V_read     |    scalar    |
|data_48_V_read  |  in |   11|   ap_none  |     data_48_V_read     |    scalar    |
|data_49_V_read  |  in |   11|   ap_none  |     data_49_V_read     |    scalar    |
|data_50_V_read  |  in |   11|   ap_none  |     data_50_V_read     |    scalar    |
|data_51_V_read  |  in |   11|   ap_none  |     data_51_V_read     |    scalar    |
|data_52_V_read  |  in |   11|   ap_none  |     data_52_V_read     |    scalar    |
|data_53_V_read  |  in |   11|   ap_none  |     data_53_V_read     |    scalar    |
|data_54_V_read  |  in |   11|   ap_none  |     data_54_V_read     |    scalar    |
|data_55_V_read  |  in |   11|   ap_none  |     data_55_V_read     |    scalar    |
|data_56_V_read  |  in |   11|   ap_none  |     data_56_V_read     |    scalar    |
|data_57_V_read  |  in |   11|   ap_none  |     data_57_V_read     |    scalar    |
|data_58_V_read  |  in |   11|   ap_none  |     data_58_V_read     |    scalar    |
|data_59_V_read  |  in |   11|   ap_none  |     data_59_V_read     |    scalar    |
|data_60_V_read  |  in |   11|   ap_none  |     data_60_V_read     |    scalar    |
|data_61_V_read  |  in |   11|   ap_none  |     data_61_V_read     |    scalar    |
|data_62_V_read  |  in |   11|   ap_none  |     data_62_V_read     |    scalar    |
|data_63_V_read  |  in |   11|   ap_none  |     data_63_V_read     |    scalar    |
+----------------+-----+-----+------------+------------------------+--------------+

