

================================================================
== Vivado HLS Report for 'normalize_0_0_0_0_0_s'
================================================================
* Date:           Thu Nov 26 15:34:19 2020

* Version:        2020.1 (Build 2897737 on Wed May 27 20:21:37 MDT 2020)
* Project:        myproject_prj
* Solution:       solution1
* Product family: kintexu
* Target device:  xcku115-flvb2104-2-i


================================================================
== Performance Estimates
================================================================
+ Timing: 
    * Summary: 
    +--------+----------+----------+------------+
    |  Clock |  Target  | Estimated| Uncertainty|
    +--------+----------+----------+------------+
    |ap_clk  | 12.50 ns | 3.792 ns |   1.56 ns  |
    +--------+----------+----------+------------+

+ Latency: 
    * Summary: 
    +---------+---------+----------+----------+-----+-----+----------+
    |  Latency (cycles) |  Latency (absolute) |  Interval | Pipeline |
    |   min   |   max   |    min   |    max   | min | max |   Type   |
    +---------+---------+----------+----------+-----+-----+----------+
    |        0|        0|   0 ns   |   0 ns   |    1|    1| function |
    +---------+---------+----------+----------+-----+-----+----------+

    + Detail: 
        * Instance: 
        N/A

        * Loop: 
        N/A



================================================================
== Utilization Estimates
================================================================
* Summary: 
+---------------------+---------+-------+---------+--------+-----+
|         Name        | BRAM_18K| DSP48E|    FF   |   LUT  | URAM|
+---------------------+---------+-------+---------+--------+-----+
|DSP                  |        -|      -|        -|       -|    -|
|Expression           |        -|      0|        0|     460|    -|
|FIFO                 |        -|      -|        -|       -|    -|
|Instance             |        -|      -|        -|       -|    -|
|Memory               |        -|      -|        -|       -|    -|
|Multiplexer          |        -|      -|        -|       -|    -|
|Register             |        -|      -|        -|       -|    -|
+---------------------+---------+-------+---------+--------+-----+
|Total                |        0|      0|        0|     460|    0|
+---------------------+---------+-------+---------+--------+-----+
|Available SLR        |     2160|   2760|   663360|  331680|    0|
+---------------------+---------+-------+---------+--------+-----+
|Utilization SLR (%)  |        0|      0|        0|   ~0   |  100|
+---------------------+---------+-------+---------+--------+-----+
|Available            |     4320|   5520|  1326720|  663360|    0|
+---------------------+---------+-------+---------+--------+-----+
|Utilization (%)      |        0|      0|        0|   ~0   |    0|
+---------------------+---------+-------+---------+--------+-----+

+ Detail: 
    * Instance: 
    N/A

    * DSP48E: 
    N/A

    * Memory: 
    N/A

    * FIFO: 
    N/A

    * Expression: 
    +-------------------------+----------+-------+---+----+------------+------------+
    |      Variable Name      | Operation| DSP48E| FF| LUT| Bitwidth P0| Bitwidth P1|
    +-------------------------+----------+-------+---+----+------------+------------+
    |mul_ln731_1_fu_104_p2    |     *    |      0|  0|  17|           5|           5|
    |mul_ln731_2_fu_114_p2    |     *    |      0|  0|  30|           7|           5|
    |mul_ln731_3_fu_109_p2    |     *    |      0|  0|  17|           5|           5|
    |mul_ln731_4_fu_107_p2    |     *    |      0|  0|  30|           7|           5|
    |mul_ln731_5_fu_111_p2    |     *    |      0|  0|  17|           5|           5|
    |mul_ln731_6_fu_112_p2    |     *    |      0|  0|  30|           7|           5|
    |mul_ln731_7_fu_106_p2    |     *    |      0|  0|  17|           5|           5|
    |mul_ln731_fu_108_p2      |     *    |      0|  0|  30|           7|           5|
    |add_ln731_10_fu_996_p2   |     +    |      0|  0|  16|          11|          13|
    |add_ln731_11_fu_1029_p2  |     +    |      0|  0|  17|          10|          10|
    |add_ln731_1_fu_624_p2    |     +    |      0|  0|  16|          11|          13|
    |add_ln731_2_fu_657_p2    |     +    |      0|  0|  17|          10|          10|
    |add_ln731_3_fu_690_p2    |     +    |      0|  0|  19|          12|          12|
    |add_ln731_4_fu_748_p2    |     +    |      0|  0|  16|          11|          13|
    |add_ln731_5_fu_781_p2    |     +    |      0|  0|  17|          10|          10|
    |add_ln731_6_fu_814_p2    |     +    |      0|  0|  19|          12|          12|
    |add_ln731_7_fu_872_p2    |     +    |      0|  0|  16|          11|          13|
    |add_ln731_8_fu_905_p2    |     +    |      0|  0|  17|          10|          10|
    |add_ln731_9_fu_938_p2    |     +    |      0|  0|  19|          12|          12|
    |add_ln731_fu_566_p2      |     +    |      0|  0|  19|          12|          12|
    |sub_ln731_1_fu_742_p2    |     -    |      0|  0|  16|          13|          13|
    |sub_ln731_2_fu_866_p2    |     -    |      0|  0|  16|          13|          13|
    |sub_ln731_3_fu_990_p2    |     -    |      0|  0|  16|          13|          13|
    |sub_ln731_fu_618_p2      |     -    |      0|  0|  16|          13|          13|
    +-------------------------+----------+-------+---+----+------------+------------+
    |Total                    |          |      0|  0| 460|         232|         232|
    +-------------------------+----------+-------+---+----+------------+------------+

    * Multiplexer: 
    N/A

    * Register: 
    N/A



================================================================
== Interface
================================================================
* Summary: 
+--------------+-----+-----+------------+----------------------+--------------+
|   RTL Ports  | Dir | Bits|  Protocol  |     Source Object    |    C Type    |
+--------------+-----+-----+------------+----------------------+--------------+
|ap_ready      | out |    1| ap_ctrl_hs | normalize.0.0.0.0.0. | return value |
|ap_return_0   | out |   16| ap_ctrl_hs | normalize.0.0.0.0.0. | return value |
|ap_return_1   | out |   16| ap_ctrl_hs | normalize.0.0.0.0.0. | return value |
|ap_return_2   | out |   16| ap_ctrl_hs | normalize.0.0.0.0.0. | return value |
|ap_return_3   | out |   16| ap_ctrl_hs | normalize.0.0.0.0.0. | return value |
|ap_return_4   | out |   16| ap_ctrl_hs | normalize.0.0.0.0.0. | return value |
|ap_return_5   | out |   16| ap_ctrl_hs | normalize.0.0.0.0.0. | return value |
|ap_return_6   | out |   16| ap_ctrl_hs | normalize.0.0.0.0.0. | return value |
|ap_return_7   | out |   16| ap_ctrl_hs | normalize.0.0.0.0.0. | return value |
|ap_return_8   | out |   16| ap_ctrl_hs | normalize.0.0.0.0.0. | return value |
|ap_return_9   | out |   16| ap_ctrl_hs | normalize.0.0.0.0.0. | return value |
|ap_return_10  | out |   16| ap_ctrl_hs | normalize.0.0.0.0.0. | return value |
|ap_return_11  | out |   16| ap_ctrl_hs | normalize.0.0.0.0.0. | return value |
|data_V_read   |  in |   60|   ap_none  |      data_V_read     |    scalar    |
+--------------+-----+-----+------------+----------------------+--------------+

